 FreePcb

 Timestamp is 5fb7c482 (Fri Nov 20 18:28:34 2020)

 Preferred load address is 00400000

 Start         Length     Name                   Class
 0001:00000000 001404caH .textbss                DATA
 0002:00000000 00270826H .text                   CODE
 0002:00270830 0001b4a2H .text$x                 CODE
 0002:0028bce0 00002154H .text$yc                CODE
 0002:0028de40 000018e8H .text$yd                CODE
 0003:00000000 00000104H .CRT$XCA                DATA
 0003:00000104 00000104H .CRT$XCAA               DATA
 0003:00000208 0000010eH .CRT$XCC                DATA
 0003:00000318 0000018aH .CRT$XCL                DATA
 0003:000004a4 000001b0H .CRT$XCU                DATA
 0003:00000654 00000104H .CRT$XCZ                DATA
 0003:00000758 00000104H .CRT$XIA                DATA
 0003:0000085c 00000104H .CRT$XIAA               DATA
 0003:00000960 00000104H .CRT$XIC                DATA
 0003:00000a64 00000104H .CRT$XIY                DATA
 0003:00000b68 00000104H .CRT$XIZ                DATA
 0003:00000c70 0002741bH .rdata                  DATA
 0003:0002808c 00000176H .rdata$debug            DATA
 0003:00028204 0000304aH .rdata$r                DATA
 0003:0002b250 00000104H .rtc$IAA                DATA
 0003:0002b354 00000314H .rtc$IMZ                DATA
 0003:0002b668 00000104H .rtc$IZZ                DATA
 0003:0002b76c 00000104H .rtc$TAA                DATA
 0003:0002b870 00000314H .rtc$TMZ                DATA
 0003:0002bb84 00000104H .rtc$TZZ                DATA
 0003:0002bc88 00010307H .xdata$x                DATA
 0003:0003bf90 00000104H ATL$__a                 DATA
 0003:0003c094 00000104H ATL$__z                 DATA
 0003:0003c198 00000000H .edata                  DATA
 0004:00000000 00013210H .data                   DATA
 0004:00013210 001349ecH .bss                    DATA
 0005:00000000 000000c8H .idata$2                DATA
 0005:000000c8 00000014H .idata$3                DATA
 0005:000000dc 000013b8H .idata$4                DATA
 0005:00001494 000013b8H .idata$5                DATA
 0005:0000284c 00001338H .idata$6                DATA
 0006:00000000 00001960H .rsrc$01                DATA
 0006:00001960 000af176H .rsrc$02                DATA

  Address         Publics by Value              Rva+Base       Lib:Object

 0000:00000000       ___safe_se_handler_table   00000000     <absolute>
 0000:00000000       ___safe_se_handler_count   00000000     <absolute>
 0000:00000000       __except_list              00000000     <absolute>
 0000:00009876       __ldused                   00009876     <absolute>
 0000:00009876       __fltused                  00009876     <absolute>
 0000:00000000       ___ImageBase               00400000     <linker-defined>
 0001:00000000       __enc$textbss$begin        00401000     <linker-defined>
 0001:001404ca       __enc$textbss$end          005414ca     <linker-defined>
 0002:0000b850       ?AfxAssertFailedLine@@YGHPBDH@Z 0054d850 f   afxasert.obj
 0002:0000b940       ??0Cuid@@QAE@XZ            0054d940 f   Cuid.obj
 0002:0000ba60       ?GetNewUID@Cuid@@QAEHXZ    0054da60 f   Cuid.obj
 0002:0000bc40       ?ReleaseUID@Cuid@@QAEXI@Z  0054dc40 f   Cuid.obj
 0002:0000bd30       ??0DRError@@QAE@XZ         0054dd30 f   DesignRules.obj
 0002:0000be80       ??1DRError@@QAE@XZ         0054de80 f   DesignRules.obj
 0002:0000bfc0       ??0DRErrorList@@QAE@XZ     0054dfc0 f   DesignRules.obj
 0002:0000c030       ??1DRErrorList@@QAE@XZ     0054e030 f   DesignRules.obj
 0002:0000c0e0       ?SetLists@DRErrorList@@QAEXPAVCPartList@@PAVCNetList@@PAVCDisplayList@@PAVCTextList@@PAV?$CArray@VCPolyLine@@ABV1@@@@Z 0054e0e0 f   DesignRules.obj
 0002:0000c150       ?Clear@DRErrorList@@QAEXXZ 0054e150 f   DesignRules.obj
 0002:0000c220       ??_GDRError@@QAEPAXI@Z     0054e220 f i DesignRules.obj
 0002:0000c290       ?Remove@DRErrorList@@QAEXPAVDRError@@@Z 0054e290 f   DesignRules.obj
 0002:0000c360       ?Add@DRErrorList@@QAEPAVDRError@@JHPAV?$CStringT@DV?$StrTraitMFC_DLL@DV?$ChTraitsCRT@D@ATL@@@@@ATL@@00Vid@@1HHHHHH@Z 0054e360 f   DesignRules.obj
 0002:0000c730       ??0?$CArray@PAVCText@@ABQAV1@@@QAE@XZ 0054e730 f i TextList.obj
 0002:0000c820       ?GetPadElement@@YAPAVdl_element@@PAVpart_pin@@H@Z 0054e820 f   DesignRules.obj
 0002:0000c900       ?HighLight@DRErrorList@@QAEXPAVDRError@@@Z 0054e900 f   DesignRules.obj
 0002:0000ce00       ?Dump@?$CArray@PAVCText@@ABQAV1@@@UBEXAAVCDumpContext@@@Z 0054ee00 f i TextList.obj
 0002:0000ceb0       ?DoMessageBox@CFreePcbApp@@UAEHPBDII@Z 0054eeb0 f   FreePcb.obj
 0002:0000cf40       ?MakeSolidCircles@DRErrorList@@QAEXXZ 0054ef40 f   DesignRules.obj
 0002:0000d0c0       ?MakeHollowCircles@DRErrorList@@QAEXXZ 0054f0c0 f   DesignRules.obj
 0002:0000d2c0       ?GetSize@?$CArray@PAVdl_element@@ABQAV1@@@QBEHXZ 0054f2c0 f i DesignRules.obj
 0002:0000d300       ??A?$CArray@PAVdl_element@@ABQAV1@@@QAEAAPAVdl_element@@H@Z 0054f300 f i DesignRules.obj
 0002:0000d360       ?GetSize@?$CArray@VCPolyLine@@ABV1@@@QBEHXZ 0054f360 f i DesignRules.obj
 0002:0000d3a0       ?GetAt@?$CArray@VCPolyLine@@ABV1@@@QAEAAVCPolyLine@@H@Z 0054f3a0 f i DesignRules.obj
 0002:0000d450       ?GetSize@?$CArray@Vpart_pin@@ABV1@@@QBEHXZ 0054f450 f i DesignRules.obj
 0002:0000d490       ??A?$CArray@Vpart_pin@@ABV1@@@QAEAAVpart_pin@@H@Z 0054f490 f i DesignRules.obj
 0002:0000d4f0       ??A?$CArray@Vcseg@@ABV1@@@QAEAAVcseg@@H@Z 0054f4f0 f i DesignRules.obj
 0002:0000d550       ??A?$CArray@Vcconnect@@ABV1@@@QAEAAVcconnect@@H@Z 0054f550 f i DesignRules.obj
 0002:0000d5b0       ??A?$CArray@Vcarea@@V1@@@QAEAAVcarea@@H@Z 0054f5b0 f i DesignRules.obj
 0002:0000d610       ?ElementAt@?$CArray@PAVdl_element@@ABQAV1@@@QAEAAPAVdl_element@@H@Z 0054f610 f i DesignRules.obj
 0002:0000d6c0       ?ElementAt@?$CArray@Vpart_pin@@ABV1@@@QAEAAVpart_pin@@H@Z 0054f6c0 f i DesignRules.obj
 0002:0000d770       ?ElementAt@?$CArray@Vcseg@@ABV1@@@QAEAAVcseg@@H@Z 0054f770 f i DesignRules.obj
 0002:0000d820       ?ElementAt@?$CArray@Vcconnect@@ABV1@@@QAEAAVcconnect@@H@Z 0054f820 f i DesignRules.obj
 0002:0000d8d0       ?ElementAt@?$CArray@Vcarea@@V1@@@QAEAAVcarea@@H@Z 0054f8d0 f i DesignRules.obj
 0002:0000d980       ??0id@@QAE@HHHHH@Z         0054f980 f i DesignRules.obj
 0002:0000da00       ??0CDisplayList@@QAE@XZ    0054fa00 f   DisplayList.obj
 0002:0000dcb0       ??ACRecentFileList@@QAEAAV?$CStringT@DV?$StrTraitMFC_DLL@DV?$ChTraitsCRT@D@ATL@@@@@ATL@@H@Z 0054fcb0 f i FreePcb.obj
 0002:0000dd50       ??0dl_element@@QAE@XZ      0054fd50 f i DisplayList.obj
 0002:0000ddc0       ??1dl_element@@QAE@XZ      0054fdc0 f i DisplayList.obj
 0002:0000de20       ??1CDisplayList@@QAE@XZ    0054fe20 f   DisplayList.obj
 0002:0000dee0       ?RemoveAll@CDisplayList@@QAEXXZ 0054fee0 f   DisplayList.obj
 0002:0000e020       ?SetMapping@CDisplayList@@QAEXPAVCRect@@0HHNHH@Z 00550020 f   DisplayList.obj
 0002:0000e390       ?AddSelector@CDisplayList@@QAEPAVdl_element@@Vid@@PAXHHPAUtagRECT@@HPAVCPoint@@HH@Z 00550390 f   DisplayList.obj
 0002:0000e460       ?AddSelector@CDisplayList@@QAEXPAVdl_element@@@Z 00550460 f   DisplayList.obj
 0002:0000e4c0       ?Add@CDisplayList@@QAEPAVdl_element@@Vid@@PAXHHHPAUtagRECT@@HPAVCPoint@@HH@Z 005504c0 f   DisplayList.obj
 0002:0000e860       ??$DumpElements@PAVCText@@@@YGXAAVCDumpContext@@PBQAVCText@@H@Z 00550860 f i TextList.obj
 0002:0000e950       ?HighLight@CDisplayList@@QAEXPAVdl_element@@@Z 00550950 f   DisplayList.obj
 0002:0000e9b0       ?HighlightAll@CDisplayList@@QAEHXZ 005509b0 f   DisplayList.obj
 0002:0000ea30       ?GetHighlightedBounds@CDisplayList@@QAE?AUtagRECT@@PAH@Z 00550a30 f   DisplayList.obj
 0002:0000ecf0       ?Cpy@CDisplayList@@QAEPAVdl_element@@PAV2@@Z 00550cf0 f   DisplayList.obj
 0002:0000eea0       ?Move@CDisplayList@@QAEXPAVdl_element@@HH@Z 00550ea0 f   DisplayList.obj
 0002:0000ef80       ?Get_Start@CDisplayList@@QAEPAVdl_element@@XZ 00550f80 f   DisplayList.obj
 0002:0000efc0       ?Get_End@CDisplayList@@QAEPAVdl_element@@XZ 00550fc0 f   DisplayList.obj
 0002:0000f000       ?Get_Rect@CDisplayList@@QAEPAUtagRECT@@PAVdl_element@@PAU2@@Z 00551000 f   DisplayList.obj
 0002:0000f0a0       ?Get_Points@CDisplayList@@QAEPAV?$CArray@VCPoint@@ABV1@@@PAVdl_element@@PAVCPoint@@PAHHH@Z 005510a0 f   DisplayList.obj
 0002:0000f1f0       ?Get_el_w@CDisplayList@@QAEHPAVdl_element@@@Z 005511f0 f   DisplayList.obj
 0002:0000f240       ?Get_Selected@CDisplayList@@QAEHXZ 00551240 f   DisplayList.obj
 0002:0000f2e0       ?Set_RectGroup@CDisplayList@@QAEXPAVdl_element@@HHHH@Z 005512e0 f   DisplayList.obj
 0002:0000f370       ?Get_RectGroup@CDisplayList@@QAEHPAVdl_element@@PAUtagRECT@@@Z 00551370 f   DisplayList.obj
 0002:0000f420       ?Get_Endpoints@CDisplayList@@QAEXPAVCPoint@@0@Z 00551420 f   DisplayList.obj
 0002:0000f4c0       ?Remove@CDisplayList@@QAE?AVid@@PAVdl_element@@@Z 005514c0 f   DisplayList.obj
 0002:0000f690       ??_Gdl_element@@QAEPAXI@Z  00551690 f i DisplayList.obj
 0002:00012fa0       ?RemoveAt@?$CArray@PAVCText@@ABQAV1@@@QAEXHH@Z 00554fa0 f i TextList.obj
 0002:00013100       ?SetSize@?$CArray@PAVCText@@ABQAV1@@@QAEXHH@Z 00555100 f i TextList.obj
 0002:00013570       ??$SerializeElements@PAVCText@@@@YGXAAVCArchive@@PAPAVCText@@H@Z 00555570 f i TextList.obj
 0002:00013700       ?OnHelpFpcRoute@CFreePcbApp@@QAEXXZ 00555700 f   FreePcb.obj
 0002:00013810       ?OnProjectCombineNets@CFreePcbDoc@@QAEXXZ 00555810 f   FreePcbDoc.obj
 0002:00013dd0       ??_H@YGXPAXIHP6EPAX0@Z@Z   00555dd0 f i DisplayList.obj
 0002:00013e40       ?SetLayerRGB@CDisplayList@@QAEXHHHH@Z 00555e40 f   DisplayList.obj
 0002:00013ec0       ?SetLayerVisible@CDisplayList@@QAEXHH@Z 00555ec0 f   DisplayList.obj
 0002:00013f10       ?TestSelect@CDisplayList@@QAEPAXHHPAVid@@PAH0PAX0H@Z 00555f10 f   DisplayList.obj
 0002:00015290       ??_Fid@@QAEXXZ             00557290 f i DisplayList.obj
 0002:000152f0       ?StartDraggingArray@CDisplayList@@QAEHPAVCDC@@HHH@Z 005572f0 f   DisplayList.obj
 0002:000153f0       ?StartDraggingRectangle@CDisplayList@@QAEHPAVCDC@@HHHHHHH@Z 005573f0 f   DisplayList.obj
 0002:000155a0       ?StartDraggingRatLine@CDisplayList@@QAEHPAVCDC@@HHHHHHH@Z 005575a0 f   DisplayList.obj
 0002:000156b0       ?SetDragArcStyle@CDisplayList@@QAEXH@Z 005576b0 f   DisplayList.obj
 0002:00015740       ?StartDraggingArc@CDisplayList@@QAEHPAVCDC@@HHHHHHHH@Z 00557740 f   DisplayList.obj
 0002:000158b0       ?StartDraggingLine@CDisplayList@@QAEHPAVCDC@@HHHHHHHHHHHH@Z 005578b0 f   DisplayList.obj
 0002:00015a50       ?StartDraggingLineVertex@CDisplayList@@QAEHPAVCDC@@HHHHHHHHHHHHHHHHH@Z 00557a50 f   DisplayList.obj
 0002:00015cb0       ?StartDraggingLineSegment@CDisplayList@@QAEHPAVCDC@@HHHHHHHHHHHHHHHHHHHHHHH@Z 00557cb0 f   DisplayList.obj
 0002:00015f50       ?Drag@CDisplayList@@QAEXPAVCDC@@HH@Z 00557f50 f   DisplayList.obj
 0002:00018720       ?StopDragging@CDisplayList@@QAEHXZ 0055a720 f   DisplayList.obj
 0002:000187b0       ?ChangeRoutingLayer@CDisplayList@@QAEXPAVCDC@@HHH@Z 0055a7b0 f   DisplayList.obj
 0002:00018f80       ?IncrementDragAngle@CDisplayList@@QAEXPAVCDC@@@Z 0055af80 f   DisplayList.obj
 0002:00019520       ?FlipDragSide@CDisplayList@@QAEXPAVCDC@@@Z 0055b520 f   DisplayList.obj
 0002:00019af0       ?GetDragSide@CDisplayList@@QAEHXZ 0055baf0 f   DisplayList.obj
 0002:00019b30       ?GetDragAngle@CDisplayList@@QAEHXZ 0055bb30 f   DisplayList.obj
 0002:00019b70       ?MakeDragLineArray@CDisplayList@@QAEHH@Z 0055bb70 f   DisplayList.obj
 0002:00019c50       ?MakeDragRatlineArray@CDisplayList@@QAEHHH@Z 0055bc50 f   DisplayList.obj
 0002:00019dc0       ?AddDragLine@CDisplayList@@QAEHVCPoint@@0@Z 0055bdc0 f   DisplayList.obj
 0002:00019ef0       ?AddDragRatline@CDisplayList@@QAEHVCPoint@@0@Z 0055bef0 f   DisplayList.obj
 0002:0001a010       ?CancelHighLight@CDisplayList@@QAEHH@Z 0055c010 f   DisplayList.obj
 0002:0001a160       ?SetDCToWorldCoords@CDisplayList@@QAEXPAVCDC@@00HH@Z 0055c160 f   DisplayList.obj
 0002:0001a540       ?SetVisibleGrid@CDisplayList@@QAEXHN@Z 0055c540 f   DisplayList.obj
 0002:0001a5a0       ?SetStatic@CDisplayList@@QAEXH@Z 0055c5a0 f   DisplayList.obj
 0002:0001a690       ?SetUpCrosshairs@CDisplayList@@QAEXHHH@Z 0055c690 f   DisplayList.obj
 0002:0001a9c0       ?WindowToPCB@CDisplayList@@QAE?AVCPoint@@V2@@Z 0055c9c0 f   DisplayList.obj
 0002:0001ab00       ?ScreenToPCB@CDisplayList@@QAE?AVCPoint@@V2@@Z 0055cb00 f   DisplayList.obj
 0002:0001abf0       ?PCBToScreen@CDisplayList@@QAE?AVCPoint@@V2@@Z 0055cbf0 f   DisplayList.obj
 0002:0001ad40       ?GetWindowRect@CDisplayList@@QAE?AUtagRECT@@XZ 0055cd40 f   DisplayList.obj
 0002:0001ae30       ??0?$CArray@VCPoint@@ABV1@@@QAE@XZ 0055ce30 f i DisplayList.obj
 0002:0001aec0       ?GetSize@?$CArray@VCPoint@@ABV1@@@QBEHXZ 0055cec0 f i DisplayList.obj
 0002:0001af00       ??A?$CArray@VCPoint@@ABV1@@@QAEAAVCPoint@@H@Z 0055cf00 f i DisplayList.obj
 0002:0001af60       ?ElementAt@?$CArray@VCPoint@@ABV1@@@QAEAAVCPoint@@H@Z 0055cf60 f i DisplayList.obj
 0002:0001b010       ??8@YAHVid@@0@Z            0055d010 f i DisplayList.obj
 0002:0001b0a0       ??1?$CArray@VCPoint@@ABV1@@@UAE@XZ 0055d0a0 f i DisplayList.obj
 0002:0001b1b0       ?Serialize@?$CArray@VCPoint@@ABV1@@@UAEXAAVCArchive@@@Z 0055d1b0 f i DisplayList.obj
 0002:0001b280       ?Dump@?$CArray@VCPoint@@ABV1@@@UBEXAAVCDumpContext@@@Z 0055d280 f i DisplayList.obj
 0002:0001b360       ?AssertValid@?$CArray@VCPoint@@ABV1@@@UBEXXZ 0055d360 f i DisplayList.obj
 0002:0001b4c0       ??_G?$CArray@VCPoint@@ABV1@@@UAEPAXI@Z 0055d4c0 f i DisplayList.obj
 0002:0001b4c0       ??_E?$CArray@VCPoint@@ABV1@@@UAEPAXI@Z 0055d4c0 f i DisplayList.obj
 0002:0001b530       ?SetSize@?$CArray@VCPoint@@ABV1@@@QAEXHH@Z 0055d530 f i DisplayList.obj
 0002:0001bb50       ??2@YAPAXIPAX@Z            0055db50 f i DisplayList.obj
 0002:0001bb90       ?memcpy_s@Checked@ATL@@YAXPAXIPBXI@Z 0055db90 f i DisplayList.obj
 0002:0001bc10       ?AfxCrtErrorCheck@@YAHH@Z  0055dc10 f i DisplayList.obj
 0002:0001bd20       ??$SerializeElements@VCPoint@@@@YGXAAVCArchive@@PAVCPoint@@H@Z 0055dd20 f i DisplayList.obj
 0002:0001bf10       ??$DumpElements@VCPoint@@@@YGXAAVCDumpContext@@PBVCPoint@@H@Z 0055df10 f i DisplayList.obj
 0002:0001c000       ?_GetBaseClass@CDlgAddArea@@KGPAUCRuntimeClass@@XZ 0055e000 f   DlgAddArea.obj
 0002:0001c050       ?GetThisClass@CDlgAddArea@@SGPAUCRuntimeClass@@XZ 0055e050 f   DlgAddArea.obj
 0002:0001c090       ?GetRuntimeClass@CDlgAddArea@@UBEPAUCRuntimeClass@@XZ 0055e090 f   DlgAddArea.obj
 0002:0001c0d0       ??0CDlgAddArea@@QAE@PAVCWnd@@@Z 0055e0d0 f   DlgAddArea.obj
 0002:0001c230       ??_ECDlgAddArea@@UAEPAXI@Z 0055e230 f i DlgAddArea.obj
 0002:0001c230       ??_GCDlgAddArea@@UAEPAXI@Z 0055e230 f i DlgAddArea.obj
 0002:0001c2a0       ??1CDlgAddArea@@UAE@XZ     0055e2a0 f   DlgAddArea.obj
 0002:0001c3f0       ?DoDataExchange@CDlgAddArea@@MAEXPAVCDataExchange@@@Z 0055e3f0 f   DlgAddArea.obj
 0002:0001cad0       ?GetMessageMap@CDlgAddArea@@MBEPBUAFX_MSGMAP@@XZ 0055ead0 f   DlgAddArea.obj
 0002:0001cb20       ?GetThisMessageMap@CDlgAddArea@@KGPBUAFX_MSGMAP@@XZ 0055eb20 f   DlgAddArea.obj
 0002:0001cb60       ?Initialize@CDlgAddArea@@QAEXPAVCNetList@@HPAVcnet@@HHHHH@Z 0055eb60 f   DlgAddArea.obj
 0002:0001cc10       ?_GetBaseClass@CDlgAddMaskCutout@@KGPAUCRuntimeClass@@XZ 0055ec10 f   DlgAddMaskCutout.obj
 0002:0001cc60       ?GetThisClass@CDlgAddMaskCutout@@SGPAUCRuntimeClass@@XZ 0055ec60 f   DlgAddMaskCutout.obj
 0002:0001cca0       ?GetRuntimeClass@CDlgAddMaskCutout@@UBEPAUCRuntimeClass@@XZ 0055eca0 f   DlgAddMaskCutout.obj
 0002:0001cce0       ??0CDlgAddMaskCutout@@QAE@PAVCWnd@@@Z 0055ece0 f   DlgAddMaskCutout.obj
 0002:0001cdf0       ??_GCDlgAddMaskCutout@@UAEPAXI@Z 0055edf0 f i DlgAddMaskCutout.obj
 0002:0001cdf0       ??_ECDlgAddMaskCutout@@UAEPAXI@Z 0055edf0 f i DlgAddMaskCutout.obj
 0002:0001ce60       ??1CDlgAddMaskCutout@@UAE@XZ 0055ee60 f   DlgAddMaskCutout.obj
 0002:0001cf60       ?Initialize@CDlgAddMaskCutout@@QAEXHH@Z 0055ef60 f   DlgAddMaskCutout.obj
 0002:0001cfc0       ?DoDataExchange@CDlgAddMaskCutout@@MAEXPAVCDataExchange@@@Z 0055efc0 f   DlgAddMaskCutout.obj
 0002:0001d5b0       ?GetMessageMap@CDlgAddMaskCutout@@MBEPBUAFX_MSGMAP@@XZ 0055f5b0 f   DlgAddMaskCutout.obj
 0002:0001d600       ?GetThisMessageMap@CDlgAddMaskCutout@@KGPBUAFX_MSGMAP@@XZ 0055f600 f   DlgAddMaskCutout.obj
 0002:0001d640       ?_GetBaseClass@CDlgAddMerge@@KGPAUCRuntimeClass@@XZ 0055f640 f   DlgAddMerge.obj
 0002:0001d690       ?GetThisClass@CDlgAddMerge@@SGPAUCRuntimeClass@@XZ 0055f690 f   DlgAddMerge.obj
 0002:0001d6d0       ?GetRuntimeClass@CDlgAddMerge@@UBEPAUCRuntimeClass@@XZ 0055f6d0 f   DlgAddMerge.obj
 0002:0001d710       ??0CDlgAddMerge@@QAE@PAVCWnd@@@Z 0055f710 f   DlgAddMerge.obj
 0002:0001d870       ??_GCDlgAddMerge@@UAEPAXI@Z 0055f870 f i DlgAddMerge.obj
 0002:0001d870       ??_ECDlgAddMerge@@UAEPAXI@Z 0055f870 f i DlgAddMerge.obj
 0002:0001d8e0       ??1CDlgAddMerge@@UAE@XZ    0055f8e0 f   DlgAddMerge.obj
 0002:0001d9f0       ?DoDataExchange@CDlgAddMerge@@MAEXPAVCDataExchange@@@Z 0055f9f0 f   DlgAddMerge.obj
 0002:0001e1c0       ?GetMessageMap@CDlgAddMerge@@MBEPBUAFX_MSGMAP@@XZ 005601c0 f   DlgAddMerge.obj
 0002:0001e210       ?GetThisMessageMap@CDlgAddMerge@@KGPBUAFX_MSGMAP@@XZ 00560210 f   DlgAddMerge.obj
 0002:0001e250       ??8ATL@@YA_NABV?$CStringT@DV?$StrTraitMFC_DLL@DV?$ChTraitsCRT@D@ATL@@@@@0@PBD@Z 00560250 f i DlgAddMerge.obj
 0002:0001e2c0       ?GetIndex@Merge@@QAEHV?$CStringT@DV?$StrTraitMFC_DLL@DV?$ChTraitsCRT@D@ATL@@@@@ATL@@@Z 005602c0 f i DlgAddMerge.obj
 0002:0001e420       ?GetMerge@Merge@@QAE?AV?$CStringT@DV?$StrTraitMFC_DLL@DV?$ChTraitsCRT@D@ATL@@@@@ATL@@H@Z 00560420 f i DlgAddMerge.obj
 0002:0001e510       ?GetSize@Merge@@QAEHXZ     00560510 f i DlgAddMerge.obj
 0002:0001e550       ??A?$CArray@V?$CStringT@DV?$StrTraitMFC_DLL@DV?$ChTraitsCRT@D@ATL@@@@@ATL@@ABV12@@@QAEAAV?$CStringT@DV?$StrTraitMFC_DLL@DV?$ChTraitsCRT@D@ATL@@@@@ATL@@H@Z 00560550 f i DlgAddMerge.obj
 0002:0001e5b0       ?ElementAt@?$CArray@V?$CStringT@DV?$StrTraitMFC_DLL@DV?$ChTraitsCRT@D@ATL@@@@@ATL@@ABV12@@@QAEAAV?$CStringT@DV?$StrTraitMFC_DLL@DV?$ChTraitsCRT@D@ATL@@@@@ATL@@H@Z 005605b0 f i DlgAddMerge.obj
 0002:0001e660       ?_GetBaseClass@CDlgAddNet@@KGPAUCRuntimeClass@@XZ 00560660 f   DlgAddNet.obj
 0002:0001e6b0       ?GetThisClass@CDlgAddNet@@SGPAUCRuntimeClass@@XZ 005606b0 f   DlgAddNet.obj
 0002:0001e6f0       ?GetRuntimeClass@CDlgAddNet@@UBEPAUCRuntimeClass@@XZ 005606f0 f   DlgAddNet.obj
 0002:0001e730       ??0CDlgAddNet@@QAE@PAVCWnd@@@Z 00560730 f   DlgAddNet.obj
 0002:0001e7a0       ??_GCDlgAddNet@@UAEPAXI@Z  005607a0 f i DlgAddNet.obj
 0002:0001e7a0       ??_ECDlgAddNet@@UAEPAXI@Z  005607a0 f i DlgAddNet.obj
 0002:0001e810       ??1CDlgAddNet@@UAE@XZ      00560810 f   DlgAddNet.obj
 0002:0001e870       ?DoDataExchange@CDlgAddNet@@MAEXPAVCDataExchange@@@Z 00560870 f   DlgAddNet.obj
 0002:0001e8d0       ?GetMessageMap@CDlgAddNet@@MBEPBUAFX_MSGMAP@@XZ 005608d0 f   DlgAddNet.obj
 0002:0001e920       ?GetThisMessageMap@CDlgAddNet@@KGPBUAFX_MSGMAP@@XZ 00560920 f   DlgAddNet.obj
 0002:0001e960       ?_GetBaseClass@CDlgAddPart@@KGPAUCRuntimeClass@@XZ 00560960 f   DlgAddPart.obj
 0002:0001e9b0       ?GetThisClass@CDlgAddPart@@SGPAUCRuntimeClass@@XZ 005609b0 f   DlgAddPart.obj
 0002:0001e9f0       ?GetRuntimeClass@CDlgAddPart@@UBEPAUCRuntimeClass@@XZ 005609f0 f   DlgAddPart.obj
 0002:0001ea30       ??0CDlgAddPart@@QAE@PAVCWnd@@@Z 00560a30 f   DlgAddPart.obj
 0002:0001ed60       ??_ECDlgAddPart@@UAEPAXI@Z 00560d60 f i DlgAddPart.obj
 0002:0001ed60       ??_GCDlgAddPart@@UAEPAXI@Z 00560d60 f i DlgAddPart.obj
 0002:0001edd0       ??1CDlgAddPart@@UAE@XZ     00560dd0 f   DlgAddPart.obj
 0002:0001f0c0       ?DoDataExchange@CDlgAddPart@@MAEXPAVCDataExchange@@@Z 005610c0 f   DlgAddPart.obj
 0002:00021580       ?GetNewName@CDlgDupFootprintName@@QAEPAV?$CStringT@DV?$StrTraitMFC_DLL@DV?$ChTraitsCRT@D@ATL@@@@@ATL@@XZ 00563580 f i DlgAddPart.obj
 0002:000215c0       ?GetMessageMap@CDlgAddPart@@MBEPBUAFX_MSGMAP@@XZ 005635c0 f   DlgAddPart.obj
 0002:00021610       ?GetThisMessageMap@CDlgAddPart@@KGPBUAFX_MSGMAP@@XZ 00563610 f   DlgAddPart.obj
 0002:00021650       ?Initialize@CDlgAddPart@@QAEXPAV?$CArray@Upart_info@@ABU1@@@HHHHHHPAVCMapStringToPtr@@PAVCFootLibFolderMap@@HPAVCDlgLog@@@Z 00563650 f   DlgAddPart.obj
 0002:000217e0       ?GetDragFlag@CDlgAddPart@@QAEHXZ 005637e0 f   DlgAddPart.obj
 0002:00021820       ?OnInitDialog@CDlgAddPart@@EAEHXZ 00563820 f   DlgAddPart.obj
 0002:00022780       ?InitPartLibTree@CDlgAddPart@@QAEXV?$CStringT@DV?$StrTraitMFC_DLL@DV?$ChTraitsCRT@D@ATL@@@@@ATL@@@Z 00564780 f   DlgAddPart.obj
 0002:00023140       ?OnTvnSelchangedPartLibTree@CDlgAddPart@@AAEXPAUtagNMHDR@@PAJ@Z 00565140 f   DlgAddPart.obj
 0002:00023b40       ?OnBnClickedRadioDrag@CDlgAddPart@@AAEXXZ 00565b40 f   DlgAddPart.obj
 0002:00023c00       ?OnBnClickedRadioSet@CDlgAddPart@@AAEXXZ 00565c00 f   DlgAddPart.obj
 0002:00023cc0       ?OnBnClickedRadioOffBoard@CDlgAddPart@@AAEXXZ 00565cc0 f   DlgAddPart.obj
 0002:00023d80       ?OnEditFootChange@CDlgAddPart@@AAEXXZ 00565d80 f   DlgAddPart.obj
 0002:00023ee0       ?OnBnClickedOk@CDlgAddPart@@AAEXXZ 00565ee0 f   DlgAddPart.obj
 0002:000240a0       ?OnBnClickedCancel@CDlgAddPart@@AAEXXZ 005660a0 f   DlgAddPart.obj
 0002:00024270       ?OnCbnSelchangeComboAddPartUnits@CDlgAddPart@@AAEXXZ 00566270 f   DlgAddPart.obj
 0002:00024310       ?GetFields@CDlgAddPart@@QAEXXZ 00566310 f   DlgAddPart.obj
 0002:00024590       ?SetFields@CDlgAddPart@@QAEXXZ 00566590 f   DlgAddPart.obj
 0002:000247f0       ?OnBnClickedButtonBrowse@CDlgAddPart@@AAEXXZ 005667f0 f   DlgAddPart.obj
 0002:00024b20       ??1CPathDialog@@QAE@XZ     00566b20 f i DlgAddPart.obj
 0002:00024b80       ??1CPathDialogSub@@UAE@XZ  00566b80 f i DlgAddPart.obj
 0002:00024bd0       ?OnStnClickedStatic2@CDlgAddPart@@QAEXXZ 00566bd0 f   DlgAddPart.obj
 0002:00024c10       ??HATL@@YA?AV?$CStringT@DV?$StrTraitMFC_DLL@DV?$ChTraitsCRT@D@ATL@@@@@0@ABV10@0@Z 00566c10 f i DlgAddPart.obj
 0002:00024dd0       ??8ATL@@YA_NABV?$CStringT@DV?$StrTraitMFC_DLL@DV?$ChTraitsCRT@D@ATL@@@@@0@0@Z 00566dd0 f i DlgAddPart.obj
 0002:00024e50       ??9ATL@@YA_NABV?$CStringT@DV?$StrTraitMFC_DLL@DV?$ChTraitsCRT@D@ATL@@@@@0@0@Z 00566e50 f i DlgAddPart.obj
 0002:00024ed0       ?GetSize@?$CArray@Vpadstack@@ABV1@@@QBEHXZ 00566ed0 f i DlgAddPart.obj
 0002:00024f10       ??A?$CArray@Vpadstack@@ABV1@@@QAEAAVpadstack@@H@Z 00566f10 f i DlgAddPart.obj
 0002:00024f70       ?GetSize@?$CArray@Upart_info@@ABU1@@@QBEHXZ 00566f70 f i DlgAddPart.obj
 0002:00024fb0       ?SetSize@?$CArray@Upart_info@@ABU1@@@QAEXHH@Z 00566fb0 f i DlgAddPart.obj
 0002:00025610       ?GetAt@?$CArray@Upart_info@@ABU1@@@QAEAAUpart_info@@H@Z 00567610 f i DlgAddPart.obj
 0002:000256c0       ??A?$CArray@Upart_info@@ABU1@@@QAEAAUpart_info@@H@Z 005676c0 f i DlgAddPart.obj
 0002:00025720       ??_Gpart_info@@QAEPAXI@Z   00567720 f i DlgAddPart.obj
 0002:00025790       ??0part_info@@QAE@XZ       00567790 f i DlgAddPart.obj
 0002:00025810       ??1part_info@@QAE@XZ       00567810 f i DlgAddPart.obj
 0002:00025890       ?ElementAt@?$CArray@Vpadstack@@ABV1@@@QAEAAVpadstack@@H@Z 00567890 f i DlgAddPart.obj
 0002:00025940       ?ElementAt@?$CArray@Upart_info@@ABU1@@@QAEAAUpart_info@@H@Z 00567940 f i DlgAddPart.obj
 0002:000259f0       ?SetExpanded@CFootLibFolder@@QAEXHH@Z 005679f0 f i DlgAddPart.obj
 0002:00025a60       ??A?$CArray@VCFootLib@@ABV1@@@QAEAAVCFootLib@@H@Z 00567a60 f i DlgAddPart.obj
 0002:00025ac0       ?ElementAt@?$CArray@VCFootLib@@ABV1@@@QAEAAVCFootLib@@H@Z 00567ac0 f i DlgAddPart.obj
 0002:00025b70       ?ConvertMaskCurSelToShape@@YAHH@Z 00567b70 f   DlgAddPin.obj
 0002:00025bc0       ?ConvertMaskShapeToCurSel@@YAHH@Z 00567bc0 f   DlgAddPin.obj
 0002:00025c10       ?GetNameValue@@YANPAV?$CStringT@DV?$StrTraitMFC_DLL@DV?$ChTraitsCRT@D@ATL@@@@@ATL@@@Z 00567c10 f   DlgAddPin.obj
 0002:00025d50       ?SortByName@@YAXPAV?$CArray@V?$CStringT@DV?$StrTraitMFC_DLL@DV?$ChTraitsCRT@D@ATL@@@@@ATL@@ABV12@@@@Z 00567d50 f   DlgAddPin.obj
 0002:00025f80       ?_GetBaseClass@CDlgAddPin@@KGPAUCRuntimeClass@@XZ 00567f80 f   DlgAddPin.obj
 0002:00025fd0       ?GetThisClass@CDlgAddPin@@SGPAUCRuntimeClass@@XZ 00567fd0 f   DlgAddPin.obj
 0002:00026010       ?GetRuntimeClass@CDlgAddPin@@UBEPAUCRuntimeClass@@XZ 00568010 f   DlgAddPin.obj
 0002:00026050       ??0CDlgAddPin@@QAE@PAVCWnd@@@Z 00568050 f   DlgAddPin.obj
 0002:00026870       ??_ECDlgAddPin@@UAEPAXI@Z  00568870 f i DlgAddPin.obj
 0002:00026870       ??_GCDlgAddPin@@UAEPAXI@Z  00568870 f i DlgAddPin.obj
 0002:000268e0       ??1CDlgAddPin@@UAE@XZ      005688e0 f   DlgAddPin.obj
 0002:00026e70       ?DoDataExchange@CDlgAddPin@@MAEXPAVCDataExchange@@@Z 00568e70 f   DlgAddPin.obj
 0002:0002aeb0       ?GetMessageMap@CDlgAddPin@@MBEPBUAFX_MSGMAP@@XZ 0056ceb0 f   DlgAddPin.obj
 0002:0002af00       ?GetThisMessageMap@CDlgAddPin@@KGPBUAFX_MSGMAP@@XZ 0056cf00 f   DlgAddPin.obj
 0002:0002af40       ?InitDialog@CDlgAddPin@@QAEXPAVCShape@@HHH@Z 0056cf40 f   DlgAddPin.obj
 0002:0002b050       ?OnBnClickedRadioAddPin@CDlgAddPin@@QAEXXZ 0056d050 f   DlgAddPin.obj
 0002:0002b1e0       ?OnBnClickedRadioAddRow@CDlgAddPin@@QAEXXZ 0056d1e0 f   DlgAddPin.obj
 0002:0002b350       ?OnBnClickedRadioDragPin@CDlgAddPin@@QAEXXZ 0056d350 f   DlgAddPin.obj
 0002:0002b400       ?OnBnClickedRadioSetPinPos@CDlgAddPin@@QAEXXZ 0056d400 f   DlgAddPin.obj
 0002:0002b4d0       ?OnBnClickedCheckInnerSameAs@CDlgAddPin@@QAEXXZ 0056d4d0 f   DlgAddPin.obj
 0002:0002b530       ?OnBnClickedCheckBottomSameAs@CDlgAddPin@@QAEXXZ 0056d530 f   DlgAddPin.obj
 0002:0002b590       ?OnCbnSelchangeComboPinUnits@CDlgAddPin@@QAEXXZ 0056d590 f   DlgAddPin.obj
 0002:0002b630       ?SetFields@CDlgAddPin@@IAEXXZ 0056d630 f   DlgAddPin.obj
 0002:0002ce20       ?GetFields@CDlgAddPin@@IAEXXZ 0056ee20 f   DlgAddPin.obj
 0002:0002e270       ?OnChange@CDlgAddPin@@QAEXXZ 00570270 f   DlgAddPin.obj
 0002:0002e2d0       ?OnChangeTopPadParam@CDlgAddPin@@QAEXXZ 005702d0 f   DlgAddPin.obj
 0002:0002e620       ?OnBnClickedCheckBottomSameAs2@CDlgAddPin@@QAEXXZ 00570620 f   DlgAddPin.obj
 0002:0002e660       ?InsertAt@?$CArray@Vpadstack@@ABV1@@@QAEXHABVpadstack@@H@Z 00570660 f i DlgAddPin.obj
 0002:0002e9b0       ??3@YAXPAX0@Z              005709b0 f i DlgAddPin.obj
 0002:0002e9e0       ?RemoveAt@?$CArray@Vpadstack@@ABV1@@@QAEXHH@Z 005709e0 f i DlgAddPin.obj
 0002:0002ebc0       ??4padstack@@QAEAAV0@ABV0@@Z 00570bc0 f i DlgAddPin.obj
 0002:0002ee50       ?memmove_s@Checked@ATL@@YAXPAXIPBXI@Z 00570e50 f i DlgAddPin.obj
 0002:0002eed0       ??0?$CArray@V?$CStringT@DV?$StrTraitMFC_DLL@DV?$ChTraitsCRT@D@ATL@@@@@ATL@@ABV12@@@QAE@XZ 00570ed0 f i DlgAddPin.obj
 0002:0002ef60       ?GetSize@?$CArray@V?$CStringT@DV?$StrTraitMFC_DLL@DV?$ChTraitsCRT@D@ATL@@@@@ATL@@ABV12@@@QBEHXZ 00570f60 f i DlgAddPin.obj
 0002:0002efa0       ?SetSize@?$CArray@V?$CStringT@DV?$StrTraitMFC_DLL@DV?$ChTraitsCRT@D@ATL@@@@@ATL@@ABV12@@@QAEXHH@Z 00570fa0 f i DlgAddPin.obj
 0002:0002f620       ??1?$CArray@V?$CStringT@DV?$StrTraitMFC_DLL@DV?$ChTraitsCRT@D@ATL@@@@@ATL@@ABV12@@@UAE@XZ 00571620 f i DlgAddPin.obj
 0002:0002f750       ?Serialize@?$CArray@V?$CStringT@DV?$StrTraitMFC_DLL@DV?$ChTraitsCRT@D@ATL@@@@@ATL@@ABV12@@@UAEXAAVCArchive@@@Z 00571750 f i DlgAddPin.obj
 0002:0002f820       ?Dump@?$CArray@V?$CStringT@DV?$StrTraitMFC_DLL@DV?$ChTraitsCRT@D@ATL@@@@@ATL@@ABV12@@@UBEXAAVCDumpContext@@@Z 00571820 f i DlgAddPin.obj
 0002:0002f900       ?AssertValid@?$CArray@V?$CStringT@DV?$StrTraitMFC_DLL@DV?$ChTraitsCRT@D@ATL@@@@@ATL@@ABV12@@@UBEXXZ 00571900 f i DlgAddPin.obj
 0002:0002fa60       ??_E?$CArray@V?$CStringT@DV?$StrTraitMFC_DLL@DV?$ChTraitsCRT@D@ATL@@@@@ATL@@ABV12@@@UAEPAXI@Z 00571a60 f i DlgAddPin.obj
 0002:0002fa60       ??_G?$CArray@V?$CStringT@DV?$StrTraitMFC_DLL@DV?$ChTraitsCRT@D@ATL@@@@@ATL@@ABV12@@@UAEPAXI@Z 00571a60 f i DlgAddPin.obj
 0002:0002fad0       ??_G?$CStringT@DV?$StrTraitMFC_DLL@DV?$ChTraitsCRT@D@ATL@@@@@ATL@@QAEPAXI@Z 00571ad0 f i DlgAddPin.obj
 0002:0002fb50       ??_Gpadstack@@QAEPAXI@Z    00571b50 f i DlgAddPin.obj
 0002:0002fbc0       ??1padstack@@QAE@XZ        00571bc0 f i DlgAddPin.obj
 0002:0002fc40       ??$DumpElements@V?$CStringT@DV?$StrTraitMFC_DLL@DV?$ChTraitsCRT@D@ATL@@@@@ATL@@@@YGXAAVCDumpContext@@PBV?$CStringT@DV?$StrTraitMFC_DLL@DV?$ChTraitsCRT@D@ATL@@@@@ATL@@H@Z 00571c40 f i DlgAddPin.obj
 0002:0002fd30       ?SetSize@?$CArray@Vpadstack@@ABV1@@@QAEXHH@Z 00571d30 f i DlgAddPin.obj
 0002:00030480       ?_GetBaseClass@CDlgAddPoly@@KGPAUCRuntimeClass@@XZ 00572480 f   DlgAddPoly.obj
 0002:000304d0       ?GetThisClass@CDlgAddPoly@@SGPAUCRuntimeClass@@XZ 005724d0 f   DlgAddPoly.obj
 0002:00030510       ?GetRuntimeClass@CDlgAddPoly@@UBEPAUCRuntimeClass@@XZ 00572510 f   DlgAddPoly.obj
 0002:00030550       ??0CDlgAddPoly@@QAE@PAVCWnd@@@Z 00572550 f   DlgAddPoly.obj
 0002:00030670       ??_GCDlgAddPoly@@UAEPAXI@Z 00572670 f i DlgAddPoly.obj
 0002:00030670       ??_ECDlgAddPoly@@UAEPAXI@Z 00572670 f i DlgAddPoly.obj
 0002:000306e0       ??1CDlgAddPoly@@UAE@XZ     005726e0 f   DlgAddPoly.obj
 0002:000307e0       ?DoDataExchange@CDlgAddPoly@@MAEXPAVCDataExchange@@@Z 005727e0 f   DlgAddPoly.obj
 0002:00030a90       ?Initialize@CDlgAddPoly@@QAEXHHHHH@Z 00572a90 f   DlgAddPoly.obj
 0002:00030b40       ?GetMessageMap@CDlgAddPoly@@MBEPBUAFX_MSGMAP@@XZ 00572b40 f   DlgAddPoly.obj
 0002:00030b90       ?GetThisMessageMap@CDlgAddPoly@@KGPBUAFX_MSGMAP@@XZ 00572b90 f   DlgAddPoly.obj
 0002:00030bd0       ?GetFields@CDlgAddPoly@@AAEXXZ 00572bd0 f   DlgAddPoly.obj
 0002:00030d90       ?SetFields@CDlgAddPoly@@AAEXXZ 00572d90 f   DlgAddPoly.obj
 0002:00030f50       ?OnCbnSelchangeComboAddPolyUnits@CDlgAddPoly@@AAEXXZ 00572f50 f   DlgAddPoly.obj
 0002:00030ff0       ?_GetBaseClass@CDlgAddText@@KGPAUCRuntimeClass@@XZ 00572ff0 f   DlgAddText.obj
 0002:00031040       ?GetThisClass@CDlgAddText@@SGPAUCRuntimeClass@@XZ 00573040 f   DlgAddText.obj
 0002:00031080       ?GetRuntimeClass@CDlgAddText@@UBEPAUCRuntimeClass@@XZ 00573080 f   DlgAddText.obj
 0002:000310c0       ??0CDlgAddText@@QAE@PAVCWnd@@@Z 005730c0 f   DlgAddText.obj
 0002:000312f0       ??_GCDlgAddText@@UAEPAXI@Z 005732f0 f i DlgAddText.obj
 0002:000312f0       ??_ECDlgAddText@@UAEPAXI@Z 005732f0 f i DlgAddText.obj
 0002:00031360       ??1CDlgAddText@@UAE@XZ     00573360 f   DlgAddText.obj
 0002:00031550       ?DoDataExchange@CDlgAddText@@MAEXPAVCDataExchange@@@Z 00573550 f   DlgAddText.obj
 0002:000318c0       ?GetMessageMap@CDlgAddText@@MBEPBUAFX_MSGMAP@@XZ 005738c0 f   DlgAddText.obj
 0002:00031910       ?GetThisMessageMap@CDlgAddText@@KGPBUAFX_MSGMAP@@XZ 00573910 f   DlgAddText.obj
 0002:00031950       ?Initialize@CDlgAddText@@QAEXHHHPAV?$CStringT@DV?$StrTraitMFC_DLL@DV?$ChTraitsCRT@D@ATL@@@@@ATL@@HHHHHHHH@Z 00573950 f   DlgAddText.obj
 0002:00031b70       ?OnInitDialog@CDlgAddText@@UAEHXZ 00573b70 f   DlgAddText.obj
 0002:00031d80       ?OnBnClickedSetWidth@CDlgAddText@@QAEXXZ 00573d80 f   DlgAddText.obj
 0002:00031de0       ?OnBnClickedDefWidth@CDlgAddText@@QAEXXZ 00573de0 f   DlgAddText.obj
 0002:00031e40       ?OnEnChangeEditHeight@CDlgAddText@@QAEXXZ 00573e40 f   DlgAddText.obj
 0002:000320e0       ?OnBnClickedOk@CDlgAddText@@QAEXXZ 005740e0 f   DlgAddText.obj
 0002:000321e0       ?OnBnClickedSetPosition@CDlgAddText@@QAEXXZ 005741e0 f   DlgAddText.obj
 0002:00032240       ?OnBnClickedDrag@CDlgAddText@@QAEXXZ 00574240 f   DlgAddText.obj
 0002:000322a0       ?OnCbnSelchangeComboAddTextUnits@CDlgAddText@@QAEXXZ 005742a0 f   DlgAddText.obj
 0002:00032360       ?GetFields@CDlgAddText@@QAEXXZ 00574360 f   DlgAddText.obj
 0002:00032700       ?SetFields@CDlgAddText@@QAEXXZ 00574700 f   DlgAddText.obj
 0002:00032bf0       ?OnLbnSelchangeListLayer@CDlgAddText@@QAEXXZ 00574bf0 f   DlgAddText.obj
 0002:00032c50       ?_GetBaseClass@CDlgAddWidth@@KGPAUCRuntimeClass@@XZ 00574c50 f   DlgAddWidth.obj
 0002:00032ca0       ?GetThisClass@CDlgAddWidth@@SGPAUCRuntimeClass@@XZ 00574ca0 f   DlgAddWidth.obj
 0002:00032ce0       ?GetRuntimeClass@CDlgAddWidth@@UBEPAUCRuntimeClass@@XZ 00574ce0 f   DlgAddWidth.obj
 0002:00032d20       ??0CDlgAddWidth@@QAE@PAVCWnd@@@Z 00574d20 f   DlgAddWidth.obj
 0002:00032d90       ??_GCDlgAddWidth@@UAEPAXI@Z 00574d90 f i DlgAddWidth.obj
 0002:00032d90       ??_ECDlgAddWidth@@UAEPAXI@Z 00574d90 f i DlgAddWidth.obj
 0002:00032e00       ??1CDlgAddWidth@@UAE@XZ    00574e00 f   DlgAddWidth.obj
 0002:00032e60       ?DoDataExchange@CDlgAddWidth@@MAEXPAVCDataExchange@@@Z 00574e60 f   DlgAddWidth.obj
 0002:00033210       ?GetMessageMap@CDlgAddWidth@@MBEPBUAFX_MSGMAP@@XZ 00575210 f   DlgAddWidth.obj
 0002:00033260       ?GetThisMessageMap@CDlgAddWidth@@KGPBUAFX_MSGMAP@@XZ 00575260 f   DlgAddWidth.obj
 0002:000332a0       ?_GetBaseClass@DlgAreaLayer@@KGPAUCRuntimeClass@@XZ 005752a0 f   DlgAreaLayer.obj
 0002:000332f0       ?GetThisClass@DlgAreaLayer@@SGPAUCRuntimeClass@@XZ 005752f0 f   DlgAreaLayer.obj
 0002:00033330       ?GetRuntimeClass@DlgAreaLayer@@UBEPAUCRuntimeClass@@XZ 00575330 f   DlgAreaLayer.obj
 0002:00033370       ??0DlgAreaLayer@@QAE@PAVCWnd@@@Z 00575370 f   DlgAreaLayer.obj
 0002:00033440       ??_EDlgAreaLayer@@UAEPAXI@Z 00575440 f i DlgAreaLayer.obj
 0002:00033440       ??_GDlgAreaLayer@@UAEPAXI@Z 00575440 f i DlgAreaLayer.obj
 0002:000334b0       ??1DlgAreaLayer@@UAE@XZ    005754b0 f   DlgAreaLayer.obj
 0002:00033570       ?DoDataExchange@DlgAreaLayer@@MAEXPAVCDataExchange@@@Z 00575570 f   DlgAreaLayer.obj
 0002:00033690       ?GetMessageMap@DlgAreaLayer@@MBEPBUAFX_MSGMAP@@XZ 00575690 f   DlgAreaLayer.obj
 0002:000336e0       ?GetThisMessageMap@DlgAreaLayer@@KGPBUAFX_MSGMAP@@XZ 005756e0 f   DlgAreaLayer.obj
 0002:00033720       ?Initialize@DlgAreaLayer@@QAEXH@Z 00575720 f   DlgAreaLayer.obj
 0002:00033770       ?_GetBaseClass@DlgAssignNet@@KGPAUCRuntimeClass@@XZ 00575770 f   DlgAssignNet.obj
 0002:000337c0       ?GetThisClass@DlgAssignNet@@SGPAUCRuntimeClass@@XZ 005757c0 f   DlgAssignNet.obj
 0002:00033800       ?GetRuntimeClass@DlgAssignNet@@UBEPAUCRuntimeClass@@XZ 00575800 f   DlgAssignNet.obj
 0002:00033840       ??0DlgAssignNet@@QAE@PAVCWnd@@@Z 00575840 f   DlgAssignNet.obj
 0002:000339c0       ??_GDlgAssignNet@@UAEPAXI@Z 005759c0 f i DlgAssignNet.obj
 0002:000339c0       ??_EDlgAssignNet@@UAEPAXI@Z 005759c0 f i DlgAssignNet.obj
 0002:00033a30       ??1DlgAssignNet@@UAE@XZ    00575a30 f   DlgAssignNet.obj
 0002:00033b30       ?DoDataExchange@DlgAssignNet@@MAEXPAVCDataExchange@@@Z 00575b30 f   DlgAssignNet.obj
 0002:00034350       ?GetMessageMap@DlgAssignNet@@MBEPBUAFX_MSGMAP@@XZ 00576350 f   DlgAssignNet.obj
 0002:000343a0       ?GetThisMessageMap@DlgAssignNet@@KGPBUAFX_MSGMAP@@XZ 005763a0 f   DlgAssignNet.obj
 0002:000343e0       ?OnBnClickedButtonNewNet@DlgAssignNet@@QAEXXZ 005763e0 f   DlgAssignNet.obj
 0002:000345c0       ?OnBnClickedCancel@DlgAssignNet@@QAEXXZ 005765c0 f   DlgAssignNet.obj
 0002:00034640       ??HATL@@YA?AV?$CStringT@DV?$StrTraitMFC_DLL@DV?$ChTraitsCRT@D@ATL@@@@@0@ABV10@PBD@Z 00576640 f i DlgAssignNet.obj
 0002:000347f0       ??HATL@@YA?AV?$CStringT@DV?$StrTraitMFC_DLL@DV?$ChTraitsCRT@D@ATL@@@@@0@PBDABV10@@Z 005767f0 f i DlgAssignNet.obj
 0002:000349a0       ??A?$CArray@Vcpin@@ABV1@@@QAEAAVcpin@@H@Z 005769a0 f i DlgAssignNet.obj
 0002:00034a00       ?ElementAt@?$CArray@Vcpin@@ABV1@@@QAEAAVcpin@@H@Z 00576a00 f i DlgAssignNet.obj
 0002:00034ab0       ?_GetBaseClass@CDlgCAD@@KGPAUCRuntimeClass@@XZ 00576ab0 f   DlgCAD.obj
 0002:00034b00       ?GetThisClass@CDlgCAD@@SGPAUCRuntimeClass@@XZ 00576b00 f   DlgCAD.obj
 0002:00034b40       ?GetRuntimeClass@CDlgCAD@@UBEPAUCRuntimeClass@@XZ 00576b40 f   DlgCAD.obj
 0002:00034b80       ??0CDlgCAD@@QAE@PAVCWnd@@@Z 00576b80 f   DlgCAD.obj
 0002:000351f0       ??_GCDlgCAD@@UAEPAXI@Z     005771f0 f i DlgCAD.obj
 0002:000351f0       ??_ECDlgCAD@@UAEPAXI@Z     005771f0 f i DlgCAD.obj
 0002:00035260       ??1CDlgCAD@@UAE@XZ         00577260 f   DlgCAD.obj
 0002:00035860       ?DoDataExchange@CDlgCAD@@MAEXPAVCDataExchange@@@Z 00577860 f   DlgCAD.obj
 0002:000369f0       ?GetMessageMap@CDlgCAD@@MBEPBUAFX_MSGMAP@@XZ 005789f0 f   DlgCAD.obj
 0002:00036a40       ?GetThisMessageMap@CDlgCAD@@KGPBUAFX_MSGMAP@@XZ 00578a40 f   DlgCAD.obj
 0002:00036a80       ?Initialize@CDlgCAD@@QAEXNPAV?$CStringT@DV?$StrTraitMFC_DLL@DV?$ChTraitsCRT@D@ATL@@@@@ATL@@000HHHHHHHHHHHHHHHHHHHHHPAV?$CArray@VCPolyLine@@ABV1@@@PAHPAVCPartList@@PAVCNetList@@PAVCTextList@@PAVCDisplayList@@PAVMerge@@PAVCDlgLog@@@Z 00578a80 f   DlgCAD.obj
 0002:00036e00       ?OnBnClickedGo@CDlgCAD@@QAEXXZ 00578e00 f   DlgCAD.obj
 0002:00039b80       ?GetFields@CDlgCAD@@QAEXXZ 0057bb80 f   DlgCAD.obj
 0002:0003ac70       ?SetFields@CDlgCAD@@QAEXXZ 0057cc70 f   DlgCAD.obj
 0002:0003b190       ?OnCbnSelchangeComboCadUnits@CDlgCAD@@QAEXXZ 0057d190 f   DlgCAD.obj
 0002:0003b230       ?OnBnClickedCheckCadPilot@CDlgCAD@@QAEXXZ 0057d230 f   DlgCAD.obj
 0002:0003b2c0       ?OnBnClickedCancel@CDlgCAD@@QAEXXZ 0057d2c0 f   DlgCAD.obj
 0002:0003b330       ?OnBnClickedButtonDef@CDlgCAD@@QAEXXZ 0057d330 f   DlgCAD.obj
 0002:0003baa0       ?OnBnClickedButtonFolder@CDlgCAD@@QAEXXZ 0057daa0 f   DlgCAD.obj
 0002:0003bd20       ?OnBnClickedThermalPins@CDlgCAD@@QAEXXZ 0057dd20 f   DlgCAD.obj
 0002:0003bdc0       ?OnBnClickedThermalVias@CDlgCAD@@QAEXXZ 0057ddc0 f   DlgCAD.obj
 0002:0003be10       ?OnBnClickedRenderAllGerbers@CDlgCAD@@QAEXXZ 0057de10 f   DlgCAD.obj
 0002:0003be80       ?OnBnClickedButtonDone@CDlgCAD@@QAEXXZ 0057de80 f   DlgCAD.obj
 0002:0003bef0       ?SetPinAnnularRing@CPartList@@QAEXH@Z 0057def0 f i DlgCAD.obj
 0002:0003bf40       ?SetViaAnnularRing@CNetList@@QAEXH@Z 0057df40 f i DlgCAD.obj
 0002:0003bf90       ?_GetBaseClass@CDlgCentroid@@KGPAUCRuntimeClass@@XZ 0057df90 f   DlgCentroid.obj
 0002:0003bfe0       ?GetThisClass@CDlgCentroid@@SGPAUCRuntimeClass@@XZ 0057dfe0 f   DlgCentroid.obj
 0002:0003c020       ?GetRuntimeClass@CDlgCentroid@@UBEPAUCRuntimeClass@@XZ 0057e020 f   DlgCentroid.obj
 0002:0003c060       ??0CDlgCentroid@@QAE@PAVCWnd@@@Z 0057e060 f   DlgCentroid.obj
 0002:0003c1a0       ??_GCDlgCentroid@@UAEPAXI@Z 0057e1a0 f i DlgCentroid.obj
 0002:0003c1a0       ??_ECDlgCentroid@@UAEPAXI@Z 0057e1a0 f i DlgCentroid.obj
 0002:0003c210       ??1CDlgCentroid@@UAE@XZ    0057e210 f   DlgCentroid.obj
 0002:0003c340       ?DoDataExchange@CDlgCentroid@@MAEXPAVCDataExchange@@@Z 0057e340 f   DlgCentroid.obj
 0002:0003c510       ?GetMessageMap@CDlgCentroid@@MBEPBUAFX_MSGMAP@@XZ 0057e510 f   DlgCentroid.obj
 0002:0003c560       ?GetThisMessageMap@CDlgCentroid@@KGPBUAFX_MSGMAP@@XZ 0057e560 f   DlgCentroid.obj
 0002:0003c5a0       ?Initialize@CDlgCentroid@@QAEXW4CENTROID_TYPE@@HHHH@Z 0057e5a0 f   DlgCentroid.obj
 0002:0003c630       ?SetFields@CDlgCentroid@@QAEXXZ 0057e630 f   DlgCentroid.obj
 0002:0003c920       ?GetFields@CDlgCentroid@@QAEXXZ 0057e920 f   DlgCentroid.obj
 0002:0003cb00       ?OnBnClickedDefault@CDlgCentroid@@QAEXXZ 0057eb00 f   DlgCentroid.obj
 0002:0003cb70       ?OnBnClickedSet@CDlgCentroid@@QAEXXZ 0057eb70 f   DlgCentroid.obj
 0002:0003cbe0       ?OnCbnSelChangeCombo1@CDlgCentroid@@QAEXXZ 0057ebe0 f   DlgCentroid.obj
 0002:0003cc80       ?_GetBaseClass@CDlgChangeLayer@@KGPAUCRuntimeClass@@XZ 0057ec80 f   DlgChangeLayer.obj
 0002:0003ccd0       ?GetThisClass@CDlgChangeLayer@@SGPAUCRuntimeClass@@XZ 0057ecd0 f   DlgChangeLayer.obj
 0002:0003cd10       ?GetRuntimeClass@CDlgChangeLayer@@UBEPAUCRuntimeClass@@XZ 0057ed10 f   DlgChangeLayer.obj
 0002:0003cd50       ??0CDlgChangeLayer@@QAE@PAVCWnd@@@Z 0057ed50 f   DlgChangeLayer.obj
 0002:0003ce60       ??_GCDlgChangeLayer@@UAEPAXI@Z 0057ee60 f i DlgChangeLayer.obj
 0002:0003ce60       ??_ECDlgChangeLayer@@UAEPAXI@Z 0057ee60 f i DlgChangeLayer.obj
 0002:0003ced0       ??1CDlgChangeLayer@@UAE@XZ 0057eed0 f   DlgChangeLayer.obj
 0002:0003cfd0       ?DoDataExchange@CDlgChangeLayer@@MAEXPAVCDataExchange@@@Z 0057efd0 f   DlgChangeLayer.obj
 0002:0003d290       ?GetMessageMap@CDlgChangeLayer@@MBEPBUAFX_MSGMAP@@XZ 0057f290 f   DlgChangeLayer.obj
 0002:0003d2e0       ?GetThisMessageMap@CDlgChangeLayer@@KGPBUAFX_MSGMAP@@XZ 0057f2e0 f   DlgChangeLayer.obj
 0002:0003d320       ?Initialize@CDlgChangeLayer@@QAEXHHH@Z 0057f320 f   DlgChangeLayer.obj
 0002:0003d390       ?_GetBaseClass@CDlgChooseNetName@@KGPAUCRuntimeClass@@XZ 0057f390 f   DlgChooseNetName.obj
 0002:0003d3e0       ?GetThisClass@CDlgChooseNetName@@SGPAUCRuntimeClass@@XZ 0057f3e0 f   DlgChooseNetName.obj
 0002:0003d420       ?GetRuntimeClass@CDlgChooseNetName@@UBEPAUCRuntimeClass@@XZ 0057f420 f   DlgChooseNetName.obj
 0002:0003d460       ??0CDlgChooseNetName@@QAE@PAVCWnd@@@Z 0057f460 f   DlgChooseNetName.obj
 0002:0003d550       ??_ECDlgChooseNetName@@UAEPAXI@Z 0057f550 f i DlgChooseNetName.obj
 0002:0003d550       ??_GCDlgChooseNetName@@UAEPAXI@Z 0057f550 f i DlgChooseNetName.obj
 0002:0003d5c0       ??1CDlgChooseNetName@@UAE@XZ 0057f5c0 f   DlgChooseNetName.obj
 0002:0003d690       ?DoDataExchange@CDlgChooseNetName@@MAEXPAVCDataExchange@@@Z 0057f690 f   DlgChooseNetName.obj
 0002:0003d870       ?Initialize@CDlgChooseNetName@@QAEXPAV?$CArray@V?$CStringT@DV?$StrTraitMFC_DLL@DV?$ChTraitsCRT@D@ATL@@@@@ATL@@ABV12@@@@Z 0057f870 f   DlgChooseNetName.obj
 0002:0003d8c0       ?GetMessageMap@CDlgChooseNetName@@MBEPBUAFX_MSGMAP@@XZ 0057f8c0 f   DlgChooseNetName.obj
 0002:0003d910       ?GetThisMessageMap@CDlgChooseNetName@@KGPBUAFX_MSGMAP@@XZ 0057f910 f   DlgChooseNetName.obj
 0002:0003d950       ?_GetBaseClass@DlgDRC@@KGPAUCRuntimeClass@@XZ 0057f950 f   DlgDRC.obj
 0002:0003d9a0       ?GetThisClass@DlgDRC@@SGPAUCRuntimeClass@@XZ 0057f9a0 f   DlgDRC.obj
 0002:0003d9e0       ?GetRuntimeClass@DlgDRC@@UBEPAUCRuntimeClass@@XZ 0057f9e0 f   DlgDRC.obj
 0002:0003da20       ??0DlgDRC@@QAE@PAVCWnd@@@Z 0057fa20 f   DlgDRC.obj
 0002:0003dc20       ??_EDlgDRC@@UAEPAXI@Z      0057fc20 f i DlgDRC.obj
 0002:0003dc20       ??_GDlgDRC@@UAEPAXI@Z      0057fc20 f i DlgDRC.obj
 0002:0003dc90       ??1DlgDRC@@UAE@XZ          0057fc90 f   DlgDRC.obj
 0002:0003de70       ?DoDataExchange@DlgDRC@@MAEXPAVCDataExchange@@@Z 0057fe70 f   DlgDRC.obj
 0002:0003e0c0       ?GetMessageMap@DlgDRC@@MBEPBUAFX_MSGMAP@@XZ 005800c0 f   DlgDRC.obj
 0002:0003e110       ?GetThisMessageMap@DlgDRC@@KGPBUAFX_MSGMAP@@XZ 00580110 f   DlgDRC.obj
 0002:0003e150       ?Initialize@DlgDRC@@QAEXHPAUDesignRules@@PAVCPartList@@PAVCNetList@@PAVCTextList@@PAVDRErrorList@@HPAV?$CArray@VCPolyLine@@ABV1@@@HHPAVCDlgLog@@V?$CStringT@DV?$StrTraitMFC_DLL@DV?$ChTraitsCRT@D@ATL@@@@@ATL@@@Z 00580150 f   DlgDRC.obj
 0002:0003e2f0       ?GetFields@DlgDRC@@QAEXXZ  005802f0 f   DlgDRC.obj
 0002:0003ec30       ?SetFields@DlgDRC@@QAEXXZ  00580c30 f   DlgDRC.obj
 0002:0003f470       ?OnCbnChangeUnits@DlgDRC@@QAEXXZ 00581470 f   DlgDRC.obj
 0002:0003f5d0       ?CheckDesign@DlgDRC@@QAEXXZ 005815d0 f   DlgDRC.obj
 0002:0003f9f0       ?OnBnClickedCancel@DlgDRC@@QAEXXZ 005819f0 f   DlgDRC.obj
 0002:0003fa60       ?OnBnClickedOk@DlgDRC@@QAEXXZ 00581a60 f   DlgDRC.obj
 0002:0003faf0       ?OnBnClickedCheck@DlgDRC@@QAEXXZ 00581af0 f   DlgDRC.obj
 0002:0003fb40       ?_GetBaseClass@CDlgDupFootprintName@@KGPAUCRuntimeClass@@XZ 00581b40 f   DlgDupFootprintName.obj
 0002:0003fb90       ?GetThisClass@CDlgDupFootprintName@@SGPAUCRuntimeClass@@XZ 00581b90 f   DlgDupFootprintName.obj
 0002:0003fbd0       ?GetRuntimeClass@CDlgDupFootprintName@@UBEPAUCRuntimeClass@@XZ 00581bd0 f   DlgDupFootprintName.obj
 0002:0003fc10       ??0CDlgDupFootprintName@@QAE@PAVCWnd@@@Z 00581c10 f   DlgDupFootprintName.obj
 0002:0003fd40       ??_GCDlgDupFootprintName@@UAEPAXI@Z 00581d40 f i DlgDupFootprintName.obj
 0002:0003fd40       ??_ECDlgDupFootprintName@@UAEPAXI@Z 00581d40 f i DlgDupFootprintName.obj
 0002:0003fdb0       ??1CDlgDupFootprintName@@UAE@XZ 00581db0 f   DlgDupFootprintName.obj
 0002:0003fed0       ?DoDataExchange@CDlgDupFootprintName@@MAEXPAVCDataExchange@@@Z 00581ed0 f   DlgDupFootprintName.obj
 0002:00040120       ?GetMessageMap@CDlgDupFootprintName@@MBEPBUAFX_MSGMAP@@XZ 00582120 f   DlgDupFootprintName.obj
 0002:00040170       ?GetThisMessageMap@CDlgDupFootprintName@@KGPBUAFX_MSGMAP@@XZ 00582170 f   DlgDupFootprintName.obj
 0002:000401b0       ?Initialize@CDlgDupFootprintName@@QAEXPAV?$CStringT@DV?$StrTraitMFC_DLL@DV?$ChTraitsCRT@D@ATL@@@@@ATL@@PAVCMapStringToPtr@@@Z 005821b0 f   DlgDupFootprintName.obj
 0002:00040210       ?OnBnClickedRadioReplaceAll@CDlgDupFootprintName@@QAEXXZ 00582210 f   DlgDupFootprintName.obj
 0002:00040270       ?OnBnClickedRadioReplaceThis@CDlgDupFootprintName@@QAEXXZ 00582270 f   DlgDupFootprintName.obj
 0002:000402d0       ?OnBnClickedOk@CDlgDupFootprintName@@QAEXXZ 005822d0 f   DlgDupFootprintName.obj
 0002:00040350       ?_GetBaseClass@DlgEditBoardCorner@@KGPAUCRuntimeClass@@XZ 00582350 f   DlgEditBoardCorner.obj
 0002:000403a0       ?GetThisClass@DlgEditBoardCorner@@SGPAUCRuntimeClass@@XZ 005823a0 f   DlgEditBoardCorner.obj
 0002:000403e0       ?GetRuntimeClass@DlgEditBoardCorner@@UBEPAUCRuntimeClass@@XZ 005823e0 f   DlgEditBoardCorner.obj
 0002:00040420       ??0DlgEditBoardCorner@@QAE@PAVCWnd@@@Z 00582420 f   DlgEditBoardCorner.obj
 0002:00040560       ??_EDlgEditBoardCorner@@UAEPAXI@Z 00582560 f i DlgEditBoardCorner.obj
 0002:00040560       ??_GDlgEditBoardCorner@@UAEPAXI@Z 00582560 f i DlgEditBoardCorner.obj
 0002:000405d0       ??1DlgEditBoardCorner@@UAE@XZ 005825d0 f   DlgEditBoardCorner.obj
 0002:000406b0       ?DoDataExchange@DlgEditBoardCorner@@MAEXPAVCDataExchange@@@Z 005826b0 f   DlgEditBoardCorner.obj
 0002:00040830       ?Init@DlgEditBoardCorner@@QAEXPAV?$CStringT@DV?$StrTraitMFC_DLL@DV?$ChTraitsCRT@D@ATL@@@@@ATL@@HHH@Z 00582830 f   DlgEditBoardCorner.obj
 0002:000408b0       ?GetMessageMap@DlgEditBoardCorner@@MBEPBUAFX_MSGMAP@@XZ 005828b0 f   DlgEditBoardCorner.obj
 0002:00040900       ?GetThisMessageMap@DlgEditBoardCorner@@KGPBUAFX_MSGMAP@@XZ 00582900 f   DlgEditBoardCorner.obj
 0002:00040940       ?OnCbnSelchangeComboCornerUnits@DlgEditBoardCorner@@QAEXXZ 00582940 f   DlgEditBoardCorner.obj
 0002:000409e0       ?GetFields@DlgEditBoardCorner@@AAEXXZ 005829e0 f   DlgEditBoardCorner.obj
 0002:00040c00       ?SetFields@DlgEditBoardCorner@@AAEXXZ 00582c00 f   DlgEditBoardCorner.obj
 0002:00040e60       ?_GetBaseClass@CDlgEditNet@@KGPAUCRuntimeClass@@XZ 00582e60 f   DlgEditNet.obj
 0002:00040eb0       ?GetThisClass@CDlgEditNet@@SGPAUCRuntimeClass@@XZ 00582eb0 f   DlgEditNet.obj
 0002:00040ef0       ?GetRuntimeClass@CDlgEditNet@@UBEPAUCRuntimeClass@@XZ 00582ef0 f   DlgEditNet.obj
 0002:00040f30       ??0CDlgEditNet@@QAE@PAVCWnd@@@Z 00582f30 f   DlgEditNet.obj
 0002:00041160       ??_ECDlgEditNet@@UAEPAXI@Z 00583160 f i DlgEditNet.obj
 0002:00041160       ??_GCDlgEditNet@@UAEPAXI@Z 00583160 f i DlgEditNet.obj
 0002:000411d0       ??1CDlgEditNet@@UAE@XZ     005831d0 f   DlgEditNet.obj
 0002:000413c0       ?DoDataExchange@CDlgEditNet@@MAEXPAVCDataExchange@@@Z 005833c0 f   DlgEditNet.obj
 0002:000422c0       ?Initialize@CDlgEditNet@@QAEXPAV?$CArray@Unet_info@@ABU1@@@HPAVCPartList@@HHHHPAV?$CArray@HABH@@22PAV?$CStringT@DV?$StrTraitMFC_DLL@DV?$ChTraitsCRT@D@ATL@@@@@ATL@@@Z 005842c0 f   DlgEditNet.obj
 0002:000424e0       ?GetMessageMap@CDlgEditNet@@MBEPBUAFX_MSGMAP@@XZ 005844e0 f   DlgEditNet.obj
 0002:00042530       ?GetThisMessageMap@CDlgEditNet@@KGPBUAFX_MSGMAP@@XZ 00584530 f   DlgEditNet.obj
 0002:00042570       ?OnBnClickedRadioDefWidth@CDlgEditNet@@IAEXXZ 00584570 f   DlgEditNet.obj
 0002:000426d0       ?OnBnClickedRadioSetWidth@CDlgEditNet@@IAEXXZ 005846d0 f   DlgEditNet.obj
 0002:00042740       ?OnBnClickedButtonDelete@CDlgEditNet@@IAEXXZ 00584740 f   DlgEditNet.obj
 0002:00042b50       ?OnBnClickedButtonAdd@CDlgEditNet@@IAEXXZ 00584b50 f   DlgEditNet.obj
 0002:000436d0       ?OnInitDialog@CDlgEditNet@@MAEHXZ 005856d0 f   DlgEditNet.obj
 0002:00043c70       ?OnCbnSelchangeComboWidth@CDlgEditNet@@IAEXXZ 00585c70 f   DlgEditNet.obj
 0002:00043dd0       ?OnCbnEditchangeComboWidth@CDlgEditNet@@IAEXXZ 00585dd0 f   DlgEditNet.obj
 0002:00043f10       ?ChangeTraceWidth@CDlgEditNet@@IAEXV?$CStringT@DV?$StrTraitMFC_DLL@DV?$ChTraitsCRT@D@ATL@@@@@ATL@@@Z 00585f10 f   DlgEditNet.obj
 0002:00044510       ?SetFields@CDlgEditNet@@QAEXXZ 00586510 f   DlgEditNet.obj
 0002:00044550       ?GetFields@CDlgEditNet@@QAEXXZ 00586550 f   DlgEditNet.obj
 0002:00044590       ?OnEnUpdateEditAddPin@CDlgEditNet@@QAEXXZ 00586590 f   DlgEditNet.obj
 0002:00044610       ?OnBnClickedOk@CDlgEditNet@@QAEXXZ 00586610 f   DlgEditNet.obj
 0002:00044780       ?RemoveAt@?$CArray@V?$CStringT@DV?$StrTraitMFC_DLL@DV?$ChTraitsCRT@D@ATL@@@@@ATL@@ABV12@@@QAEXHH@Z 00586780 f i DlgEditNet.obj
 0002:00044950       ?GetSize@?$CArray@HABH@@QBEHXZ 00586950 f i DlgEditNet.obj
 0002:00044990       ?GetSize@?$CArray@Unet_info@@ABU1@@@QBEHXZ 00586990 f i DlgEditNet.obj
 0002:000449d0       ?SetSize@?$CArray@Unet_info@@ABU1@@@QAEXHH@Z 005869d0 f i DlgEditNet.obj
 0002:000450d0       ??A?$CArray@Unet_info@@ABU1@@@QAEAAUnet_info@@H@Z 005870d0 f i DlgEditNet.obj
 0002:00045130       ??0?$CArray@HH@@QAE@XZ     00587130 f i DlgEditNet.obj
 0002:000451c0       ?SetSize@?$CArray@HH@@QAEXHH@Z 005871c0 f i DlgEditNet.obj
 0002:00045750       ?GetData@?$CArray@HH@@QAEPAHXZ 00587750 f i DlgEditNet.obj
 0002:00045790       ??A?$CArray@HH@@QAEAAHH@Z  00587790 f i DlgEditNet.obj
 0002:000457f0       ??1?$CArray@HH@@UAE@XZ     005877f0 f i DlgEditNet.obj
 0002:00045900       ?Serialize@?$CArray@HH@@UAEXAAVCArchive@@@Z 00587900 f i DlgEditNet.obj
 0002:000459d0       ?Dump@?$CArray@HH@@UBEXAAVCDumpContext@@@Z 005879d0 f i DlgEditNet.obj
 0002:00045ab0       ?AssertValid@?$CArray@HH@@UBEXXZ 00587ab0 f i DlgEditNet.obj
 0002:00045c10       ??_Gnet_info@@QAEPAXI@Z    00587c10 f i DlgEditNet.obj
 0002:00045c80       ??0net_info@@QAE@XZ        00587c80 f i DlgEditNet.obj
 0002:00045d50       ??_E?$CArray@HH@@UAEPAXI@Z 00587d50 f i DlgEditNet.obj
 0002:00045d50       ??_G?$CArray@HH@@UAEPAXI@Z 00587d50 f i DlgEditNet.obj
 0002:00045dc0       ??1net_info@@QAE@XZ        00587dc0 f i DlgEditNet.obj
 0002:00045e90       ?ElementAt@?$CArray@Unet_info@@ABU1@@@QAEAAUnet_info@@H@Z 00587e90 f i DlgEditNet.obj
 0002:00045f40       ?ElementAt@?$CArray@HH@@QAEAAHH@Z 00587f40 f i DlgEditNet.obj
 0002:00045ff0       ??A?$CArray@HABH@@QAEAAHH@Z 00587ff0 f i DlgEditNet.obj
 0002:00046050       ?ElementAt@?$CArray@HABH@@QAEAAHH@Z 00588050 f i DlgEditNet.obj
 0002:00046100       ??$SerializeElements@H@@YGXAAVCArchive@@PAHH@Z 00588100 f i DlgEditNet.obj
 0002:000462f0       ??$DumpElements@H@@YGXAAVCDumpContext@@PBHH@Z 005882f0 f i DlgEditNet.obj
 0002:000463e0       ?_GetBaseClass@CDlgExportDsn@@KGPAUCRuntimeClass@@XZ 005883e0 f   DlgExportDsn.obj
 0002:00046430       ?GetThisClass@CDlgExportDsn@@SGPAUCRuntimeClass@@XZ 00588430 f   DlgExportDsn.obj
 0002:00046470       ?GetRuntimeClass@CDlgExportDsn@@UBEPAUCRuntimeClass@@XZ 00588470 f   DlgExportDsn.obj
 0002:000464b0       ??0CDlgExportDsn@@QAE@PAVCWnd@@@Z 005884b0 f   DlgExportDsn.obj
 0002:00046660       ??_ECDlgExportDsn@@UAEPAXI@Z 00588660 f i DlgExportDsn.obj
 0002:00046660       ??_GCDlgExportDsn@@UAEPAXI@Z 00588660 f i DlgExportDsn.obj
 0002:000466d0       ??1CDlgExportDsn@@UAE@XZ   005886d0 f   DlgExportDsn.obj
 0002:00046850       ?DoDataExchange@CDlgExportDsn@@MAEXPAVCDataExchange@@@Z 00588850 f   DlgExportDsn.obj
 0002:00046e00       ?GetMessageMap@CDlgExportDsn@@MBEPBUAFX_MSGMAP@@XZ 00588e00 f   DlgExportDsn.obj
 0002:00046e50       ?GetThisMessageMap@CDlgExportDsn@@KGPBUAFX_MSGMAP@@XZ 00588e50 f   DlgExportDsn.obj
 0002:00046e90       ?Initialize@CDlgExportDsn@@QAEXPAV?$CStringT@DV?$StrTraitMFC_DLL@DV?$ChTraitsCRT@D@ATL@@@@@ATL@@HHHH@Z 00588e90 f   DlgExportDsn.obj
 0002:00046f40       ?OnBnClickedOk@CDlgExportDsn@@QAEXXZ 00588f40 f   DlgExportDsn.obj
 0002:00046fb0       ?OnBnClickedCheckFromTo@CDlgExportDsn@@QAEXXZ 00588fb0 f   DlgExportDsn.obj
 0002:000470a0       ?OnBnClickedRadioAll@CDlgExportDsn@@QAEXXZ 005890a0 f   DlgExportDsn.obj
 0002:000470e0       ?OnBnClickedRadioLocked@CDlgExportDsn@@QAEXXZ 005890e0 f   DlgExportDsn.obj
 0002:00047120       ?OnBnClickedRadioNetLocked@CDlgExportDsn@@QAEXXZ 00589120 f   DlgExportDsn.obj
 0002:00047160       ?_GetBaseClass@CDlgFindPart@@KGPAUCRuntimeClass@@XZ 00589160 f   DlgFindPart.obj
 0002:000471b0       ?GetThisClass@CDlgFindPart@@SGPAUCRuntimeClass@@XZ 005891b0 f   DlgFindPart.obj
 0002:000471f0       ?GetRuntimeClass@CDlgFindPart@@UBEPAUCRuntimeClass@@XZ 005891f0 f   DlgFindPart.obj
 0002:00047230       ??0CDlgFindPart@@QAE@PAVCWnd@@@Z 00589230 f   DlgFindPart.obj
 0002:00047320       ??_ECDlgFindPart@@UAEPAXI@Z 00589320 f i DlgFindPart.obj
 0002:00047320       ??_GCDlgFindPart@@UAEPAXI@Z 00589320 f i DlgFindPart.obj
 0002:00047390       ??1CDlgFindPart@@UAE@XZ    00589390 f   DlgFindPart.obj
 0002:00047460       ?DoDataExchange@CDlgFindPart@@MAEXPAVCDataExchange@@@Z 00589460 f   DlgFindPart.obj
 0002:00047570       ?GetMessageMap@CDlgFindPart@@MBEPBUAFX_MSGMAP@@XZ 00589570 f   DlgFindPart.obj
 0002:000475c0       ?GetThisMessageMap@CDlgFindPart@@KGPBUAFX_MSGMAP@@XZ 005895c0 f   DlgFindPart.obj
 0002:00047600       ?Initialize@CDlgFindPart@@QAEXPAVCPartList@@@Z 00589600 f   DlgFindPart.obj
 0002:00047650       ?_GetBaseClass@CDlgFpRefText@@KGPAUCRuntimeClass@@XZ 00589650 f   DlgFpRefText.obj
 0002:000476a0       ?GetThisClass@CDlgFpRefText@@SGPAUCRuntimeClass@@XZ 005896a0 f   DlgFpRefText.obj
 0002:000476e0       ?GetRuntimeClass@CDlgFpRefText@@UBEPAUCRuntimeClass@@XZ 005896e0 f   DlgFpRefText.obj
 0002:00047720       ??0CDlgFpRefText@@QAE@PAVCWnd@@@Z 00589720 f   DlgFpRefText.obj
 0002:00047860       ??_GCDlgFpRefText@@UAEPAXI@Z 00589860 f i DlgFpRefText.obj
 0002:00047860       ??_ECDlgFpRefText@@UAEPAXI@Z 00589860 f i DlgFpRefText.obj
 0002:000478d0       ??1CDlgFpRefText@@UAE@XZ   005898d0 f   DlgFpRefText.obj
 0002:00047a00       ?Initialize@CDlgFpRefText@@QAEXHHH@Z 00589a00 f   DlgFpRefText.obj
 0002:00047a70       ?DoDataExchange@CDlgFpRefText@@MAEXPAVCDataExchange@@@Z 00589a70 f   DlgFpRefText.obj
 0002:00047c70       ?GetMessageMap@CDlgFpRefText@@MBEPBUAFX_MSGMAP@@XZ 00589c70 f   DlgFpRefText.obj
 0002:00047cc0       ?GetThisMessageMap@CDlgFpRefText@@KGPBUAFX_MSGMAP@@XZ 00589cc0 f   DlgFpRefText.obj
 0002:00047d00       ?OnBnClickedRadioSet@CDlgFpRefText@@AAEXXZ 00589d00 f   DlgFpRefText.obj
 0002:00047d60       ?OnBnClickedRadioDef@CDlgFpRefText@@AAEXXZ 00589d60 f   DlgFpRefText.obj
 0002:00047dc0       ?OnCbnSelchangeComboRefTextUnits@CDlgFpRefText@@AAEXXZ 00589dc0 f   DlgFpRefText.obj
 0002:00047e60       ?OnEnChangeEditCharHeight@CDlgFpRefText@@AAEXXZ 00589e60 f   DlgFpRefText.obj
 0002:00048110       ?GetFields@CDlgFpRefText@@AAEXXZ 0058a110 f   DlgFpRefText.obj
 0002:000483b0       ?SetFields@CDlgFpRefText@@AAEXXZ 0058a3b0 f   DlgFpRefText.obj
 0002:00048720       ?_GetBaseClass@CDlgFpText@@KGPAUCRuntimeClass@@XZ 0058a720 f   DlgFpText.obj
 0002:00048770       ?GetThisClass@CDlgFpText@@SGPAUCRuntimeClass@@XZ 0058a770 f   DlgFpText.obj
 0002:000487b0       ?GetRuntimeClass@CDlgFpText@@UBEPAUCRuntimeClass@@XZ 0058a7b0 f   DlgFpText.obj
 0002:000487f0       ??0CDlgFpText@@QAE@PAVCWnd@@@Z 0058a7f0 f   DlgFpText.obj
 0002:000489e0       ??_GCDlgFpText@@UAEPAXI@Z  0058a9e0 f i DlgFpText.obj
 0002:000489e0       ??_ECDlgFpText@@UAEPAXI@Z  0058a9e0 f i DlgFpText.obj
 0002:00048a50       ??1CDlgFpText@@UAE@XZ      0058aa50 f   DlgFpText.obj
 0002:00048c10       ?DoDataExchange@CDlgFpText@@MAEXPAVCDataExchange@@@Z 0058ac10 f   DlgFpText.obj
 0002:00048fa0       ?GetMessageMap@CDlgFpText@@MBEPBUAFX_MSGMAP@@XZ 0058afa0 f   DlgFpText.obj
 0002:00048ff0       ?GetThisMessageMap@CDlgFpText@@KGPBUAFX_MSGMAP@@XZ 0058aff0 f   DlgFpText.obj
 0002:00049030       ?Initialize@CDlgFpText@@QAEXHHPAV?$CStringT@DV?$StrTraitMFC_DLL@DV?$ChTraitsCRT@D@ATL@@@@@ATL@@HHHHHH@Z 0058b030 f   DlgFpText.obj
 0002:00049190       ?OnInitDialog@CDlgFpText@@UAEHXZ 0058b190 f   DlgFpText.obj
 0002:00049660       ?OnBnClickedSetWidth@CDlgFpText@@QAEXXZ 0058b660 f   DlgFpText.obj
 0002:000496e0       ?OnBnClickedDefWidth@CDlgFpText@@QAEXXZ 0058b6e0 f   DlgFpText.obj
 0002:00049770       ?OnEnChangeEditHeight@CDlgFpText@@QAEXXZ 0058b770 f   DlgFpText.obj
 0002:00049a10       ?OnBnClickedOk@CDlgFpText@@QAEXXZ 0058ba10 f   DlgFpText.obj
 0002:00049a80       ?OnBnClickedSetPosition@CDlgFpText@@QAEXXZ 0058ba80 f   DlgFpText.obj
 0002:00049b20       ?OnBnClickedDrag@CDlgFpText@@QAEXXZ 0058bb20 f   DlgFpText.obj
 0002:00049bc0       ?OnCbnSelchangeComboAddTextUnits@CDlgFpText@@QAEXXZ 0058bbc0 f   DlgFpText.obj
 0002:00049c80       ?GetFields@CDlgFpText@@QAEXXZ 0058bc80 f   DlgFpText.obj
 0002:00049f00       ?SetFields@CDlgFpText@@QAEXXZ 0058bf00 f   DlgFpText.obj
 0002:0004a150       ?_GetBaseClass@CDlgGlue@@KGPAUCRuntimeClass@@XZ 0058c150 f   DlgGlue.obj
 0002:0004a1a0       ?GetThisClass@CDlgGlue@@SGPAUCRuntimeClass@@XZ 0058c1a0 f   DlgGlue.obj
 0002:0004a1e0       ?GetRuntimeClass@CDlgGlue@@UBEPAUCRuntimeClass@@XZ 0058c1e0 f   DlgGlue.obj
 0002:0004a220       ??0CDlgGlue@@QAE@PAVCWnd@@@Z 0058c220 f   DlgGlue.obj
 0002:0004a3a0       ??_GCDlgGlue@@UAEPAXI@Z    0058c3a0 f i DlgGlue.obj
 0002:0004a3a0       ??_ECDlgGlue@@UAEPAXI@Z    0058c3a0 f i DlgGlue.obj
 0002:0004a410       ??1CDlgGlue@@UAE@XZ        0058c410 f   DlgGlue.obj
 0002:0004a580       ?DoDataExchange@CDlgGlue@@MAEXPAVCDataExchange@@@Z 0058c580 f   DlgGlue.obj
 0002:0004a770       ?GetMessageMap@CDlgGlue@@MBEPBUAFX_MSGMAP@@XZ 0058c770 f   DlgGlue.obj
 0002:0004a7c0       ?GetThisMessageMap@CDlgGlue@@KGPBUAFX_MSGMAP@@XZ 0058c7c0 f   DlgGlue.obj
 0002:0004a800       ?Initialize@CDlgGlue@@QAEXW4GLUE_POS_TYPE@@HHHH@Z 0058c800 f   DlgGlue.obj
 0002:0004a8b0       ?SetFields@CDlgGlue@@QAEXXZ 0058c8b0 f   DlgGlue.obj
 0002:0004abd0       ?GetFields@CDlgGlue@@QAEXXZ 0058cbd0 f   DlgGlue.obj
 0002:0004ae50       ?OnBnClickedDefault@CDlgGlue@@QAEXXZ 0058ce50 f   DlgGlue.obj
 0002:0004aeb0       ?OnBnClickedSet@CDlgGlue@@QAEXXZ 0058ceb0 f   DlgGlue.obj
 0002:0004af10       ?OnCbnSelChangeCombo1@CDlgGlue@@QAEXXZ 0058cf10 f   DlgGlue.obj
 0002:0004afb0       ?OnBnClickedDrag@CDlgGlue@@QAEXXZ 0058cfb0 f   DlgGlue.obj
 0002:0004b010       ?OnBnClickedDefaultSize@CDlgGlue@@QAEXXZ 0058d010 f   DlgGlue.obj
 0002:0004b070       ?OnBnClickedRadioSetSize@CDlgGlue@@QAEXXZ 0058d070 f   DlgGlue.obj
 0002:0004b0d0       ?ListCompare@@YGHJJJ@Z     0058d0d0 f   DlgGroupPaste.obj
 0002:0004b450       ?_GetBaseClass@CDlgGroupPaste@@KGPAUCRuntimeClass@@XZ 0058d450 f   DlgGroupPaste.obj
 0002:0004b4a0       ?GetThisClass@CDlgGroupPaste@@SGPAUCRuntimeClass@@XZ 0058d4a0 f   DlgGroupPaste.obj
 0002:0004b4e0       ?GetRuntimeClass@CDlgGroupPaste@@UBEPAUCRuntimeClass@@XZ 0058d4e0 f   DlgGroupPaste.obj
 0002:0004b520       ??0CDlgGroupPaste@@QAE@PAVCWnd@@@Z 0058d520 f   DlgGroupPaste.obj
 0002:0004b780       ??_ECDlgGroupPaste@@UAEPAXI@Z 0058d780 f i DlgGroupPaste.obj
 0002:0004b780       ??_GCDlgGroupPaste@@UAEPAXI@Z 0058d780 f i DlgGroupPaste.obj
 0002:0004b7f0       ??1CDlgGroupPaste@@UAE@XZ  0058d7f0 f   DlgGroupPaste.obj
 0002:0004ba40       ?DoDataExchange@CDlgGroupPaste@@MAEXPAVCDataExchange@@@Z 0058da40 f   DlgGroupPaste.obj
 0002:0004c6e0       ?GetMessageMap@CDlgGroupPaste@@MBEPBUAFX_MSGMAP@@XZ 0058e6e0 f   DlgGroupPaste.obj
 0002:0004c730       ?GetThisMessageMap@CDlgGroupPaste@@KGPBUAFX_MSGMAP@@XZ 0058e730 f   DlgGroupPaste.obj
 0002:0004c770       ?Initialize@CDlgGroupPaste@@QAEXPAVCNetList@@@Z 0058e770 f   DlgGroupPaste.obj
 0002:0004c840       ?SetFields@CDlgGroupPaste@@QAEXXZ 0058e840 f   DlgGroupPaste.obj
 0002:0004cc10       ?OnBnClickedRadioUseGroupRef@CDlgGroupPaste@@QAEXXZ 0058ec10 f   DlgGroupPaste.obj
 0002:0004cc60       ?OnBnClickedRadioUseNextRef@CDlgGroupPaste@@QAEXXZ 0058ec60 f   DlgGroupPaste.obj
 0002:0004ccb0       ?OnBnClickedRadioAddRefOffset@CDlgGroupPaste@@QAEXXZ 0058ecb0 f   DlgGroupPaste.obj
 0002:0004cd00       ?OnBnClickedRadioUseGroupNets@CDlgGroupPaste@@QAEXXZ 0058ed00 f   DlgGroupPaste.obj
 0002:0004cd50       ?OnBnClickedRadioUseSelectedNets@CDlgGroupPaste@@QAEXXZ 0058ed50 f   DlgGroupPaste.obj
 0002:0004cda0       ?OnBnClickedRadioUseSuffix@CDlgGroupPaste@@QAEXXZ 0058eda0 f   DlgGroupPaste.obj
 0002:0004cdf0       ?OnBnClickedRadioMakeNewNames@CDlgGroupPaste@@QAEXXZ 0058edf0 f   DlgGroupPaste.obj
 0002:0004ce40       ?OnBnClickedRadioDrag@CDlgGroupPaste@@QAEXXZ 0058ee40 f   DlgGroupPaste.obj
 0002:0004ce90       ?OnBnClickedRadioOffset@CDlgGroupPaste@@QAEXXZ 0058ee90 f   DlgGroupPaste.obj
 0002:0004cee0       ?OnCbnSelchangeComboGroupUnits@CDlgGroupPaste@@QAEXXZ 0058eee0 f   DlgGroupPaste.obj
 0002:0004cf20       ?OnBnClickedRadioRetainAll@CDlgGroupPaste@@QAEXXZ 0058ef20 f   DlgGroupPaste.obj
 0002:0004cf60       ?OnBnClickedRadioRetainTraces@CDlgGroupPaste@@QAEXXZ 0058ef60 f   DlgGroupPaste.obj
 0002:0004cfa0       ?OnLvnColumnClickListSelectGroupNets@CDlgGroupPaste@@QAEXPAUtagNMHDR@@PAJ@Z 0058efa0 f   DlgGroupPaste.obj
 0002:0004d1f0       ??0?$CArray@Unet_info@@ABU1@@@QAE@XZ 0058f1f0 f i DlgGroupPaste.obj
 0002:0004d280       ?Serialize@?$CArray@Unet_info@@ABU1@@@UAEXAAVCArchive@@@Z 0058f280 f i DlgGroupPaste.obj
 0002:0004d350       ?Dump@?$CArray@Unet_info@@ABU1@@@UBEXAAVCDumpContext@@@Z 0058f350 f i DlgGroupPaste.obj
 0002:0004d430       ?AssertValid@?$CArray@Unet_info@@ABU1@@@UBEXXZ 0058f430 f i DlgGroupPaste.obj
 0002:0004d590       ??_E?$CArray@Unet_info@@ABU1@@@UAEPAXI@Z 0058f590 f i DlgGroupPaste.obj
 0002:0004d590       ??_G?$CArray@Unet_info@@ABU1@@@UAEPAXI@Z 0058f590 f i DlgGroupPaste.obj
 0002:0004d600       ??1?$CArray@Unet_info@@ABU1@@@UAE@XZ 0058f600 f i DlgGroupPaste.obj
 0002:0004d730       ??$SerializeElements@Unet_info@@@@YGXAAVCArchive@@PAUnet_info@@H@Z 0058f730 f i DlgGroupPaste.obj
 0002:0004d920       ??$DumpElements@Unet_info@@@@YGXAAVCDumpContext@@PBUnet_info@@H@Z 0058f920 f i DlgGroupPaste.obj
 0002:0004da10       ?_GetBaseClass@CDlgHole@@KGPAUCRuntimeClass@@XZ 0058fa10 f   DlgHole.obj
 0002:0004da60       ?GetThisClass@CDlgHole@@SGPAUCRuntimeClass@@XZ 0058fa60 f   DlgHole.obj
 0002:0004daa0       ?GetRuntimeClass@CDlgHole@@UBEPAUCRuntimeClass@@XZ 0058faa0 f   DlgHole.obj
 0002:0004dae0       ??0CDlgHole@@QAE@PAVCWnd@@@Z 0058fae0 f   DlgHole.obj
 0002:0004dc40       ??_ECDlgHole@@UAEPAXI@Z    0058fc40 f i DlgHole.obj
 0002:0004dc40       ??_GCDlgHole@@UAEPAXI@Z    0058fc40 f i DlgHole.obj
 0002:0004dcb0       ??1CDlgHole@@UAE@XZ        0058fcb0 f   DlgHole.obj
 0002:0004de00       ?DoDataExchange@CDlgHole@@MAEXPAVCDataExchange@@@Z 0058fe00 f   DlgHole.obj
 0002:0004dfa0       ?GetMessageMap@CDlgHole@@MBEPBUAFX_MSGMAP@@XZ 0058ffa0 f   DlgHole.obj
 0002:0004dff0       ?GetThisMessageMap@CDlgHole@@KGPBUAFX_MSGMAP@@XZ 0058fff0 f   DlgHole.obj
 0002:0004e030       ?Initialize@CDlgHole@@QAEXHHHHH@Z 00590030 f   DlgHole.obj
 0002:0004e0d0       ?SetFields@CDlgHole@@QAEXXZ 005900d0 f   DlgHole.obj
 0002:0004e3f0       ?GetFields@CDlgHole@@QAEXXZ 005903f0 f   DlgHole.obj
 0002:0004e5f0       ?OnCbnSelChangeCombo1@CDlgHole@@QAEXXZ 005905f0 f   DlgHole.obj
 0002:0004e690       ?OnBnClickedSet@CDlgHole@@QAEXXZ 00590690 f   DlgHole.obj
 0002:0004e6f0       ?OnBnClickedDrag@CDlgHole@@QAEXXZ 005906f0 f   DlgHole.obj
 0002:0004e750       ?OnBnClickedPlated@CDlgHole@@QAEXXZ 00590750 f   DlgHole.obj
 0002:0004e7b0       ?OnBnClickedUnplated@CDlgHole@@QAEXXZ 005907b0 f   DlgHole.obj
 0002:0004e810       ?_GetBaseClass@CDlgImportFootprint@@KGPAUCRuntimeClass@@XZ 00590810 f   DlgImportFootprint.obj
 0002:0004e860       ?GetThisClass@CDlgImportFootprint@@SGPAUCRuntimeClass@@XZ 00590860 f   DlgImportFootprint.obj
 0002:0004e8a0       ?GetRuntimeClass@CDlgImportFootprint@@UBEPAUCRuntimeClass@@XZ 005908a0 f   DlgImportFootprint.obj
 0002:0004e8e0       ??0CDlgImportFootprint@@QAE@PAVCWnd@@@Z 005908e0 f   DlgImportFootprint.obj
 0002:0004eb50       ??_ECDlgImportFootprint@@UAEPAXI@Z 00590b50 f i DlgImportFootprint.obj
 0002:0004eb50       ??_GCDlgImportFootprint@@UAEPAXI@Z 00590b50 f i DlgImportFootprint.obj
 0002:0004ebc0       ??1CDlgImportFootprint@@UAE@XZ 00590bc0 f   DlgImportFootprint.obj
 0002:0004ed80       ?DoDataExchange@CDlgImportFootprint@@MAEXPAVCDataExchange@@@Z 00590d80 f   DlgImportFootprint.obj
 0002:0004eea0       ?GetMessageMap@CDlgImportFootprint@@MBEPBUAFX_MSGMAP@@XZ 00590ea0 f   DlgImportFootprint.obj
 0002:0004eef0       ?GetThisMessageMap@CDlgImportFootprint@@KGPBUAFX_MSGMAP@@XZ 00590ef0 f   DlgImportFootprint.obj
 0002:0004ef30       ?InitInstance@CDlgImportFootprint@@QAEXPAVCMapStringToPtr@@PAVCFootLibFolderMap@@PAVCDlgLog@@@Z 00590f30 f   DlgImportFootprint.obj
 0002:0004efe0       ?OnInitDialog@CDlgImportFootprint@@EAEHXZ 00590fe0 f   DlgImportFootprint.obj
 0002:0004f040       ?OnBnClickedButtonBrowseLibFolder@CDlgImportFootprint@@QAEXXZ 00591040 f   DlgImportFootprint.obj
 0002:0004f310       ?OnTvnSelchangedPartLibTree@CDlgImportFootprint@@AAEXPAUtagNMHDR@@PAJ@Z 00591310 f   DlgImportFootprint.obj
 0002:0004fa50       ?InitPartLibTree@CDlgImportFootprint@@QAEXXZ 00591a50 f   DlgImportFootprint.obj
 0002:00050080       ?OnBnClickedOk@CDlgImportFootprint@@QAEXXZ 00592080 f   DlgImportFootprint.obj
 0002:00050290       ?OnBnClickedCancel@CDlgImportFootprint@@QAEXXZ 00592290 f   DlgImportFootprint.obj
 0002:00050450       ?GetExpanded@CFootLibFolder@@QAEHH@Z 00592450 f i DlgImportFootprint.obj
 0002:000504b0       ?_GetBaseClass@CDlgImportOptions@@KGPAUCRuntimeClass@@XZ 005924b0 f   DlgImportOptions.obj
 0002:00050500       ?GetThisClass@CDlgImportOptions@@SGPAUCRuntimeClass@@XZ 00592500 f   DlgImportOptions.obj
 0002:00050540       ?GetRuntimeClass@CDlgImportOptions@@UBEPAUCRuntimeClass@@XZ 00592540 f   DlgImportOptions.obj
 0002:00050580       ??0CDlgImportOptions@@QAE@PAVCWnd@@@Z 00592580 f   DlgImportOptions.obj
 0002:00050730       ??_ECDlgImportOptions@@UAEPAXI@Z 00592730 f i DlgImportOptions.obj
 0002:00050730       ??_GCDlgImportOptions@@UAEPAXI@Z 00592730 f i DlgImportOptions.obj
 0002:000507a0       ??1CDlgImportOptions@@UAE@XZ 005927a0 f   DlgImportOptions.obj
 0002:00050940       ?DoDataExchange@CDlgImportOptions@@MAEXPAVCDataExchange@@@Z 00592940 f   DlgImportOptions.obj
 0002:00050fc0       ?GetMessageMap@CDlgImportOptions@@MBEPBUAFX_MSGMAP@@XZ 00592fc0 f   DlgImportOptions.obj
 0002:00051010       ?GetThisMessageMap@CDlgImportOptions@@KGPBUAFX_MSGMAP@@XZ 00593010 f   DlgImportOptions.obj
 0002:00051050       ?Initialize@CDlgImportOptions@@QAEXH@Z 00593050 f   DlgImportOptions.obj
 0002:000510a0       ?OnBnClickedSaveAndImport@CDlgImportOptions@@QAEXXZ 005930a0 f   DlgImportOptions.obj
 0002:00051130       ?OnBnClickedOk@CDlgImportOptions@@QAEXXZ 00593130 f   DlgImportOptions.obj
 0002:000511c0       ?_GetBaseClass@CDlgImportSes@@KGPAUCRuntimeClass@@XZ 005931c0 f   DlgImportSes.obj
 0002:00051210       ?GetThisClass@CDlgImportSes@@SGPAUCRuntimeClass@@XZ 00593210 f   DlgImportSes.obj
 0002:00051250       ?GetRuntimeClass@CDlgImportSes@@UBEPAUCRuntimeClass@@XZ 00593250 f   DlgImportSes.obj
 0002:00051290       ??0CDlgImportSes@@QAE@PAVCWnd@@@Z 00593290 f   DlgImportSes.obj
 0002:000513e0       ??_ECDlgImportSes@@UAEPAXI@Z 005933e0 f i DlgImportSes.obj
 0002:000513e0       ??_GCDlgImportSes@@UAEPAXI@Z 005933e0 f i DlgImportSes.obj
 0002:00051450       ??1CDlgImportSes@@UAE@XZ   00593450 f   DlgImportSes.obj
 0002:00051580       ?DoDataExchange@CDlgImportSes@@MAEXPAVCDataExchange@@@Z 00593580 f   DlgImportSes.obj
 0002:00051880       ?GetMessageMap@CDlgImportSes@@MBEPBUAFX_MSGMAP@@XZ 00593880 f   DlgImportSes.obj
 0002:000518d0       ?GetThisMessageMap@CDlgImportSes@@KGPBUAFX_MSGMAP@@XZ 005938d0 f   DlgImportSes.obj
 0002:00051910       ?Initialize@CDlgImportSes@@QAEXPAV?$CStringT@DV?$StrTraitMFC_DLL@DV?$ChTraitsCRT@D@ATL@@@@@ATL@@0PAVCFreePcbDoc@@@Z 00593910 f   DlgImportSes.obj
 0002:000519c0       ?OnBnClickedButtonDef@CDlgImportSes@@QAEXXZ 005939c0 f   DlgImportSes.obj
 0002:00051a60       ?OnBnClickedButtonBrowse@CDlgImportSes@@QAEXXZ 00593a60 f   DlgImportSes.obj
 0002:00051c00       ?_GetBaseClass@CDlgIndexing@@KGPAUCRuntimeClass@@XZ 00593c00 f   DlgIndexing.obj
 0002:00051c50       ?GetThisClass@CDlgIndexing@@SGPAUCRuntimeClass@@XZ 00593c50 f   DlgIndexing.obj
 0002:00051c90       ?GetRuntimeClass@CDlgIndexing@@UBEPAUCRuntimeClass@@XZ 00593c90 f   DlgIndexing.obj
 0002:00051cd0       ??0CDlgIndexing@@QAE@PAVCWnd@@@Z 00593cd0 f   DlgIndexing.obj
 0002:00051d40       ??_ECDlgIndexing@@UAEPAXI@Z 00593d40 f i DlgIndexing.obj
 0002:00051d40       ??_GCDlgIndexing@@UAEPAXI@Z 00593d40 f i DlgIndexing.obj
 0002:00051db0       ??1CDlgIndexing@@UAE@XZ    00593db0 f   DlgIndexing.obj
 0002:00051e10       ?DoDataExchange@CDlgIndexing@@MAEXPAVCDataExchange@@@Z 00593e10 f   DlgIndexing.obj
 0002:00051e70       ?GetMessageMap@CDlgIndexing@@MBEPBUAFX_MSGMAP@@XZ 00593e70 f   DlgIndexing.obj
 0002:00051ec0       ?GetThisMessageMap@CDlgIndexing@@KGPBUAFX_MSGMAP@@XZ 00593ec0 f   DlgIndexing.obj
 0002:00051f00       ??0CivexDlg@@QAE@PAVCWnd@@@Z 00593f00 f   DlgIvex.obj
 0002:00052060       ??_GCivexDlg@@UAEPAXI@Z    00594060 f i DlgIvex.obj
 0002:00052060       ??_ECivexDlg@@UAEPAXI@Z    00594060 f i DlgIvex.obj
 0002:000520d0       ??1CivexDlg@@UAE@XZ        005940d0 f i DlgIvex.obj
 0002:000521f0       ?DoDataExchange@CivexDlg@@MAEXPAVCDataExchange@@@Z 005941f0 f   DlgIvex.obj
 0002:000522a0       ?GetMessageMap@CivexDlg@@MBEPBUAFX_MSGMAP@@XZ 005942a0 f   DlgIvex.obj
 0002:000522f0       ?GetThisMessageMap@CivexDlg@@KGPBUAFX_MSGMAP@@XZ 005942f0 f   DlgIvex.obj
 0002:00052330       ?OnInitDialog@CivexDlg@@MAEHXZ 00594330 f   DlgIvex.obj
 0002:00052390       ?OnSysCommand@CivexDlg@@IAEXIJ@Z 00594390 f   DlgIvex.obj
 0002:000523f0       ?OnPaint@CivexDlg@@IAEXXZ  005943f0 f   DlgIvex.obj
 0002:000525f0       ?OnQueryDragIcon@CivexDlg@@IAEPAUHICON__@@XZ 005945f0 f   DlgIvex.obj
 0002:00052630       ?OnBnClickedButtonInfile@CivexDlg@@QAEXXZ 00594630 f   DlgIvex.obj
 0002:00052960       ?OnBnClickedButtonOutfile@CivexDlg@@QAEXXZ 00594960 f   DlgIvex.obj
 0002:000529a0       ?OnEnChangeEditInfile@CivexDlg@@QAEXXZ 005949a0 f   DlgIvex.obj
 0002:000529e0       ?OnEnChangeEditOutfile@CivexDlg@@QAEXXZ 005949e0 f   DlgIvex.obj
 0002:00052a20       ?OnBnClickedConvert@CivexDlg@@QAEXXZ 00594a20 f   DlgIvex.obj
 0002:00053020       ?_GetBaseClass@CDlgLayers@@KGPAUCRuntimeClass@@XZ 00595020 f   DlgLayers.obj
 0002:00053070       ?GetThisClass@CDlgLayers@@SGPAUCRuntimeClass@@XZ 00595070 f   DlgLayers.obj
 0002:000530b0       ?GetRuntimeClass@CDlgLayers@@UBEPAUCRuntimeClass@@XZ 005950b0 f   DlgLayers.obj
 0002:000530f0       ??0CDlgLayers@@QAE@PAVCWnd@@@Z 005950f0 f   DlgLayers.obj
 0002:000531c0       ??_ECDlgLayers@@UAEPAXI@Z  005951c0 f i DlgLayers.obj
 0002:000531c0       ??_GCDlgLayers@@UAEPAXI@Z  005951c0 f i DlgLayers.obj
 0002:00053230       ??1CDlgLayers@@UAE@XZ      00595230 f   DlgLayers.obj
 0002:000532f0       ?DoDataExchange@CDlgLayers@@MAEXPAVCDataExchange@@@Z 005952f0 f   DlgLayers.obj
 0002:000534c0       ?GetMessageMap@CDlgLayers@@MBEPBUAFX_MSGMAP@@XZ 005954c0 f   DlgLayers.obj
 0002:00053510       ?GetThisMessageMap@CDlgLayers@@KGPBUAFX_MSGMAP@@XZ 00595510 f   DlgLayers.obj
 0002:00053550       ?Initialize@CDlgLayers@@QAEXHQAHQAY02HH@Z 00595550 f   DlgLayers.obj
 0002:00053670       ?OnCtlColor@CDlgLayers@@QAEPAUHBRUSH__@@PAVCDC@@PAVCWnd@@I@Z 00595670 f   DlgLayers.obj
 0002:00053820       ?OnBnClickedButtonLayer1@CDlgLayers@@QAEXXZ 00595820 f   DlgLayers.obj
 0002:00053880       ?OnBnClickedButtonLayer2@CDlgLayers@@QAEXXZ 00595880 f   DlgLayers.obj
 0002:000538e0       ?OnBnClickedButtonLayer3@CDlgLayers@@QAEXXZ 005958e0 f   DlgLayers.obj
 0002:00053940       ?OnBnClickedButtonLayer4@CDlgLayers@@QAEXXZ 00595940 f   DlgLayers.obj
 0002:000539a0       ?OnBnClickedButtonLayer5@CDlgLayers@@QAEXXZ 005959a0 f   DlgLayers.obj
 0002:00053a00       ?OnBnClickedButtonLayer6@CDlgLayers@@QAEXXZ 00595a00 f   DlgLayers.obj
 0002:00053a60       ?OnBnClickedButtonLayer7@CDlgLayers@@QAEXXZ 00595a60 f   DlgLayers.obj
 0002:00053ac0       ?OnBnClickedButtonLayer8@CDlgLayers@@QAEXXZ 00595ac0 f   DlgLayers.obj
 0002:00053b20       ?OnBnClickedButtonLayer9@CDlgLayers@@QAEXXZ 00595b20 f   DlgLayers.obj
 0002:00053b80       ?OnBnClickedButtonLayer10@CDlgLayers@@QAEXXZ 00595b80 f   DlgLayers.obj
 0002:00053be0       ?OnBnClickedButtonLayer11@CDlgLayers@@QAEXXZ 00595be0 f   DlgLayers.obj
 0002:00053c40       ?OnBnClickedButtonLayer12@CDlgLayers@@QAEXXZ 00595c40 f   DlgLayers.obj
 0002:00053ca0       ?OnBnClickedButtonLayer13@CDlgLayers@@QAEXXZ 00595ca0 f   DlgLayers.obj
 0002:00053d00       ?OnBnClickedButtonLayer14@CDlgLayers@@QAEXXZ 00595d00 f   DlgLayers.obj
 0002:00053d60       ?OnBnClickedButtonLayer15@CDlgLayers@@QAEXXZ 00595d60 f   DlgLayers.obj
 0002:00053dc0       ?OnBnClickedButtonLayer16@CDlgLayers@@QAEXXZ 00595dc0 f   DlgLayers.obj
 0002:00053e20       ?OnBnClickedButtonLayer17@CDlgLayers@@QAEXXZ 00595e20 f   DlgLayers.obj
 0002:00053e80       ?OnBnClickedButtonLayer18@CDlgLayers@@QAEXXZ 00595e80 f   DlgLayers.obj
 0002:00053ee0       ?OnBnClickedButtonLayer19@CDlgLayers@@QAEXXZ 00595ee0 f   DlgLayers.obj
 0002:00053f40       ?OnBnClickedButtonLayer20@CDlgLayers@@QAEXXZ 00595f40 f   DlgLayers.obj
 0002:00053fa0       ?OnBnClickedButtonLayer21@CDlgLayers@@QAEXXZ 00595fa0 f   DlgLayers.obj
 0002:00054000       ?OnBnClickedButtonLayer22@CDlgLayers@@QAEXXZ 00596000 f   DlgLayers.obj
 0002:00054060       ?OnBnClickedButtonLayer23@CDlgLayers@@QAEXXZ 00596060 f   DlgLayers.obj
 0002:000540c0       ?OnBnClickedButtonLayer24@CDlgLayers@@QAEXXZ 005960c0 f   DlgLayers.obj
 0002:00054120       ?OnBnClickedButtonLayer25@CDlgLayers@@QAEXXZ 00596120 f   DlgLayers.obj
 0002:00054180       ?OnBnClickedButtonLayer26@CDlgLayers@@QAEXXZ 00596180 f   DlgLayers.obj
 0002:000541e0       ?OnBnClickedButtonLayer27@CDlgLayers@@QAEXXZ 005961e0 f   DlgLayers.obj
 0002:00054240       ?OnBnClickedButtonLayer28@CDlgLayers@@QAEXXZ 00596240 f   DlgLayers.obj
 0002:000542a0       ?OnBnClickedButtonLayer29@CDlgLayers@@QAEXXZ 005962a0 f   DlgLayers.obj
 0002:00054300       ?OnBnClickedButtonLayer30@CDlgLayers@@QAEXXZ 00596300 f   DlgLayers.obj
 0002:00054360       ?OnBnClickedButtonLayer31@CDlgLayers@@QAEXXZ 00596360 f   DlgLayers.obj
 0002:000543c0       ?EditColor@CDlgLayers@@QAEXH@Z 005963c0 f   DlgLayers.obj
 0002:000545b0       ??1CColorDialog@@UAE@XZ    005965b0 f i DlgLayers.obj
 0002:00054600       ??1CCommonDialog@@UAE@XZ   00596600 f i DlgLayers.obj
 0002:00054660       ??_ECCommonDialog@@UAEPAXI@Z 00596660 f i DlgLayers.obj
 0002:00054660       ??_GCCommonDialog@@UAEPAXI@Z 00596660 f i DlgLayers.obj
 0002:000546d0       _cpdf_getCurrentTextX      005966d0 f   DlgLibraryManager.obj
 0002:00054730       _cpdf_getCurrentTextY      00596730 f   DlgLibraryManager.obj
 0002:00054790       ?_GetBaseClass@CDlgLibraryManager@@KGPAUCRuntimeClass@@XZ 00596790 f   DlgLibraryManager.obj
 0002:000547e0       ?GetThisClass@CDlgLibraryManager@@SGPAUCRuntimeClass@@XZ 005967e0 f   DlgLibraryManager.obj
 0002:00054820       ?GetRuntimeClass@CDlgLibraryManager@@UBEPAUCRuntimeClass@@XZ 00596820 f   DlgLibraryManager.obj
 0002:00054860       ??0CDlgLibraryManager@@QAE@PAVCWnd@@@Z 00596860 f   DlgLibraryManager.obj
 0002:00054970       ??_GCDlgLibraryManager@@UAEPAXI@Z 00596970 f i DlgLibraryManager.obj
 0002:00054970       ??_ECDlgLibraryManager@@UAEPAXI@Z 00596970 f i DlgLibraryManager.obj
 0002:000549e0       ??1CDlgLibraryManager@@UAE@XZ 005969e0 f   DlgLibraryManager.obj
 0002:00054ae0       ?DoDataExchange@CDlgLibraryManager@@MAEXPAVCDataExchange@@@Z 00596ae0 f   DlgLibraryManager.obj
 0002:00054e70       ?GetMessageMap@CDlgLibraryManager@@MBEPBUAFX_MSGMAP@@XZ 00596e70 f   DlgLibraryManager.obj
 0002:00054ec0       ?GetThisMessageMap@CDlgLibraryManager@@KGPBUAFX_MSGMAP@@XZ 00596ec0 f   DlgLibraryManager.obj
 0002:00054f00       ?OnBnClickedButtonMakePdf@CDlgLibraryManager@@QAEXXZ 00596f00 f   DlgLibraryManager.obj
 0002:0005dda0       ?abs@@YANN@Z               0059fda0 f i DlgLibraryManager.obj
 0002:0005de00       ?Initialize@CDlgLibraryManager@@QAEXPAVCFootLibFolderMap@@PAVCDlgLog@@@Z 0059fe00 f   DlgLibraryManager.obj
 0002:0005de60       ?OnBnClickedButtonMgrBrowse@CDlgLibraryManager@@QAEXXZ 0059fe60 f   DlgLibraryManager.obj
 0002:0005e1b0       ?RemoveAt@?$CArray@HABH@@QAEXHH@Z 005a01b0 f i DlgLibraryManager.obj
 0002:0005e360       ??A?$CArray@PAVCText@@ABQAV1@@@QAEAAPAVCText@@H@Z 005a0360 f i DlgLibraryManager.obj
 0002:0005e3c0       ??A?$CArray@VCPolyLine@@ABV1@@@QAEAAVCPolyLine@@H@Z 005a03c0 f i DlgLibraryManager.obj
 0002:0005e420       ?ElementAt@?$CArray@PAVCText@@ABQAV1@@@QAEAAPAVCText@@H@Z 005a0420 f i DlgLibraryManager.obj
 0002:0005e4d0       ?ElementAt@?$CArray@VCPolyLine@@ABV1@@@QAEAAVCPolyLine@@H@Z 005a04d0 f i DlgLibraryManager.obj
 0002:0005e580       ??0?$CArray@HABH@@QAE@XZ   005a0580 f i DlgLibraryManager.obj
 0002:0005e610       ?Add@?$CArray@HABH@@QAEHABH@Z 005a0610 f i DlgLibraryManager.obj
 0002:0005e680       ??1?$CArray@HABH@@UAE@XZ   005a0680 f i DlgLibraryManager.obj
 0002:0005e790       ?Serialize@?$CArray@HABH@@UAEXAAVCArchive@@@Z 005a0790 f i DlgLibraryManager.obj
 0002:0005e860       ?SetSize@?$CArray@HABH@@QAEXHH@Z 005a0860 f i DlgLibraryManager.obj
 0002:0005edf0       ?Dump@?$CArray@HABH@@UBEXAAVCDumpContext@@@Z 005a0df0 f i DlgLibraryManager.obj
 0002:0005eed0       ?AssertValid@?$CArray@HABH@@UBEXXZ 005a0ed0 f i DlgLibraryManager.obj
 0002:0005f030       ?GetSize@?$CArray@PAVCText@@ABQAV1@@@QBEHXZ 005a1030 f i DlgLibraryManager.obj
 0002:0005f070       ??_E?$CArray@HABH@@UAEPAXI@Z 005a1070 f i DlgLibraryManager.obj
 0002:0005f070       ??_G?$CArray@HABH@@UAEPAXI@Z 005a1070 f i DlgLibraryManager.obj
 0002:0005f0e0       ?SetAtGrow@?$CArray@HABH@@QAEXHABH@Z 005a10e0 f i DlgLibraryManager.obj
 0002:0005f1b0       ?_GetBaseClass@CDlgLog@@KGPAUCRuntimeClass@@XZ 005a11b0 f   DlgLog.obj
 0002:0005f200       ?GetThisClass@CDlgLog@@SGPAUCRuntimeClass@@XZ 005a1200 f   DlgLog.obj
 0002:0005f240       ?GetRuntimeClass@CDlgLog@@UBEPAUCRuntimeClass@@XZ 005a1240 f   DlgLog.obj
 0002:0005f280       ??0CDlgLog@@QAE@PAVCWnd@@@Z 005a1280 f   DlgLog.obj
 0002:0005f360       ??_ECDlgLog@@UAEPAXI@Z     005a1360 f i DlgLog.obj
 0002:0005f360       ??_GCDlgLog@@UAEPAXI@Z     005a1360 f i DlgLog.obj
 0002:0005f3d0       ??1CDlgLog@@UAE@XZ         005a13d0 f   DlgLog.obj
 0002:0005f490       ?DoDataExchange@CDlgLog@@MAEXPAVCDataExchange@@@Z 005a1490 f   DlgLog.obj
 0002:0005f530       ?GetMessageMap@CDlgLog@@MBEPBUAFX_MSGMAP@@XZ 005a1530 f   DlgLog.obj
 0002:0005f580       ?GetThisMessageMap@CDlgLog@@KGPBUAFX_MSGMAP@@XZ 005a1580 f   DlgLog.obj
 0002:0005f5c0       ?Move@CDlgLog@@QAEXHH@Z    005a15c0 f   DlgLog.obj
 0002:0005f6a0       ?Clear@CDlgLog@@QAEXXZ     005a16a0 f   DlgLog.obj
 0002:0005f720       ?AddLine@CDlgLog@@QAEXPBD@Z 005a1720 f   DlgLog.obj
 0002:0005f780       ?OnBnClickedOk@CDlgLog@@QAEXXZ 005a1780 f   DlgLog.obj
 0002:0005f810       ?OnSetCursor@CDlgLog@@QAEHPAVCWnd@@II@Z 005a1810 f   DlgLog.obj
 0002:0005f8a0       ?OnBnClickedHideMe@CDlgLog@@QAEXXZ 005a18a0 f   DlgLog.obj
 0002:0005f900       ?_GetBaseClass@CDlgMoveOrigin@@KGPAUCRuntimeClass@@XZ 005a1900 f   DlgMoveOrigin.obj
 0002:0005f950       ?GetThisClass@CDlgMoveOrigin@@SGPAUCRuntimeClass@@XZ 005a1950 f   DlgMoveOrigin.obj
 0002:0005f990       ?GetRuntimeClass@CDlgMoveOrigin@@UBEPAUCRuntimeClass@@XZ 005a1990 f   DlgMoveOrigin.obj
 0002:0005f9d0       ??0CDlgMoveOrigin@@QAE@PAVCWnd@@@Z 005a19d0 f   DlgMoveOrigin.obj
 0002:0005faf0       ??_GCDlgMoveOrigin@@UAEPAXI@Z 005a1af0 f i DlgMoveOrigin.obj
 0002:0005faf0       ??_ECDlgMoveOrigin@@UAEPAXI@Z 005a1af0 f i DlgMoveOrigin.obj
 0002:0005fb60       ??1CDlgMoveOrigin@@UAE@XZ  005a1b60 f   DlgMoveOrigin.obj
 0002:0005fc70       ?DoDataExchange@CDlgMoveOrigin@@MAEXPAVCDataExchange@@@Z 005a1c70 f   DlgMoveOrigin.obj
 0002:0005fdd0       ?GetMessageMap@CDlgMoveOrigin@@MBEPBUAFX_MSGMAP@@XZ 005a1dd0 f   DlgMoveOrigin.obj
 0002:0005fe20       ?GetThisMessageMap@CDlgMoveOrigin@@KGPBUAFX_MSGMAP@@XZ 005a1e20 f   DlgMoveOrigin.obj
 0002:0005fe60       ?Initialize@CDlgMoveOrigin@@QAEXH@Z 005a1e60 f   DlgMoveOrigin.obj
 0002:0005fed0       ?GetFields@CDlgMoveOrigin@@QAEXXZ 005a1ed0 f   DlgMoveOrigin.obj
[...]
 0005:000022e0       __imp_?EndModalState@CWnd@@UAEXXZ 009592e0     mfc100d:mfc100d.dll
 0005:000022e4       __imp_?BeginModalState@CWnd@@UAEXXZ 009592e4     mfc100d:mfc100d.dll
 0005:000022e8       __imp_?GetSuperWndProcAddr@CWnd@@MAEPAP6GJPAUHWND__@@IIJ@ZXZ 009592e8     mfc100d:mfc100d.dll
 0005:000022ec       __imp_?OnNotify@CWnd@@MAEHIJPAJ@Z 009592ec     mfc100d:mfc100d.dll
 0005:000022f0       __imp_?OnCommand@CWnd@@MAEHIJ@Z 009592f0     mfc100d:mfc100d.dll
 0005:000022f4       __imp_?CreateAccessibleProxy@CWnd@@UAEJIJPAJ@Z 009592f4     mfc100d:mfc100d.dll
 0005:000022f8       __imp_?SetProxy@CWnd@@UAEJPAUIAccessibleProxy@@@Z 009592f8     mfc100d:mfc100d.dll
 0005:000022fc       __imp_?put_accValue@CWnd@@UAEJUtagVARIANT@@PA_W@Z 009592fc     mfc100d:mfc100d.dll
 0005:00002300       __imp_?put_accName@CWnd@@UAEJUtagVARIANT@@PA_W@Z 00959300     mfc100d:mfc100d.dll
 0005:00002304       __imp_?accDoDefaultAction@CWnd@@UAEJUtagVARIANT@@@Z 00959304     mfc100d:mfc100d.dll
 0005:00002308       __imp_?accHitTest@CWnd@@UAEJJJPAUtagVARIANT@@@Z 00959308     mfc100d:mfc100d.dll
 0005:0000230c       __imp_?accNavigate@CWnd@@UAEJJUtagVARIANT@@PAU2@@Z 0095930c     mfc100d:mfc100d.dll
 0005:00002310       __imp_?accLocation@CWnd@@UAEJPAJ000UtagVARIANT@@@Z 00959310     mfc100d:mfc100d.dll
 0005:00002314       __imp_?accSelect@CWnd@@UAEJJUtagVARIANT@@@Z 00959314     mfc100d:mfc100d.dll
 0005:00002318       __imp_?get_accDefaultAction@CWnd@@UAEJUtagVARIANT@@PAPA_W@Z 00959318     mfc100d:mfc100d.dll
 0005:0000231c       __imp_?get_accSelection@CWnd@@UAEJPAUtagVARIANT@@@Z 0095931c     mfc100d:mfc100d.dll
 0005:00002320       __imp_?get_accFocus@CWnd@@UAEJPAUtagVARIANT@@@Z 00959320     mfc100d:mfc100d.dll
 0005:00002324       __imp_?get_accKeyboardShortcut@CWnd@@UAEJUtagVARIANT@@PAPA_W@Z 00959324     mfc100d:mfc100d.dll
 0005:00002328       __imp_?get_accHelpTopic@CWnd@@UAEJPAPA_WUtagVARIANT@@PAJ@Z 00959328     mfc100d:mfc100d.dll
 0005:0000232c       __imp_?get_accHelp@CWnd@@UAEJUtagVARIANT@@PAPA_W@Z 0095932c     mfc100d:mfc100d.dll
 0005:00002330       __imp_?get_accState@CWnd@@UAEJUtagVARIANT@@PAU2@@Z 00959330     mfc100d:mfc100d.dll
 0005:00002334       __imp_?get_accRole@CWnd@@UAEJUtagVARIANT@@PAU2@@Z 00959334     mfc100d:mfc100d.dll
 0005:00002338       __imp_?get_accDescription@CWnd@@UAEJUtagVARIANT@@PAPA_W@Z 00959338     mfc100d:mfc100d.dll
 0005:0000233c       __imp_?get_accValue@CWnd@@UAEJUtagVARIANT@@PAPA_W@Z 0095933c     mfc100d:mfc100d.dll
 0005:00002340       __imp_?get_accName@CWnd@@UAEJUtagVARIANT@@PAPA_W@Z 00959340     mfc100d:mfc100d.dll
 0005:00002344       __imp_?get_accChild@CWnd@@UAEJUtagVARIANT@@PAPAUIDispatch@@@Z 00959344     mfc100d:mfc100d.dll
 0005:00002348       __imp_?get_accChildCount@CWnd@@UAEJPAJ@Z 00959348     mfc100d:mfc100d.dll
 0005:0000234c       __imp_?get_accParent@CWnd@@UAEJPAPAUIDispatch@@@Z 0095934c     mfc100d:mfc100d.dll
 0005:00002350       __imp_?EnsureStdObj@CWnd@@UAEJXZ 00959350     mfc100d:mfc100d.dll
 0005:00002354       __imp_?OnDrawIconicThumbnailOrLivePreview@CWnd@@UAEXAAVCDC@@VCRect@@VCSize@@HAAH@Z 00959354     mfc100d:mfc100d.dll
 0005:00002358       __imp_?EndModalLoop@CWnd@@UAEXH@Z 00959358     mfc100d:mfc100d.dll
 0005:0000235c       __imp_?ContinueModal@CWnd@@UAEHXZ 0095935c     mfc100d:mfc100d.dll
 0005:00002360       __imp_?WinHelpInternal@CWnd@@UAEXKI@Z 00959360     mfc100d:mfc100d.dll
 0005:00002364       __imp_?HtmlHelpA@CWnd@@UAEXKI@Z 00959364     mfc100d:mfc100d.dll
 0005:00002368       __imp_?WinHelpA@CWnd@@UAEXKI@Z 00959368     mfc100d:mfc100d.dll
 0005:0000236c       __imp_?GetScrollBarCtrl@CWnd@@UBEPAVCScrollBar@@H@Z 0095936c     mfc100d:mfc100d.dll
 0005:00002370       __imp_?OnToolHitTest@CWnd@@UBEHVCPoint@@PAUtagTOOLINFOA@@@Z 00959370     mfc100d:mfc100d.dll
 0005:00002374       __imp_?SetMenu@CWnd@@UAEHPAVCMenu@@@Z 00959374     mfc100d:mfc100d.dll
 0005:00002378       __imp_?GetMenu@CWnd@@UBEPAVCMenu@@XZ 00959378     mfc100d:mfc100d.dll
 0005:0000237c       __imp_?CalcWindowRect@CWnd@@UAEXPAUtagRECT@@I@Z 0095937c     mfc100d:mfc100d.dll
 0005:00002380       __imp_?PreCreateWindow@CWnd@@UAEHAAUtagCREATESTRUCTA@@@Z 00959380     mfc100d:mfc100d.dll
 0005:00002384       __imp_?DestroyWindow@CWnd@@UAEHXZ 00959384     mfc100d:mfc100d.dll
 0005:00002388       __imp_?CreateEx@CWnd@@UAEHKPBD0KHHHHPAUHWND__@@PAUHMENU__@@PAX@Z 00959388     mfc100d:mfc100d.dll
 0005:0000238c       __imp_?CreateEx@CWnd@@UAEHKPBD0KABUtagRECT@@PAV1@IPAX@Z 0095938c     mfc100d:mfc100d.dll
 0005:00002390       __imp_?Create@CWnd@@UAEHPBD0KABUtagRECT@@PAV1@IPAUCCreateContext@@@Z 00959390     mfc100d:mfc100d.dll
 0005:00002394       __imp_?PreSubclassWindow@CWnd@@UAEXXZ 00959394     mfc100d:mfc100d.dll
 0005:00002398       __imp_?GetConnectionHook@CCmdTarget@@MAEPAUIConnectionPoint@@ABU_GUID@@@Z 00959398     mfc100d:mfc100d.dll
 0005:0000239c       __imp_?GetExtraConnectionPoints@CCmdTarget@@MAEHPAVCPtrArray@@@Z 0095939c     mfc100d:mfc100d.dll
 0005:000023a0       __imp_?GetInterfaceHook@CCmdTarget@@UAEPAUIUnknown@@PBX@Z 009593a0     mfc100d:mfc100d.dll
 0005:000023a4       __imp_?OnCreateAggregates@CCmdTarget@@UAEHXZ 009593a4     mfc100d:mfc100d.dll
 0005:000023a8       __imp_?GetEventSinkMap@CCmdTarget@@MBEPBUAFX_EVENTSINKMAP@@XZ 009593a8     mfc100d:mfc100d.dll
 0005:000023ac       __imp_?GetInterfaceMap@CWnd@@MBEPBUAFX_INTERFACEMAP@@XZ 009593ac     mfc100d:mfc100d.dll
 0005:000023b0       __imp_?GetConnectionMap@CCmdTarget@@MBEPBUAFX_CONNECTIONMAP@@XZ 009593b0     mfc100d:mfc100d.dll
 0005:000023b4       __imp_?GetDispatchMap@CCmdTarget@@MBEPBUAFX_DISPMAP@@XZ 009593b4     mfc100d:mfc100d.dll
 0005:000023b8       __imp_?GetCommandMap@CCmdTarget@@MBEPBUAFX_OLECMDMAP@@XZ 009593b8     mfc100d:mfc100d.dll
 0005:000023bc       __imp_?GetTypeLib@CCmdTarget@@UAEJKPAPAUITypeLib@@@Z 009593bc     mfc100d:mfc100d.dll
 0005:000023c0       __imp_?GetTypeLibCache@CCmdTarget@@UAEPAVCTypeLibCache@@XZ 009593c0     mfc100d:mfc100d.dll
 0005:000023c4       __imp_?GetTypeInfoCount@CCmdTarget@@UAEIXZ 009593c4     mfc100d:mfc100d.dll
 0005:000023c8       __imp_?GetDispatchIID@CCmdTarget@@UAEHPAU_GUID@@@Z 009593c8     mfc100d:mfc100d.dll
 0005:000023cc       __imp_?IsInvokeAllowed@CCmdTarget@@UAEHJ@Z 009593cc     mfc100d:mfc100d.dll
 0005:000023d0       __imp_?OnFinalRelease@CWnd@@UAEXXZ 009593d0     mfc100d:mfc100d.dll
 0005:000023d4       __imp_?OnCmdMsg@CDialog@@UAEHIHPAXPAUAFX_CMDHANDLERINFO@@@Z 009593d4     mfc100d:mfc100d.dll
 0005:000023d8       __imp_?Dump@CDialog@@UBEXAAVCDumpContext@@@Z 009593d8     mfc100d:mfc100d.dll
 0005:000023dc       __imp_?AssertValid@CDialog@@UBEXXZ 009593dc     mfc100d:mfc100d.dll
 0005:000023e0       __imp_??0CDialog@@QAE@IPAVCWnd@@@Z 009593e0     mfc100d:mfc100d.dll
 0005:000023e4       __imp_??0CComboBox@@QAE@XZ 009593e4     mfc100d:mfc100d.dll
 0005:000023e8       __imp_??0CEdit@@QAE@XZ     009593e8     mfc100d:mfc100d.dll
 0005:000023ec       __imp_??0CListBox@@QAE@XZ  009593ec     mfc100d:mfc100d.dll
 0005:000023f0       __imp_??0CButton@@QAE@XZ   009593f0     mfc100d:mfc100d.dll
 0005:000023f4       __imp_??1CDialog@@UAE@XZ   009593f4     mfc100d:mfc100d.dll
 0005:000023f8       __imp_??1CComboBox@@UAE@XZ 009593f8     mfc100d:mfc100d.dll
 0005:000023fc       __imp_??1CEdit@@UAE@XZ     009593fc     mfc100d:mfc100d.dll
 0005:00002400       __imp_??1CListBox@@UAE@XZ  00959400     mfc100d:mfc100d.dll
 0005:00002404       __imp_??1CButton@@UAE@XZ   00959404     mfc100d:mfc100d.dll
 0005:00002408       __imp_?GetThisClass@CDialog@@SGPAUCRuntimeClass@@XZ 00959408     mfc100d:mfc100d.dll
 0005:0000240c       __imp_?GetThisMessageMap@CDialog@@KGPBUAFX_MSGMAP@@XZ 0095940c     mfc100d:mfc100d.dll
 0005:00002410       __imp_?Write@CArchive@@QAEXPBXI@Z 00959410     mfc100d:mfc100d.dll
 0005:00002414       __imp_?EnsureRead@CArchive@@QAEXPAXI@Z 00959414     mfc100d:mfc100d.dll
 0005:00002418       __imp_?AfxThrowMemoryException@@YGXXZ 00959418     mfc100d:mfc100d.dll
 0005:0000241c       __imp_??_U@YAPAXIPBDH@Z    0095941c     mfc100d:mfc100d.dll
 0005:00002420       __imp_??_U@YAPAXI@Z        00959420     mfc100d:mfc100d.dll
 0005:00002424       __imp_??3CObject@@SGXPAX@Z 00959424     mfc100d:mfc100d.dll
 0005:00002428       __imp_?AssertValid@CObject@@UBEXXZ 00959428     mfc100d:mfc100d.dll
 0005:0000242c       __imp_?AfxIsValidAddress@@YGHPBXIH@Z 0095942c     mfc100d:mfc100d.dll
 0005:00002430       __imp_?Dump@CObject@@UBEXAAVCDumpContext@@@Z 00959430     mfc100d:mfc100d.dll
 0005:00002434       __imp_??6CDumpContext@@QAEAAV0@PBD@Z 00959434     mfc100d:mfc100d.dll
 0005:00002438       __imp_??6CDumpContext@@QAEAAV0@H@Z 00959438     mfc100d:mfc100d.dll
 0005:0000243c       __imp_?GetDepth@CDumpContext@@QBEHXZ 0095943c     mfc100d:mfc100d.dll
 0005:00002440       __imp_?Serialize@CObject@@UAEXAAVCArchive@@@Z 00959440     mfc100d:mfc100d.dll
 0005:00002444       __imp_?IsStoring@CArchive@@QBEHXZ 00959444     mfc100d:mfc100d.dll
 0005:00002448       __imp_?WriteCount@CArchive@@QAEXK@Z 00959448     mfc100d:mfc100d.dll
 0005:0000244c       __imp_?ReadCount@CArchive@@QAEKXZ 0095944c     mfc100d:mfc100d.dll
 0005:00002450       __imp_?AfxAssertValidObject@@YGXPBVCObject@@PBDH@Z 00959450     mfc100d:mfc100d.dll
 0005:00002454       __imp_??_V@YAXPAX@Z        00959454     mfc100d:mfc100d.dll
 0005:00002458       __imp_??1CObject@@UAE@XZ   00959458     mfc100d:mfc100d.dll
 0005:0000245c       __imp_?GetRuntimeClass@CObject@@UBEPAUCRuntimeClass@@XZ 0095945c     mfc100d:mfc100d.dll
 0005:00002460       __imp_??0CObject@@IAE@XZ   00959460     mfc100d:mfc100d.dll
 0005:00002464       __imp_?SetWindowOrg@CDC@@QAE?AVCPoint@@HH@Z 00959464     mfc100d:mfc100d.dll
 0005:00002468       __imp_?GetROP2@CDC@@QBEHXZ 00959468     mfc100d:mfc100d.dll
 0005:0000246c       __imp_??0CBrush@@QAE@K@Z   0095946c     mfc100d:mfc100d.dll
 0005:00002470       __imp_??0CPen@@QAE@HHK@Z   00959470     mfc100d:mfc100d.dll
 0005:00002474       __imp_?SelectObject@CDC@@QAEPAVCPen@@PAV2@@Z 00959474     mfc100d:mfc100d.dll
 0005:00002478       __imp_?SelectObject@CDC@@QAEPAVCBrush@@PAV2@@Z 00959478     mfc100d:mfc100d.dll
 0005:0000247c       __imp_?GetBkMode@CDC@@QBEHXZ 0095947c     mfc100d:mfc100d.dll
 0005:00002480       __imp_?Rectangle@CDC@@QAEHPBUtagRECT@@@Z 00959480     mfc100d:mfc100d.dll
 0005:00002484       __imp_?InsertColumn@CListCtrl@@QAEHHPBDHHH@Z 00959484     mfc100d:mfc100d.dll
 0005:00002488       __imp_?InsertItem@CListCtrl@@QAEHHPBD@Z 00959488     mfc100d:mfc100d.dll
 0005:0000248c       __imp_?SetItemData@CListCtrl@@QAEHHK@Z 0095948c     mfc100d:mfc100d.dll
 0005:00002490       __imp_?SetItem@CListCtrl@@QAEHHHIPBDHIIJ@Z 00959490     mfc100d:mfc100d.dll
 0005:00002494       __imp_?GetWindowRect@CWnd@@QBEXPAUtagRECT@@@Z 00959494     mfc100d:mfc100d.dll
 0005:00002498       __imp_?MoveWindow@CWnd@@QAEXHHHHH@Z 00959498     mfc100d:mfc100d.dll
 0005:0000249c       __imp_?GetItemCount@CListCtrl@@QBEHXZ 0095949c     mfc100d:mfc100d.dll
 0005:000024a0       __imp_?GetItemData@CListCtrl@@QBEKH@Z 009594a0     mfc100d:mfc100d.dll
 0005:000024a4       __imp_??0CListCtrl@@QAE@XZ 009594a4     mfc100d:mfc100d.dll
 0005:000024a8       __imp_??1CListCtrl@@UAE@XZ 009594a8     mfc100d:mfc100d.dll
 0005:000024ac       __imp_?DDX_CBIndex@@YGXPAVCDataExchange@@HAAH@Z 009594ac     mfc100d:mfc100d.dll
 0005:000024b0       __imp_?GetFocus@CWnd@@SGPAV1@XZ 009594b0     mfc100d:mfc100d.dll
 0005:000024b4       __imp_?GetLBText@CComboBox@@QBEXHAAV?$CStringT@DV?$StrTraitMFC_DLL@DV?$ChTraitsCRT@D@ATL@@@@@ATL@@@Z 009594b4     mfc100d:mfc100d.dll
 0005:000024b8       __imp_?FindString@CListBox@@QBEHHPBD@Z 009594b8     mfc100d:mfc100d.dll
 0005:000024bc       __imp_?SetSel@CListBox@@QAEHHH@Z 009594bc     mfc100d:mfc100d.dll
 0005:000024c0       __imp_?FindStringExact@CListBox@@QBEHHPBD@Z 009594c0     mfc100d:mfc100d.dll
 0005:000024c4       __imp_?AddString@CListBox@@QAEHPBD@Z 009594c4     mfc100d:mfc100d.dll
 0005:000024c8       __imp_?SetButtonStyle@CButton@@QAEXIH@Z 009594c8     mfc100d:mfc100d.dll
 0005:000024cc       __imp_?GetSelCount@CListBox@@QBEHXZ 009594cc     mfc100d:mfc100d.dll
 0005:000024d0       __imp_?GetSelItems@CListBox@@QBEHHPAH@Z 009594d0     mfc100d:mfc100d.dll
 0005:000024d4       __imp_?DeleteString@CListBox@@QAEHI@Z 009594d4     mfc100d:mfc100d.dll
 0005:000024d8       __imp_?GetState@CButton@@QBEIXZ 009594d8     mfc100d:mfc100d.dll
 0005:000024dc       __imp_?GetText@CListBox@@QBEXHAAV?$CStringT@DV?$StrTraitMFC_DLL@DV?$ChTraitsCRT@D@ATL@@@@@ATL@@@Z 009594dc     mfc100d:mfc100d.dll
 0005:000024e0       __imp_?ReverseFind@?$CStringT@DV?$StrTraitMFC_DLL@DV?$ChTraitsCRT@D@ATL@@@@@ATL@@QBEHD@Z 009594e0     mfc100d:mfc100d.dll
 0005:000024e4       __imp_??0CStdioFile@@QAE@XZ 009594e4     mfc100d:mfc100d.dll
 0005:000024e8       __imp_?Open@CStdioFile@@UAEHPBDIPAVCFileException@@@Z 009594e8     mfc100d:mfc100d.dll
 0005:000024ec       __imp_?Close@CStdioFile@@UAEXXZ 009594ec     mfc100d:mfc100d.dll
 0005:000024f0       __imp_??1CStdioFile@@UAE@XZ 009594f0     mfc100d:mfc100d.dll
 0005:000024f4       __imp_?WriteString@CStdioFile@@UAEXPBD@Z 009594f4     mfc100d:mfc100d.dll
 0005:000024f8       __imp_?MakeLower@?$CStringT@DV?$StrTraitMFC_DLL@DV?$ChTraitsCRT@D@ATL@@@@@ATL@@QAEAAV12@XZ 009594f8     mfc100d:mfc100d.dll
 0005:000024fc       __imp_?DDX_Text@@YGXPAVCDataExchange@@HAAH@Z 009594fc     mfc100d:mfc100d.dll
 0005:00002500       __imp_?DDV_MinMaxUInt@@YGXPAVCDataExchange@@III@Z 00959500     mfc100d:mfc100d.dll
 0005:00002504       __imp_?StringLength@?$CSimpleStringT@D$00@ATL@@SAHPBD@Z 00959504     mfc100d:mfc100d.dll
 0005:00002508       __imp_?DDX_CBString@@YGXPAVCDataExchange@@HAAV?$CStringT@DV?$StrTraitMFC_DLL@DV?$ChTraitsCRT@D@ATL@@@@@ATL@@@Z 00959508     mfc100d:mfc100d.dll
 0005:0000250c       __imp_?DDV_MaxChars@@YGXPAVCDataExchange@@ABV?$CStringT@DV?$StrTraitMFC_DLL@DV?$ChTraitsCRT@D@ATL@@@@@ATL@@H@Z 0095950c     mfc100d:mfc100d.dll
 0005:00002510       __imp_?MoveTo@CDC@@QAE?AVCPoint@@UtagPOINT@@@Z 00959510     mfc100d:mfc100d.dll
 0005:00002514       __imp_?LineTo@CDC@@QAEHUtagPOINT@@@Z 00959514     mfc100d:mfc100d.dll
 0005:00002518       __imp_??1CPen@@UAE@XZ      00959518     mfc100d:mfc100d.dll
 0005:0000251c       __imp_?BitBlt@CDC@@QAEHHHHHPAV1@HHK@Z 0095951c     mfc100d:mfc100d.dll
 0005:00002520       __imp_?SetROP2@CDC@@QAEHH@Z 00959520     mfc100d:mfc100d.dll
 0005:00002524       __imp_?SetFocus@CWnd@@QAEPAV1@XZ 00959524     mfc100d:mfc100d.dll
 0005:00002528       __imp_?PrepareCtrl@CDataExchange@@QAEPAUHWND__@@H@Z 00959528     mfc100d:mfc100d.dll
 0005:0000252c       __imp_?DDX_Text@@YGXPAVCDataExchange@@HAAV?$CStringT@DV?$StrTraitMFC_DLL@DV?$ChTraitsCRT@D@ATL@@@@@ATL@@@Z 0095952c     mfc100d:mfc100d.dll
 0005:00002530       __imp_?Find@?$CStringT@DV?$StrTraitMFC_DLL@DV?$ChTraitsCRT@D@ATL@@@@@ATL@@QBEHDH@Z 00959530     mfc100d:mfc100d.dll
 0005:00002534       __imp_??$SerializeElements@V?$CStringT@DV?$StrTraitMFC_DLL@DV?$ChTraitsCRT@D@ATL@@@@@ATL@@@@YGXAAVCArchive@@PAV?$CStringT@DV?$StrTraitMFC_DLL@DV?$ChTraitsCRT@D@ATL@@@@@ATL@@H@Z 00959534     mfc100d:mfc100d.dll
 0005:00002538       __imp_?FindString@CComboBox@@QBEHHPBD@Z 00959538     mfc100d:mfc100d.dll
 0005:0000253c       __imp_?GetCount@CListBox@@QBEHXZ 0095953c     mfc100d:mfc100d.dll
 0005:00002540       __imp_?GetSel@CListBox@@QBEHH@Z 00959540     mfc100d:mfc100d.dll
 0005:00002544       __imp_??BCGdiObject@@QBEPAXXZ 00959544     mfc100d:mfc100d.dll
 0005:00002548       __imp_?SelectObject@CDC@@QAEPAXPAX@Z 00959548     mfc100d:mfc100d.dll
 0005:0000254c       __imp_?Ellipse@CDC@@QAEHHHHH@Z 0095954c     mfc100d:mfc100d.dll
 0005:00002550       __imp_?MoveTo@CDC@@QAE?AVCPoint@@HH@Z 00959550     mfc100d:mfc100d.dll
 0005:00002554       __imp_?LineTo@CDC@@QAEHHH@Z 00959554     mfc100d:mfc100d.dll
 0005:00002558       __imp_?Polyline@CDC@@QAEHPBUtagPOINT@@H@Z 00959558     mfc100d:mfc100d.dll
 0005:0000255c       __imp_?Rectangle@CDC@@QAEHHHHH@Z 0095955c     mfc100d:mfc100d.dll
 0005:00002560       __imp_?RoundRect@CDC@@QAEHHHHHHH@Z 00959560     mfc100d:mfc100d.dll
 0005:00002564       __imp_?Polygon@CDC@@QAEHPBUtagPOINT@@H@Z 00959564     mfc100d:mfc100d.dll
 0005:00002568       __imp_??1CBrush@@UAE@XZ    00959568     mfc100d:mfc100d.dll
 0005:0000256c       __imp_?SetPixel@CDC@@QAEKHHK@Z 0095956c     mfc100d:mfc100d.dll
 0005:00002570       __imp_??0CPen@@QAE@XZ      00959570     mfc100d:mfc100d.dll
 0005:00002574       __imp_?CreatePen@CPen@@QAEHHHK@Z 00959574     mfc100d:mfc100d.dll
 0005:00002578       __imp_?Ellipse@CDC@@QAEHPBUtagRECT@@@Z 00959578     mfc100d:mfc100d.dll
 0005:0000257c       __imp_?AfxThrowInvalidArgException@@YGXXZ 0095957c     mfc100d:mfc100d.dll
 0005:00002580       __imp_?GetHeadPosition@CPtrList@@QBEPAU__POSITION@@XZ 00959580     mfc100d:mfc100d.dll
 0005:00002584       __imp_?GetNext@CPtrList@@QAEAAPAXAAPAU__POSITION@@@Z 00959584     mfc100d:mfc100d.dll
 0005:00002588       __imp_??B?$CSimpleStringT@D$00@ATL@@QBEPBDXZ 00959588     mfc100d:mfc100d.dll
 0005:0000258c       __imp_??2@YAPAXIPBDH@Z     0095958c     mfc100d:mfc100d.dll
 0005:00002590       __imp_??4?$CStringT@DV?$StrTraitMFC_DLL@DV?$ChTraitsCRT@D@ATL@@@@@ATL@@QAEAAV01@ABV01@@Z 00959590     mfc100d:mfc100d.dll
 0005:00002594       __imp_?AddTail@CPtrList@@QAEPAU__POSITION@@PAX@Z 00959594     mfc100d:mfc100d.dll
 0005:00002598       __imp_??3@YAXPAXPBDH@Z     00959598     mfc100d:mfc100d.dll
 0005:0000259c       __imp_?Find@CPtrList@@QBEPAU__POSITION@@PAXPAU2@@Z 0095959c     mfc100d:mfc100d.dll
 0005:000025a0       __imp_?RemoveAt@CPtrList@@QAEXPAU__POSITION@@@Z 009595a0     mfc100d:mfc100d.dll
 0005:000025a4       __imp_?IsEmpty@CPtrList@@QBEHXZ 009595a4     mfc100d:mfc100d.dll
 0005:000025a8       __imp_?GetHead@CPtrList@@QAEAAPAXXZ 009595a8     mfc100d:mfc100d.dll
 0005:000025ac       __imp_?RemoveHead@CPtrList@@QAEPAXXZ 009595ac     mfc100d:mfc100d.dll
 0005:000025b0       __imp_??1CPtrList@@UAE@XZ  009595b0     mfc100d:mfc100d.dll
 0005:000025b4       __imp_??0CPtrList@@QAE@H@Z 009595b4     mfc100d:mfc100d.dll
 0005:000025b8       __imp_?GetAt@?$CSimpleStringT@D$00@ATL@@QBEDH@Z 009595b8     mfc100d:mfc100d.dll
 0005:000025bc       __imp_?GetManager@?$CStringT@DV?$StrTraitMFC_DLL@DV?$ChTraitsCRT@D@ATL@@@@@ATL@@QBEPAUIAtlStringMgr@2@XZ 009595bc     mfc100d:mfc100d.dll
 0005:000025c0       __imp_??0?$CStringT@DV?$StrTraitMFC_DLL@DV?$ChTraitsCRT@D@ATL@@@@@ATL@@QAE@PAUIAtlStringMgr@1@@Z 009595c0     mfc100d:mfc100d.dll
 0005:000025c4       __imp_?Concatenate@?$CSimpleStringT@D$00@ATL@@KAXAAV12@PBDH1H@Z 009595c4     mfc100d:mfc100d.dll
 0005:000025c8       __imp_??1CWnd@@UAE@XZ      009595c8     mfc100d:mfc100d.dll
 0005:000025cc       __imp_?ShowWindow@CWnd@@QAEHH@Z 009595cc     mfc100d:mfc100d.dll
 0005:000025d0       __imp_?UpdateWindow@CWnd@@QAEXXZ 009595d0     mfc100d:mfc100d.dll
 0005:000025d4       __imp_?BringWindowToTop@CWnd@@QAEXXZ 009595d4     mfc100d:mfc100d.dll
 0005:000025d8       __imp_?GetNextItem@CTreeCtrl@@QBEPAU_TREEITEM@@PAU2@I@Z 009595d8     mfc100d:mfc100d.dll
 0005:000025dc       __imp_?ExitHelpMode@CFrameWnd@@UAEXXZ 009595dc     mfc100d:mfc100d.dll
 0005:000025e0       __imp_?GetItemState@CTreeCtrl@@QBEIPAU_TREEITEM@@I@Z 009595e0     mfc100d:mfc100d.dll
 0005:000025e4       __imp_??0?$CStringT@DV?$StrTraitMFC_DLL@DV?$ChTraitsCRT@D@ATL@@@@@ATL@@QAE@XZ 009595e4     mfc100d:mfc100d.dll
 0005:000025e8       __imp_??1?$CStringT@DV?$StrTraitMFC_DLL@DV?$ChTraitsCRT@D@ATL@@@@@ATL@@QAE@XZ 009595e8     mfc100d:mfc100d.dll
 0005:000025ec       __imp_??3@YAXPAX@Z         009595ec     mfc100d:mfc100d.dll
 0005:000025f0       __imp_?EnableShellOpen@CWinApp@@IAEXXZ 009595f0     mfc100d:mfc100d.dll
 0005:000025f4       __imp_?AfxWinMain@@YGHPAUHINSTANCE__@@0PADH@Z 009595f4     mfc100d:mfc100d.dll
 0005:000025f8       __imp_?AfxGetModuleState@@YGPAVAFX_MODULE_STATE@@XZ 009595f8     mfc100d:mfc100d.dll
 0005:000025fc       \177mfc100d_NULL_THUNK_DATA 009595fc     mfc100d:mfc100d.dll

 entry point at        0002:00005343

