 FreePcb

 Timestamp is 5f0104e4 (Sun Jul 05 03:38:28 2020)

 Preferred load address is 00400000

 Start         Length     Name                   Class
 0001:00000000 001403daH .textbss                DATA
 0002:00000000 00270636H .text                   CODE
 0002:00270640 0001b4a2H .text$x                 CODE
 0002:0028baf0 00002154H .text$yc                CODE
 0002:0028dc50 000018e8H .text$yd                CODE
 0003:00000000 00000104H .CRT$XCA                DATA
 0003:00000104 00000104H .CRT$XCAA               DATA
 0003:00000208 0000010eH .CRT$XCC                DATA
 0003:00000318 0000018aH .CRT$XCL                DATA
 0003:000004a4 000001b0H .CRT$XCU                DATA
 0003:00000654 00000104H .CRT$XCZ                DATA
 0003:00000758 00000104H .CRT$XIA                DATA
 0003:0000085c 00000104H .CRT$XIAA               DATA
 0003:00000960 00000104H .CRT$XIC                DATA
 0003:00000a64 00000104H .CRT$XIY                DATA
 0003:00000b68 00000104H .CRT$XIZ                DATA
 0003:00000c70 00027d5bH .rdata                  DATA
 0003:000289cc 00000184H .rdata$debug            DATA
 0003:00028b50 0000304aH .rdata$r                DATA
 0003:0002bb9c 00000104H .rtc$IAA                DATA
 0003:0002bca0 00000314H .rtc$IMZ                DATA
 0003:0002bfb4 00000104H .rtc$IZZ                DATA
 0003:0002c0b8 00000104H .rtc$TAA                DATA
 0003:0002c1bc 00000314H .rtc$TMZ                DATA
 0003:0002c4d0 00000104H .rtc$TZZ                DATA
 0003:0002c5d8 00010307H .xdata$x                DATA
 0003:0003c8e0 00000104H ATL$__a                 DATA
 0003:0003c9e4 00000104H ATL$__z                 DATA
 0003:0003cae8 00000000H .edata                  DATA
 0004:00000000 000132e4H .data                   DATA
 0004:000132e8 001349ecH .bss                    DATA
 0005:00000000 000000c8H .idata$2                DATA
 0005:000000c8 00000014H .idata$3                DATA
 0005:000000dc 000013b8H .idata$4                DATA
 0005:00001494 000013b8H .idata$5                DATA
 0005:0000284c 00001338H .idata$6                DATA
 0006:00000000 00001960H .rsrc$01                DATA
 0006:00001960 000af16cH .rsrc$02                DATA

  Address         Publics by Value              Rva+Base       Lib:Object

 0000:00000000       ___safe_se_handler_table   00000000     <absolute>
 0000:00000000       ___safe_se_handler_count   00000000     <absolute>
 0000:00000000       __except_list              00000000     <absolute>
 0000:00009876       __fltused                  00009876     <absolute>
 0000:00009876       __ldused                   00009876     <absolute>
 0000:00000000       ___ImageBase               00400000     <linker-defined>
 0001:00000000       __enc$textbss$begin        00401000     <linker-defined>
 0001:001403da       __enc$textbss$end          005413da     <linker-defined>
 0002:0000b840       ?AfxAssertFailedLine@@YGHPBDH@Z 0054d840 f   afxasert.obj
 0002:0000b930       ??0Cuid@@QAE@XZ            0054d930 f   Cuid.obj
 0002:0000ba50       ?GetNewUID@Cuid@@QAEHXZ    0054da50 f   Cuid.obj
 0002:0000bc30       ?ReleaseUID@Cuid@@QAEXI@Z  0054dc30 f   Cuid.obj
 0002:0000bd20       ??0DRError@@QAE@XZ         0054dd20 f   DesignRules.obj
 0002:0000be70       ??1DRError@@QAE@XZ         0054de70 f   DesignRules.obj
 0002:0000bfb0       ??0DRErrorList@@QAE@XZ     0054dfb0 f   DesignRules.obj
 0002:0000c020       ??1DRErrorList@@QAE@XZ     0054e020 f   DesignRules.obj
 0002:0000c0d0       ?SetLists@DRErrorList@@QAEXPAVCPartList@@PAVCNetList@@PAVCDisplayList@@PAVCTextList@@PAV?$CArray@VCPolyLine@@ABV1@@@@Z 0054e0d0 f   DesignRules.obj
 0002:0000c140       ?Clear@DRErrorList@@QAEXXZ 0054e140 f   DesignRules.obj
 0002:0000c210       ??_GDRError@@QAEPAXI@Z     0054e210 f i DesignRules.obj
 0002:0000c280       ?Remove@DRErrorList@@QAEXPAVDRError@@@Z 0054e280 f   DesignRules.obj
 0002:0000c350       ?Add@DRErrorList@@QAEPAVDRError@@JHPAV?$CStringT@DV?$StrTraitMFC_DLL@DV?$ChTraitsCRT@D@ATL@@@@@ATL@@00Vid@@1HHHHHH@Z 0054e350 f   DesignRules.obj
 0002:0000c810       ?GetPadElement@@YAPAVdl_element@@PAVpart_pin@@H@Z 0054e810 f   DesignRules.obj
 0002:0000c8f0       ?HighLight@DRErrorList@@QAEXPAVDRError@@@Z 0054e8f0 f   DesignRules.obj
 0002:0000cf30       ?MakeSolidCircles@DRErrorList@@QAEXXZ 0054ef30 f   DesignRules.obj
 0002:0000d0b0       ?MakeHollowCircles@DRErrorList@@QAEXXZ 0054f0b0 f   DesignRules.obj
 0002:0000d2b0       ?GetSize@?$CArray@PAVdl_element@@ABQAV1@@@QBEHXZ 0054f2b0 f i DesignRules.obj
 0002:0000d2f0       ??A?$CArray@PAVdl_element@@ABQAV1@@@QAEAAPAVdl_element@@H@Z 0054f2f0 f i DesignRules.obj
 0002:0000d350       ?GetSize@?$CArray@VCPolyLine@@ABV1@@@QBEHXZ 0054f350 f i DesignRules.obj
 0002:0000d390       ?GetAt@?$CArray@VCPolyLine@@ABV1@@@QAEAAVCPolyLine@@H@Z 0054f390 f i DesignRules.obj
 0002:0000d440       ?GetSize@?$CArray@Vpart_pin@@ABV1@@@QBEHXZ 0054f440 f i DesignRules.obj
 0002:0000d480       ??A?$CArray@Vpart_pin@@ABV1@@@QAEAAVpart_pin@@H@Z 0054f480 f i DesignRules.obj
 0002:0000d4e0       ??A?$CArray@Vcseg@@ABV1@@@QAEAAVcseg@@H@Z 0054f4e0 f i DesignRules.obj
 0002:0000d540       ??A?$CArray@Vcconnect@@ABV1@@@QAEAAVcconnect@@H@Z 0054f540 f i DesignRules.obj
 0002:0000d5a0       ??A?$CArray@Vcarea@@V1@@@QAEAAVcarea@@H@Z 0054f5a0 f i DesignRules.obj
 0002:0000d600       ?ElementAt@?$CArray@PAVdl_element@@ABQAV1@@@QAEAAPAVdl_element@@H@Z 0054f600 f i DesignRules.obj
 0002:0000d6b0       ?ElementAt@?$CArray@Vpart_pin@@ABV1@@@QAEAAVpart_pin@@H@Z 0054f6b0 f i DesignRules.obj
 0002:0000d760       ?ElementAt@?$CArray@Vcseg@@ABV1@@@QAEAAVcseg@@H@Z 0054f760 f i DesignRules.obj
 0002:0000d810       ?ElementAt@?$CArray@Vcconnect@@ABV1@@@QAEAAVcconnect@@H@Z 0054f810 f i DesignRules.obj
 0002:0000d8c0       ?ElementAt@?$CArray@Vcarea@@V1@@@QAEAAVcarea@@H@Z 0054f8c0 f i DesignRules.obj
 0002:0000d970       ??0id@@QAE@HHHHH@Z         0054f970 f i DesignRules.obj
 0002:0000d9f0       ??0CDisplayList@@QAE@XZ    0054f9f0 f   DisplayList.obj
 0002:0000dd40       ??0dl_element@@QAE@XZ      0054fd40 f i DisplayList.obj
 0002:0000ddb0       ??1dl_element@@QAE@XZ      0054fdb0 f i DisplayList.obj
 0002:0000de10       ??1CDisplayList@@QAE@XZ    0054fe10 f   DisplayList.obj
 0002:0000ded0       ?RemoveAll@CDisplayList@@QAEXXZ 0054fed0 f   DisplayList.obj
 0002:0000e010       ?SetMapping@CDisplayList@@QAEXPAVCRect@@0HHNHH@Z 00550010 f   DisplayList.obj
 0002:0000e380       ?AddSelector@CDisplayList@@QAEPAVdl_element@@Vid@@PAXHHPAUtagRECT@@HPAVCPoint@@HH@Z 00550380 f   DisplayList.obj
 0002:0000e450       ?AddSelector@CDisplayList@@QAEXPAVdl_element@@@Z 00550450 f   DisplayList.obj
 0002:0000e4b0       ?Add@CDisplayList@@QAEPAVdl_element@@Vid@@PAXHHHPAUtagRECT@@HPAVCPoint@@HH@Z 005504b0 f   DisplayList.obj
 0002:0000e940       ?HighLight@CDisplayList@@QAEXPAVdl_element@@@Z 00550940 f   DisplayList.obj
 0002:0000e9a0       ?HighlightAll@CDisplayList@@QAEHXZ 005509a0 f   DisplayList.obj
 0002:0000ea20       ?GetHighlightedBounds@CDisplayList@@QAE?AUtagRECT@@PAH@Z 00550a20 f   DisplayList.obj
 0002:0000ece0       ?Cpy@CDisplayList@@QAEPAVdl_element@@PAV2@@Z 00550ce0 f   DisplayList.obj
 0002:0000ee90       ?Move@CDisplayList@@QAEXPAVdl_element@@HH@Z 00550e90 f   DisplayList.obj
 0002:0000ef70       ?Get_Start@CDisplayList@@QAEPAVdl_element@@XZ 00550f70 f   DisplayList.obj
 0002:0000efb0       ?Get_End@CDisplayList@@QAEPAVdl_element@@XZ 00550fb0 f   DisplayList.obj
 0002:0000eff0       ?Get_Rect@CDisplayList@@QAEPAUtagRECT@@PAVdl_element@@PAU2@@Z 00550ff0 f   DisplayList.obj
 0002:0000f090       ?Get_Points@CDisplayList@@QAEPAV?$CArray@VCPoint@@ABV1@@@PAVdl_element@@PAVCPoint@@PAHHH@Z 00551090 f   DisplayList.obj
 0002:0000f1e0       ?Get_el_w@CDisplayList@@QAEHPAVdl_element@@@Z 005511e0 f   DisplayList.obj
 0002:0000f230       ?Get_Selected@CDisplayList@@QAEHXZ 00551230 f   DisplayList.obj
 0002:0000f2d0       ?Set_RectGroup@CDisplayList@@QAEXPAVdl_element@@HHHH@Z 005512d0 f   DisplayList.obj
 0002:0000f360       ?Get_RectGroup@CDisplayList@@QAEHPAVdl_element@@PAUtagRECT@@@Z 00551360 f   DisplayList.obj
 0002:0000f410       ?Get_Endpoints@CDisplayList@@QAEXPAVCPoint@@0@Z 00551410 f   DisplayList.obj
 0002:0000f4b0       ?Remove@CDisplayList@@QAE?AVid@@PAVdl_element@@@Z 005514b0 f   DisplayList.obj
 0002:0000f680       ??_Gdl_element@@QAEPAXI@Z  00551680 f i DisplayList.obj
 0002:0000f6f0       ?Draw@CDisplayList@@QAEXPAVCDC@@H@Z 005516f0 f   DisplayList.obj
 0002:00013dc0       ??_H@YGXPAXIHP6EPAX0@Z@Z   00555dc0 f i DisplayList.obj
 0002:00013e30       ?SetLayerRGB@CDisplayList@@QAEXHHHH@Z 00555e30 f   DisplayList.obj
 0002:00013eb0       ?SetLayerVisible@CDisplayList@@QAEXHH@Z 00555eb0 f   DisplayList.obj
 0002:00013f00       ?TestSelect@CDisplayList@@QAEPAXHHPAVid@@PAH0PAX0H@Z 00555f00 f   DisplayList.obj
 0002:00015280       ??_Fid@@QAEXXZ             00557280 f i DisplayList.obj
 0002:000152e0       ?StartDraggingArray@CDisplayList@@QAEHPAVCDC@@HHH@Z 005572e0 f   DisplayList.obj
 0002:000153e0       ?StartDraggingRectangle@CDisplayList@@QAEHPAVCDC@@HHHHHHH@Z 005573e0 f   DisplayList.obj
 0002:00015590       ?StartDraggingRatLine@CDisplayList@@QAEHPAVCDC@@HHHHHHH@Z 00557590 f   DisplayList.obj
 0002:000156a0       ?SetDragArcStyle@CDisplayList@@QAEXH@Z 005576a0 f   DisplayList.obj
 0002:00015730       ?StartDraggingArc@CDisplayList@@QAEHPAVCDC@@HHHHHHHH@Z 00557730 f   DisplayList.obj
 0002:000158a0       ?StartDraggingLine@CDisplayList@@QAEHPAVCDC@@HHHHHHHHHHHH@Z 005578a0 f   DisplayList.obj
 0002:00015a40       ?StartDraggingLineVertex@CDisplayList@@QAEHPAVCDC@@HHHHHHHHHHHHHHHHH@Z 00557a40 f   DisplayList.obj
 0002:00015ca0       ?StartDraggingLineSegment@CDisplayList@@QAEHPAVCDC@@HHHHHHHHHHHHHHHHHHHHHHH@Z 00557ca0 f   DisplayList.obj
 0002:00015f40       ?Drag@CDisplayList@@QAEXPAVCDC@@HH@Z 00557f40 f   DisplayList.obj
 0002:00018710       ?StopDragging@CDisplayList@@QAEHXZ 0055a710 f   DisplayList.obj
 0002:000187a0       ?ChangeRoutingLayer@CDisplayList@@QAEXPAVCDC@@HHH@Z 0055a7a0 f   DisplayList.obj
 0002:00018f70       ?IncrementDragAngle@CDisplayList@@QAEXPAVCDC@@@Z 0055af70 f   DisplayList.obj
 0002:00019510       ?FlipDragSide@CDisplayList@@QAEXPAVCDC@@@Z 0055b510 f   DisplayList.obj
 0002:00019ae0       ?GetDragSide@CDisplayList@@QAEHXZ 0055bae0 f   DisplayList.obj
 0002:00019b20       ?GetDragAngle@CDisplayList@@QAEHXZ 0055bb20 f   DisplayList.obj
 0002:00019b60       ?MakeDragLineArray@CDisplayList@@QAEHH@Z 0055bb60 f   DisplayList.obj
 0002:00019c40       ?MakeDragRatlineArray@CDisplayList@@QAEHHH@Z 0055bc40 f   DisplayList.obj
 0002:00019db0       ?AddDragLine@CDisplayList@@QAEHVCPoint@@0@Z 0055bdb0 f   DisplayList.obj
 0002:00019ee0       ?AddDragRatline@CDisplayList@@QAEHVCPoint@@0@Z 0055bee0 f   DisplayList.obj
 0002:0001a000       ?CancelHighLight@CDisplayList@@QAEHH@Z 0055c000 f   DisplayList.obj
 0002:0001a150       ?SetDCToWorldCoords@CDisplayList@@QAEXPAVCDC@@00HH@Z 0055c150 f   DisplayList.obj
 0002:0001a530       ?SetVisibleGrid@CDisplayList@@QAEXHN@Z 0055c530 f   DisplayList.obj
 0002:0001a590       ?SetStatic@CDisplayList@@QAEXH@Z 0055c590 f   DisplayList.obj
 0002:0001a680       ?SetUpCrosshairs@CDisplayList@@QAEXHHH@Z 0055c680 f   DisplayList.obj
 0002:0001a9b0       ?WindowToPCB@CDisplayList@@QAE?AVCPoint@@V2@@Z 0055c9b0 f   DisplayList.obj
 0002:0001aaf0       ?ScreenToPCB@CDisplayList@@QAE?AVCPoint@@V2@@Z 0055caf0 f   DisplayList.obj
 0002:0001abe0       ?PCBToScreen@CDisplayList@@QAE?AVCPoint@@V2@@Z 0055cbe0 f   DisplayList.obj
 0002:0001ad30       ?GetWindowRect@CDisplayList@@QAE?AUtagRECT@@XZ 0055cd30 f   DisplayList.obj
 0002:0001ae20       ??0?$CArray@VCPoint@@ABV1@@@QAE@XZ 0055ce20 f i DisplayList.obj
 0002:0001aeb0       ?GetSize@?$CArray@VCPoint@@ABV1@@@QBEHXZ 0055ceb0 f i DisplayList.obj
 0002:0001aef0       ??A?$CArray@VCPoint@@ABV1@@@QAEAAVCPoint@@H@Z 0055cef0 f i DisplayList.obj
 0002:0001af50       ?ElementAt@?$CArray@VCPoint@@ABV1@@@QAEAAVCPoint@@H@Z 0055cf50 f i DisplayList.obj
 0002:0001b000       ??8@YAHVid@@0@Z            0055d000 f i DisplayList.obj
 0002:0001b090       ??1?$CArray@VCPoint@@ABV1@@@UAE@XZ 0055d090 f i DisplayList.obj
 0002:0001b1a0       ?Serialize@?$CArray@VCPoint@@ABV1@@@UAEXAAVCArchive@@@Z 0055d1a0 f i DisplayList.obj
 0002:0001b270       ?Dump@?$CArray@VCPoint@@ABV1@@@UBEXAAVCDumpContext@@@Z 0055d270 f i DisplayList.obj
 0002:0001b350       ?AssertValid@?$CArray@VCPoint@@ABV1@@@UBEXXZ 0055d350 f i DisplayList.obj
 0002:0001b4b0       ??_E?$CArray@VCPoint@@ABV1@@@UAEPAXI@Z 0055d4b0 f i DisplayList.obj
 0002:0001b4b0       ??_G?$CArray@VCPoint@@ABV1@@@UAEPAXI@Z 0055d4b0 f i DisplayList.obj
 0002:0001b520       ?SetSize@?$CArray@VCPoint@@ABV1@@@QAEXHH@Z 0055d520 f i DisplayList.obj
 0002:0001bb40       ??2@YAPAXIPAX@Z            0055db40 f i DisplayList.obj
 0002:0001bb80       ?memcpy_s@Checked@ATL@@YAXPAXIPBXI@Z 0055db80 f i DisplayList.obj
 0002:0001bc00       ?AfxCrtErrorCheck@@YAHH@Z  0055dc00 f i DisplayList.obj
 0002:0001bd10       ??$SerializeElements@VCPoint@@@@YGXAAVCArchive@@PAVCPoint@@H@Z 0055dd10 f i DisplayList.obj
 0002:0001bf00       ??$DumpElements@VCPoint@@@@YGXAAVCDumpContext@@PBVCPoint@@H@Z 0055df00 f i DisplayList.obj
 0002:0001bff0       ?_GetBaseClass@CDlgAddArea@@KGPAUCRuntimeClass@@XZ 0055dff0 f   DlgAddArea.obj
 0002:0001c040       ?GetThisClass@CDlgAddArea@@SGPAUCRuntimeClass@@XZ 0055e040 f   DlgAddArea.obj
 0002:0001c080       ?GetRuntimeClass@CDlgAddArea@@UBEPAUCRuntimeClass@@XZ 0055e080 f   DlgAddArea.obj
 0002:0001c0c0       ??0CDlgAddArea@@QAE@PAVCWnd@@@Z 0055e0c0 f   DlgAddArea.obj
 0002:0001c220       ??_GCDlgAddArea@@UAEPAXI@Z 0055e220 f i DlgAddArea.obj
 0002:0001c220       ??_ECDlgAddArea@@UAEPAXI@Z 0055e220 f i DlgAddArea.obj
 0002:0001c290       ??1CDlgAddArea@@UAE@XZ     0055e290 f   DlgAddArea.obj
 0002:0001c3e0       ?DoDataExchange@CDlgAddArea@@MAEXPAVCDataExchange@@@Z 0055e3e0 f   DlgAddArea.obj
 0002:0001cac0       ?GetMessageMap@CDlgAddArea@@MBEPBUAFX_MSGMAP@@XZ 0055eac0 f   DlgAddArea.obj
 0002:0001cb10       ?GetThisMessageMap@CDlgAddArea@@KGPBUAFX_MSGMAP@@XZ 0055eb10 f   DlgAddArea.obj
 0002:0001cb50       ?Initialize@CDlgAddArea@@QAEXPAVCNetList@@HPAVcnet@@HHHHH@Z 0055eb50 f   DlgAddArea.obj
 0002:0001cc00       ?_GetBaseClass@CDlgAddMaskCutout@@KGPAUCRuntimeClass@@XZ 0055ec00 f   DlgAddMaskCutout.obj
 0002:0001cc50       ?GetThisClass@CDlgAddMaskCutout@@SGPAUCRuntimeClass@@XZ 0055ec50 f   DlgAddMaskCutout.obj
 0002:0001cc90       ?GetRuntimeClass@CDlgAddMaskCutout@@UBEPAUCRuntimeClass@@XZ 0055ec90 f   DlgAddMaskCutout.obj
 0002:0001ccd0       ??0CDlgAddMaskCutout@@QAE@PAVCWnd@@@Z 0055ecd0 f   DlgAddMaskCutout.obj
 0002:0001cde0       ??_GCDlgAddMaskCutout@@UAEPAXI@Z 0055ede0 f i DlgAddMaskCutout.obj
 0002:0001cde0       ??_ECDlgAddMaskCutout@@UAEPAXI@Z 0055ede0 f i DlgAddMaskCutout.obj
 0002:0001ce50       ??1CDlgAddMaskCutout@@UAE@XZ 0055ee50 f   DlgAddMaskCutout.obj
 0002:0001cf50       ?Initialize@CDlgAddMaskCutout@@QAEXHH@Z 0055ef50 f   DlgAddMaskCutout.obj
 0002:0001cfb0       ?DoDataExchange@CDlgAddMaskCutout@@MAEXPAVCDataExchange@@@Z 0055efb0 f   DlgAddMaskCutout.obj
 0002:0001d5a0       ?GetMessageMap@CDlgAddMaskCutout@@MBEPBUAFX_MSGMAP@@XZ 0055f5a0 f   DlgAddMaskCutout.obj
 0002:0001d5f0       ?GetThisMessageMap@CDlgAddMaskCutout@@KGPBUAFX_MSGMAP@@XZ 0055f5f0 f   DlgAddMaskCutout.obj
 0002:0001d630       ?_GetBaseClass@CDlgAddMerge@@KGPAUCRuntimeClass@@XZ 0055f630 f   DlgAddMerge.obj
 0002:0001d680       ?GetThisClass@CDlgAddMerge@@SGPAUCRuntimeClass@@XZ 0055f680 f   DlgAddMerge.obj
 0002:0001d6c0       ?GetRuntimeClass@CDlgAddMerge@@UBEPAUCRuntimeClass@@XZ 0055f6c0 f   DlgAddMerge.obj
 0002:0001d700       ??0CDlgAddMerge@@QAE@PAVCWnd@@@Z 0055f700 f   DlgAddMerge.obj
 0002:0001d860       ??_ECDlgAddMerge@@UAEPAXI@Z 0055f860 f i DlgAddMerge.obj
 0002:0001d860       ??_GCDlgAddMerge@@UAEPAXI@Z 0055f860 f i DlgAddMerge.obj
 0002:0001d8d0       ??1CDlgAddMerge@@UAE@XZ    0055f8d0 f   DlgAddMerge.obj
 0002:0001d9e0       ?DoDataExchange@CDlgAddMerge@@MAEXPAVCDataExchange@@@Z 0055f9e0 f   DlgAddMerge.obj
 0002:0001e1b0       ?GetMessageMap@CDlgAddMerge@@MBEPBUAFX_MSGMAP@@XZ 005601b0 f   DlgAddMerge.obj
 0002:0001e200       ?GetThisMessageMap@CDlgAddMerge@@KGPBUAFX_MSGMAP@@XZ 00560200 f   DlgAddMerge.obj
 0002:0001e240       ??8ATL@@YA_NABV?$CStringT@DV?$StrTraitMFC_DLL@DV?$ChTraitsCRT@D@ATL@@@@@0@PBD@Z 00560240 f i DlgAddMerge.obj
 0002:0001e2b0       ?GetIndex@Merge@@QAEHV?$CStringT@DV?$StrTraitMFC_DLL@DV?$ChTraitsCRT@D@ATL@@@@@ATL@@@Z 005602b0 f i DlgAddMerge.obj
 0002:0001e410       ?GetMerge@Merge@@QAE?AV?$CStringT@DV?$StrTraitMFC_DLL@DV?$ChTraitsCRT@D@ATL@@@@@ATL@@H@Z 00560410 f i DlgAddMerge.obj
 0002:0001e500       ?GetSize@Merge@@QAEHXZ     00560500 f i DlgAddMerge.obj
 0002:0001e540       ??A?$CArray@V?$CStringT@DV?$StrTraitMFC_DLL@DV?$ChTraitsCRT@D@ATL@@@@@ATL@@ABV12@@@QAEAAV?$CStringT@DV?$StrTraitMFC_DLL@DV?$ChTraitsCRT@D@ATL@@@@@ATL@@H@Z 00560540 f i DlgAddMerge.obj
 0002:0001e5a0       ?ElementAt@?$CArray@V?$CStringT@DV?$StrTraitMFC_DLL@DV?$ChTraitsCRT@D@ATL@@@@@ATL@@ABV12@@@QAEAAV?$CStringT@DV?$StrTraitMFC_DLL@DV?$ChTraitsCRT@D@ATL@@@@@ATL@@H@Z 005605a0 f i DlgAddMerge.obj
 0002:0001e650       ?_GetBaseClass@CDlgAddNet@@KGPAUCRuntimeClass@@XZ 00560650 f   DlgAddNet.obj
 0002:0001e6a0       ?GetThisClass@CDlgAddNet@@SGPAUCRuntimeClass@@XZ 005606a0 f   DlgAddNet.obj
 0002:0001e6e0       ?GetRuntimeClass@CDlgAddNet@@UBEPAUCRuntimeClass@@XZ 005606e0 f   DlgAddNet.obj
 0002:0001e720       ??0CDlgAddNet@@QAE@PAVCWnd@@@Z 00560720 f   DlgAddNet.obj
 0002:0001e790       ??_GCDlgAddNet@@UAEPAXI@Z  00560790 f i DlgAddNet.obj
 0002:0001e790       ??_ECDlgAddNet@@UAEPAXI@Z  00560790 f i DlgAddNet.obj
 0002:0001e800       ??1CDlgAddNet@@UAE@XZ      00560800 f   DlgAddNet.obj
 0002:0001e860       ?DoDataExchange@CDlgAddNet@@MAEXPAVCDataExchange@@@Z 00560860 f   DlgAddNet.obj
 0002:0001e8c0       ?GetMessageMap@CDlgAddNet@@MBEPBUAFX_MSGMAP@@XZ 005608c0 f   DlgAddNet.obj
 0002:0001e910       ?GetThisMessageMap@CDlgAddNet@@KGPBUAFX_MSGMAP@@XZ 00560910 f   DlgAddNet.obj
 0002:0001e950       ?_GetBaseClass@CDlgAddPart@@KGPAUCRuntimeClass@@XZ 00560950 f   DlgAddPart.obj
 0002:0001e9a0       ?GetThisClass@CDlgAddPart@@SGPAUCRuntimeClass@@XZ 005609a0 f   DlgAddPart.obj
 0002:0001e9e0       ?GetRuntimeClass@CDlgAddPart@@UBEPAUCRuntimeClass@@XZ 005609e0 f   DlgAddPart.obj
 0002:0001ea20       ??0CDlgAddPart@@QAE@PAVCWnd@@@Z 00560a20 f   DlgAddPart.obj
 0002:0001ed50       ??_GCDlgAddPart@@UAEPAXI@Z 00560d50 f i DlgAddPart.obj
 0002:0001ed50       ??_ECDlgAddPart@@UAEPAXI@Z 00560d50 f i DlgAddPart.obj
 0002:0001edc0       ??1CDlgAddPart@@UAE@XZ     00560dc0 f   DlgAddPart.obj
 0002:0001f0b0       ?DoDataExchange@CDlgAddPart@@MAEXPAVCDataExchange@@@Z 005610b0 f   DlgAddPart.obj
 0002:00021570       ?GetNewName@CDlgDupFootprintName@@QAEPAV?$CStringT@DV?$StrTraitMFC_DLL@DV?$ChTraitsCRT@D@ATL@@@@@ATL@@XZ 00563570 f i DlgAddPart.obj
 0002:000215b0       ?GetMessageMap@CDlgAddPart@@MBEPBUAFX_MSGMAP@@XZ 005635b0 f   DlgAddPart.obj
 0002:00021600       ?GetThisMessageMap@CDlgAddPart@@KGPBUAFX_MSGMAP@@XZ 00563600 f   DlgAddPart.obj
 0002:00021640       ?Initialize@CDlgAddPart@@QAEXPAV?$CArray@Upart_info@@ABU1@@@HHHHHHPAVCMapStringToPtr@@PAVCFootLibFolderMap@@HPAVCDlgLog@@@Z 00563640 f   DlgAddPart.obj
 0002:000217d0       ?GetDragFlag@CDlgAddPart@@QAEHXZ 005637d0 f   DlgAddPart.obj
 0002:00021810       ?OnInitDialog@CDlgAddPart@@EAEHXZ 00563810 f   DlgAddPart.obj
 0002:00022770       ?InitPartLibTree@CDlgAddPart@@QAEXV?$CStringT@DV?$StrTraitMFC_DLL@DV?$ChTraitsCRT@D@ATL@@@@@ATL@@@Z 00564770 f   DlgAddPart.obj
 0002:00023130       ?OnTvnSelchangedPartLibTree@CDlgAddPart@@AAEXPAUtagNMHDR@@PAJ@Z 00565130 f   DlgAddPart.obj
 0002:00023b30       ?OnBnClickedRadioDrag@CDlgAddPart@@AAEXXZ 00565b30 f   DlgAddPart.obj
 0002:00023bf0       ?OnBnClickedRadioSet@CDlgAddPart@@AAEXXZ 00565bf0 f   DlgAddPart.obj
 0002:00023cb0       ?OnBnClickedRadioOffBoard@CDlgAddPart@@AAEXXZ 00565cb0 f   DlgAddPart.obj
 0002:00023d70       ?OnEditFootChange@CDlgAddPart@@AAEXXZ 00565d70 f   DlgAddPart.obj
 0002:00023ed0       ?OnBnClickedOk@CDlgAddPart@@AAEXXZ 00565ed0 f   DlgAddPart.obj
 0002:00024090       ?OnBnClickedCancel@CDlgAddPart@@AAEXXZ 00566090 f   DlgAddPart.obj
 0002:00024260       ?OnCbnSelchangeComboAddPartUnits@CDlgAddPart@@AAEXXZ 00566260 f   DlgAddPart.obj
 0002:00024300       ?GetFields@CDlgAddPart@@QAEXXZ 00566300 f   DlgAddPart.obj
 0002:00024580       ?SetFields@CDlgAddPart@@QAEXXZ 00566580 f   DlgAddPart.obj
 0002:000247e0       ?OnBnClickedButtonBrowse@CDlgAddPart@@AAEXXZ 005667e0 f   DlgAddPart.obj
 0002:00024b10       ??1CPathDialog@@QAE@XZ     00566b10 f i DlgAddPart.obj
 0002:00024b70       ??1CPathDialogSub@@UAE@XZ  00566b70 f i DlgAddPart.obj
 0002:00024bc0       ?OnStnClickedStatic2@CDlgAddPart@@QAEXXZ 00566bc0 f   DlgAddPart.obj
 0002:00024c00       ??HATL@@YA?AV?$CStringT@DV?$StrTraitMFC_DLL@DV?$ChTraitsCRT@D@ATL@@@@@0@ABV10@0@Z 00566c00 f i DlgAddPart.obj
 0002:00024dc0       ??8ATL@@YA_NABV?$CStringT@DV?$StrTraitMFC_DLL@DV?$ChTraitsCRT@D@ATL@@@@@0@0@Z 00566dc0 f i DlgAddPart.obj
 0002:00024e40       ??9ATL@@YA_NABV?$CStringT@DV?$StrTraitMFC_DLL@DV?$ChTraitsCRT@D@ATL@@@@@0@0@Z 00566e40 f i DlgAddPart.obj
 0002:00024ec0       ?GetSize@?$CArray@Vpadstack@@ABV1@@@QBEHXZ 00566ec0 f i DlgAddPart.obj
 0002:00024f00       ??A?$CArray@Vpadstack@@ABV1@@@QAEAAVpadstack@@H@Z 00566f00 f i DlgAddPart.obj
 0002:00024f60       ?GetSize@?$CArray@Upart_info@@ABU1@@@QBEHXZ 00566f60 f i DlgAddPart.obj
 0002:00024fa0       ?SetSize@?$CArray@Upart_info@@ABU1@@@QAEXHH@Z 00566fa0 f i DlgAddPart.obj
 0002:00025600       ?GetAt@?$CArray@Upart_info@@ABU1@@@QAEAAUpart_info@@H@Z 00567600 f i DlgAddPart.obj
 0002:000256b0       ??A?$CArray@Upart_info@@ABU1@@@QAEAAUpart_info@@H@Z 005676b0 f i DlgAddPart.obj
 0002:00025710       ??_Gpart_info@@QAEPAXI@Z   00567710 f i DlgAddPart.obj
 0002:00025780       ??0part_info@@QAE@XZ       00567780 f i DlgAddPart.obj
 0002:00025800       ??1part_info@@QAE@XZ       00567800 f i DlgAddPart.obj
 0002:00025880       ?ElementAt@?$CArray@Vpadstack@@ABV1@@@QAEAAVpadstack@@H@Z 00567880 f i DlgAddPart.obj
 0002:00025930       ?ElementAt@?$CArray@Upart_info@@ABU1@@@QAEAAUpart_info@@H@Z 00567930 f i DlgAddPart.obj
 0002:000259e0       ?SetExpanded@CFootLibFolder@@QAEXHH@Z 005679e0 f i DlgAddPart.obj
 0002:00025a50       ??A?$CArray@VCFootLib@@ABV1@@@QAEAAVCFootLib@@H@Z 00567a50 f i DlgAddPart.obj
 0002:00025ab0       ?ElementAt@?$CArray@VCFootLib@@ABV1@@@QAEAAVCFootLib@@H@Z 00567ab0 f i DlgAddPart.obj
 0002:00025b60       ?ConvertMaskCurSelToShape@@YAHH@Z 00567b60 f   DlgAddPin.obj
 0002:00025bb0       ?ConvertMaskShapeToCurSel@@YAHH@Z 00567bb0 f   DlgAddPin.obj
 0002:00025c00       ?GetNameValue@@YANPAV?$CStringT@DV?$StrTraitMFC_DLL@DV?$ChTraitsCRT@D@ATL@@@@@ATL@@@Z 00567c00 f   DlgAddPin.obj
 0002:00025d40       ?SortByName@@YAXPAV?$CArray@V?$CStringT@DV?$StrTraitMFC_DLL@DV?$ChTraitsCRT@D@ATL@@@@@ATL@@ABV12@@@@Z 00567d40 f   DlgAddPin.obj
 0002:00025f70       ?_GetBaseClass@CDlgAddPin@@KGPAUCRuntimeClass@@XZ 00567f70 f   DlgAddPin.obj
 0002:00025fc0       ?GetThisClass@CDlgAddPin@@SGPAUCRuntimeClass@@XZ 00567fc0 f   DlgAddPin.obj
 0002:00026000       ?GetRuntimeClass@CDlgAddPin@@UBEPAUCRuntimeClass@@XZ 00568000 f   DlgAddPin.obj
 0002:00026040       ??0CDlgAddPin@@QAE@PAVCWnd@@@Z 00568040 f   DlgAddPin.obj
 0002:00026860       ??_GCDlgAddPin@@UAEPAXI@Z  00568860 f i DlgAddPin.obj
 0002:00026860       ??_ECDlgAddPin@@UAEPAXI@Z  00568860 f i DlgAddPin.obj
 0002:000268d0       ??1CDlgAddPin@@UAE@XZ      005688d0 f   DlgAddPin.obj
 0002:00026e60       ?DoDataExchange@CDlgAddPin@@MAEXPAVCDataExchange@@@Z 00568e60 f   DlgAddPin.obj
 0002:0002aea0       ?GetMessageMap@CDlgAddPin@@MBEPBUAFX_MSGMAP@@XZ 0056cea0 f   DlgAddPin.obj
 0002:0002aef0       ?GetThisMessageMap@CDlgAddPin@@KGPBUAFX_MSGMAP@@XZ 0056cef0 f   DlgAddPin.obj
 0002:0002af30       ?InitDialog@CDlgAddPin@@QAEXPAVCShape@@HHH@Z 0056cf30 f   DlgAddPin.obj
 0002:0002b040       ?OnBnClickedRadioAddPin@CDlgAddPin@@QAEXXZ 0056d040 f   DlgAddPin.obj
 0002:0002b1d0       ?OnBnClickedRadioAddRow@CDlgAddPin@@QAEXXZ 0056d1d0 f   DlgAddPin.obj
 0002:0002b340       ?OnBnClickedRadioDragPin@CDlgAddPin@@QAEXXZ 0056d340 f   DlgAddPin.obj
 0002:0002b3f0       ?OnBnClickedRadioSetPinPos@CDlgAddPin@@QAEXXZ 0056d3f0 f   DlgAddPin.obj
 0002:0002b4c0       ?OnBnClickedCheckInnerSameAs@CDlgAddPin@@QAEXXZ 0056d4c0 f   DlgAddPin.obj
 0002:0002b520       ?OnBnClickedCheckBottomSameAs@CDlgAddPin@@QAEXXZ 0056d520 f   DlgAddPin.obj
 0002:0002b580       ?OnCbnSelchangeComboPinUnits@CDlgAddPin@@QAEXXZ 0056d580 f   DlgAddPin.obj
 0002:0002b620       ?SetFields@CDlgAddPin@@IAEXXZ 0056d620 f   DlgAddPin.obj
 0002:0002ce10       ?GetFields@CDlgAddPin@@IAEXXZ 0056ee10 f   DlgAddPin.obj
 0002:0002e260       ?OnChange@CDlgAddPin@@QAEXXZ 00570260 f   DlgAddPin.obj
 0002:0002e2c0       ?OnChangeTopPadParam@CDlgAddPin@@QAEXXZ 005702c0 f   DlgAddPin.obj
 0002:0002e610       ?OnBnClickedCheckBottomSameAs2@CDlgAddPin@@QAEXXZ 00570610 f   DlgAddPin.obj
 0002:0002e650       ?InsertAt@?$CArray@Vpadstack@@ABV1@@@QAEXHABVpadstack@@H@Z 00570650 f i DlgAddPin.obj
 0002:0002e9a0       ??3@YAXPAX0@Z              005709a0 f i DlgAddPin.obj
 0002:0002e9d0       ?RemoveAt@?$CArray@Vpadstack@@ABV1@@@QAEXHH@Z 005709d0 f i DlgAddPin.obj
 0002:0002ebb0       ??4padstack@@QAEAAV0@ABV0@@Z 00570bb0 f i DlgAddPin.obj
 0002:0002ee40       ?memmove_s@Checked@ATL@@YAXPAXIPBXI@Z 00570e40 f i DlgAddPin.obj
 0002:0002eec0       ??0?$CArray@V?$CStringT@DV?$StrTraitMFC_DLL@DV?$ChTraitsCRT@D@ATL@@@@@ATL@@ABV12@@@QAE@XZ 00570ec0 f i DlgAddPin.obj
 0002:0002ef50       ?GetSize@?$CArray@V?$CStringT@DV?$StrTraitMFC_DLL@DV?$ChTraitsCRT@D@ATL@@@@@ATL@@ABV12@@@QBEHXZ 00570f50 f i DlgAddPin.obj
 0002:0002ef90       ?SetSize@?$CArray@V?$CStringT@DV?$StrTraitMFC_DLL@DV?$ChTraitsCRT@D@ATL@@@@@ATL@@ABV12@@@QAEXHH@Z 00570f90 f i DlgAddPin.obj
 0002:0002f610       ??1?$CArray@V?$CStringT@DV?$StrTraitMFC_DLL@DV?$ChTraitsCRT@D@ATL@@@@@ATL@@ABV12@@@UAE@XZ 00571610 f i DlgAddPin.obj
 0002:0002f740       ?Serialize@?$CArray@V?$CStringT@DV?$StrTraitMFC_DLL@DV?$ChTraitsCRT@D@ATL@@@@@ATL@@ABV12@@@UAEXAAVCArchive@@@Z 00571740 f i DlgAddPin.obj
 0002:0002f810       ?Dump@?$CArray@V?$CStringT@DV?$StrTraitMFC_DLL@DV?$ChTraitsCRT@D@ATL@@@@@ATL@@ABV12@@@UBEXAAVCDumpContext@@@Z 00571810 f i DlgAddPin.obj
 0002:0002f8f0       ?AssertValid@?$CArray@V?$CStringT@DV?$StrTraitMFC_DLL@DV?$ChTraitsCRT@D@ATL@@@@@ATL@@ABV12@@@UBEXXZ 005718f0 f i DlgAddPin.obj
 0002:0002fa50       ??_E?$CArray@V?$CStringT@DV?$StrTraitMFC_DLL@DV?$ChTraitsCRT@D@ATL@@@@@ATL@@ABV12@@@UAEPAXI@Z 00571a50 f i DlgAddPin.obj
 0002:0002fa50       ??_G?$CArray@V?$CStringT@DV?$StrTraitMFC_DLL@DV?$ChTraitsCRT@D@ATL@@@@@ATL@@ABV12@@@UAEPAXI@Z 00571a50 f i DlgAddPin.obj
 0002:0002fac0       ??_G?$CStringT@DV?$StrTraitMFC_DLL@DV?$ChTraitsCRT@D@ATL@@@@@ATL@@QAEPAXI@Z 00571ac0 f i DlgAddPin.obj
 0002:0002fb40       ??_Gpadstack@@QAEPAXI@Z    00571b40 f i DlgAddPin.obj
 0002:0002fbb0       ??1padstack@@QAE@XZ        00571bb0 f i DlgAddPin.obj
 0002:0002fc30       ??$DumpElements@V?$CStringT@DV?$StrTraitMFC_DLL@DV?$ChTraitsCRT@D@ATL@@@@@ATL@@@@YGXAAVCDumpContext@@PBV?$CStringT@DV?$StrTraitMFC_DLL@DV?$ChTraitsCRT@D@ATL@@@@@ATL@@H@Z 00571c30 f i DlgAddPin.obj
 0002:0002fd20       ?SetSize@?$CArray@Vpadstack@@ABV1@@@QAEXHH@Z 00571d20 f i DlgAddPin.obj
 0002:00030470       ?_GetBaseClass@CDlgAddPoly@@KGPAUCRuntimeClass@@XZ 00572470 f   DlgAddPoly.obj
 0002:000304c0       ?GetThisClass@CDlgAddPoly@@SGPAUCRuntimeClass@@XZ 005724c0 f   DlgAddPoly.obj
 0002:00030500       ?GetRuntimeClass@CDlgAddPoly@@UBEPAUCRuntimeClass@@XZ 00572500 f   DlgAddPoly.obj
 0002:00030540       ??0CDlgAddPoly@@QAE@PAVCWnd@@@Z 00572540 f   DlgAddPoly.obj
 0002:00030660       ??_ECDlgAddPoly@@UAEPAXI@Z 00572660 f i DlgAddPoly.obj
 0002:00030660       ??_GCDlgAddPoly@@UAEPAXI@Z 00572660 f i DlgAddPoly.obj
 0002:000306d0       ??1CDlgAddPoly@@UAE@XZ     005726d0 f   DlgAddPoly.obj
 0002:000307d0       ?DoDataExchange@CDlgAddPoly@@MAEXPAVCDataExchange@@@Z 005727d0 f   DlgAddPoly.obj
 0002:00030a80       ?Initialize@CDlgAddPoly@@QAEXHHHHH@Z 00572a80 f   DlgAddPoly.obj
 0002:00030b30       ?GetMessageMap@CDlgAddPoly@@MBEPBUAFX_MSGMAP@@XZ 00572b30 f   DlgAddPoly.obj
 0002:00030b80       ?GetThisMessageMap@CDlgAddPoly@@KGPBUAFX_MSGMAP@@XZ 00572b80 f   DlgAddPoly.obj
 0002:00030bc0       ?GetFields@CDlgAddPoly@@AAEXXZ 00572bc0 f   DlgAddPoly.obj
 0002:00030d80       ?SetFields@CDlgAddPoly@@AAEXXZ 00572d80 f   DlgAddPoly.obj
 0002:00030f40       ?OnCbnSelchangeComboAddPolyUnits@CDlgAddPoly@@AAEXXZ 00572f40 f   DlgAddPoly.obj
 0002:00030fe0       ?_GetBaseClass@CDlgAddText@@KGPAUCRuntimeClass@@XZ 00572fe0 f   DlgAddText.obj
 0002:00031030       ?GetThisClass@CDlgAddText@@SGPAUCRuntimeClass@@XZ 00573030 f   DlgAddText.obj
 0002:00031070       ?GetRuntimeClass@CDlgAddText@@UBEPAUCRuntimeClass@@XZ 00573070 f   DlgAddText.obj
 0002:000310b0       ??0CDlgAddText@@QAE@PAVCWnd@@@Z 005730b0 f   DlgAddText.obj
 0002:000312e0       ??_GCDlgAddText@@UAEPAXI@Z 005732e0 f i DlgAddText.obj
 0002:000312e0       ??_ECDlgAddText@@UAEPAXI@Z 005732e0 f i DlgAddText.obj
 0002:00031350       ??1CDlgAddText@@UAE@XZ     00573350 f   DlgAddText.obj
 0002:00031540       ?DoDataExchange@CDlgAddText@@MAEXPAVCDataExchange@@@Z 00573540 f   DlgAddText.obj
 0002:000318b0       ?GetMessageMap@CDlgAddText@@MBEPBUAFX_MSGMAP@@XZ 005738b0 f   DlgAddText.obj
 0002:00031900       ?GetThisMessageMap@CDlgAddText@@KGPBUAFX_MSGMAP@@XZ 00573900 f   DlgAddText.obj
 0002:00031940       ?Initialize@CDlgAddText@@QAEXHHHPAV?$CStringT@DV?$StrTraitMFC_DLL@DV?$ChTraitsCRT@D@ATL@@@@@ATL@@HHHHHHHH@Z 00573940 f   DlgAddText.obj
 0002:00031b60       ?OnInitDialog@CDlgAddText@@UAEHXZ 00573b60 f   DlgAddText.obj
 0002:00031d70       ?OnBnClickedSetWidth@CDlgAddText@@QAEXXZ 00573d70 f   DlgAddText.obj
 0002:00031dd0       ?OnBnClickedDefWidth@CDlgAddText@@QAEXXZ 00573dd0 f   DlgAddText.obj
 0002:00031e30       ?OnEnChangeEditHeight@CDlgAddText@@QAEXXZ 00573e30 f   DlgAddText.obj
 0002:000320d0       ?OnBnClickedOk@CDlgAddText@@QAEXXZ 005740d0 f   DlgAddText.obj
 0002:000321d0       ?OnBnClickedSetPosition@CDlgAddText@@QAEXXZ 005741d0 f   DlgAddText.obj
 0002:00032230       ?OnBnClickedDrag@CDlgAddText@@QAEXXZ 00574230 f   DlgAddText.obj
 0002:00032290       ?OnCbnSelchangeComboAddTextUnits@CDlgAddText@@QAEXXZ 00574290 f   DlgAddText.obj
 0002:00032350       ?GetFields@CDlgAddText@@QAEXXZ 00574350 f   DlgAddText.obj
 0002:000326f0       ?SetFields@CDlgAddText@@QAEXXZ 005746f0 f   DlgAddText.obj
 0002:00032be0       ?OnLbnSelchangeListLayer@CDlgAddText@@QAEXXZ 00574be0 f   DlgAddText.obj
 0002:00032c40       ?_GetBaseClass@CDlgAddWidth@@KGPAUCRuntimeClass@@XZ 00574c40 f   DlgAddWidth.obj
 0002:00032c90       ?GetThisClass@CDlgAddWidth@@SGPAUCRuntimeClass@@XZ 00574c90 f   DlgAddWidth.obj
 0002:00032cd0       ?GetRuntimeClass@CDlgAddWidth@@UBEPAUCRuntimeClass@@XZ 00574cd0 f   DlgAddWidth.obj
 0002:00032d10       ??0CDlgAddWidth@@QAE@PAVCWnd@@@Z 00574d10 f   DlgAddWidth.obj
 0002:00032d80       ??_ECDlgAddWidth@@UAEPAXI@Z 00574d80 f i DlgAddWidth.obj
 0002:00032d80       ??_GCDlgAddWidth@@UAEPAXI@Z 00574d80 f i DlgAddWidth.obj
 0002:00032df0       ??1CDlgAddWidth@@UAE@XZ    00574df0 f   DlgAddWidth.obj
 0002:00032e50       ?DoDataExchange@CDlgAddWidth@@MAEXPAVCDataExchange@@@Z 00574e50 f   DlgAddWidth.obj
 0002:00033200       ?GetMessageMap@CDlgAddWidth@@MBEPBUAFX_MSGMAP@@XZ 00575200 f   DlgAddWidth.obj
 0002:00033250       ?GetThisMessageMap@CDlgAddWidth@@KGPBUAFX_MSGMAP@@XZ 00575250 f   DlgAddWidth.obj
 0002:00033290       ?_GetBaseClass@DlgAreaLayer@@KGPAUCRuntimeClass@@XZ 00575290 f   DlgAreaLayer.obj
 0002:000332e0       ?GetThisClass@DlgAreaLayer@@SGPAUCRuntimeClass@@XZ 005752e0 f   DlgAreaLayer.obj
 0002:00033320       ?GetRuntimeClass@DlgAreaLayer@@UBEPAUCRuntimeClass@@XZ 00575320 f   DlgAreaLayer.obj
 0002:00033360       ??0DlgAreaLayer@@QAE@PAVCWnd@@@Z 00575360 f   DlgAreaLayer.obj
 0002:00033430       ??_EDlgAreaLayer@@UAEPAXI@Z 00575430 f i DlgAreaLayer.obj
 0002:00033430       ??_GDlgAreaLayer@@UAEPAXI@Z 00575430 f i DlgAreaLayer.obj
 0002:000334a0       ??1DlgAreaLayer@@UAE@XZ    005754a0 f   DlgAreaLayer.obj
 0002:00033560       ?DoDataExchange@DlgAreaLayer@@MAEXPAVCDataExchange@@@Z 00575560 f   DlgAreaLayer.obj
 0002:00033680       ?GetMessageMap@DlgAreaLayer@@MBEPBUAFX_MSGMAP@@XZ 00575680 f   DlgAreaLayer.obj
 0002:000336d0       ?GetThisMessageMap@DlgAreaLayer@@KGPBUAFX_MSGMAP@@XZ 005756d0 f   DlgAreaLayer.obj
 0002:00033710       ?Initialize@DlgAreaLayer@@QAEXH@Z 00575710 f   DlgAreaLayer.obj
 0002:00033760       ?_GetBaseClass@DlgAssignNet@@KGPAUCRuntimeClass@@XZ 00575760 f   DlgAssignNet.obj
 0002:000337b0       ?GetThisClass@DlgAssignNet@@SGPAUCRuntimeClass@@XZ 005757b0 f   DlgAssignNet.obj
 0002:000337f0       ?GetRuntimeClass@DlgAssignNet@@UBEPAUCRuntimeClass@@XZ 005757f0 f   DlgAssignNet.obj
 0002:00033830       ??0DlgAssignNet@@QAE@PAVCWnd@@@Z 00575830 f   DlgAssignNet.obj
 0002:000339b0       ??_GDlgAssignNet@@UAEPAXI@Z 005759b0 f i DlgAssignNet.obj
 0002:000339b0       ??_EDlgAssignNet@@UAEPAXI@Z 005759b0 f i DlgAssignNet.obj
 0002:00033a20       ??1DlgAssignNet@@UAE@XZ    00575a20 f   DlgAssignNet.obj
 0002:00033b20       ?DoDataExchange@DlgAssignNet@@MAEXPAVCDataExchange@@@Z 00575b20 f   DlgAssignNet.obj
 0002:00034340       ?GetMessageMap@DlgAssignNet@@MBEPBUAFX_MSGMAP@@XZ 00576340 f   DlgAssignNet.obj
 0002:00034390       ?GetThisMessageMap@DlgAssignNet@@KGPBUAFX_MSGMAP@@XZ 00576390 f   DlgAssignNet.obj
 0002:000343d0       ?OnBnClickedButtonNewNet@DlgAssignNet@@QAEXXZ 005763d0 f   DlgAssignNet.obj
 0002:000345b0       ?OnBnClickedCancel@DlgAssignNet@@QAEXXZ 005765b0 f   DlgAssignNet.obj
 0002:00034630       ??HATL@@YA?AV?$CStringT@DV?$StrTraitMFC_DLL@DV?$ChTraitsCRT@D@ATL@@@@@0@ABV10@PBD@Z 00576630 f i DlgAssignNet.obj
 0002:000347e0       ??HATL@@YA?AV?$CStringT@DV?$StrTraitMFC_DLL@DV?$ChTraitsCRT@D@ATL@@@@@0@PBDABV10@@Z 005767e0 f i DlgAssignNet.obj
 0002:00034990       ??A?$CArray@Vcpin@@ABV1@@@QAEAAVcpin@@H@Z 00576990 f i DlgAssignNet.obj
 0002:000349f0       ?ElementAt@?$CArray@Vcpin@@ABV1@@@QAEAAVcpin@@H@Z 005769f0 f i DlgAssignNet.obj
 0002:00034aa0       ?_GetBaseClass@CDlgCAD@@KGPAUCRuntimeClass@@XZ 00576aa0 f   DlgCAD.obj
 0002:00034af0       ?GetThisClass@CDlgCAD@@SGPAUCRuntimeClass@@XZ 00576af0 f   DlgCAD.obj
 0002:00034b30       ?GetRuntimeClass@CDlgCAD@@UBEPAUCRuntimeClass@@XZ 00576b30 f   DlgCAD.obj
 0002:00034b70       ??0CDlgCAD@@QAE@PAVCWnd@@@Z 00576b70 f   DlgCAD.obj
 0002:000351e0       ??_ECDlgCAD@@UAEPAXI@Z     005771e0 f i DlgCAD.obj
 0002:000351e0       ??_GCDlgCAD@@UAEPAXI@Z     005771e0 f i DlgCAD.obj
 0002:00035250       ??1CDlgCAD@@UAE@XZ         00577250 f   DlgCAD.obj
 0002:00035850       ?DoDataExchange@CDlgCAD@@MAEXPAVCDataExchange@@@Z 00577850 f   DlgCAD.obj
 0002:000369e0       ?GetMessageMap@CDlgCAD@@MBEPBUAFX_MSGMAP@@XZ 005789e0 f   DlgCAD.obj
 0002:00036a30       ?GetThisMessageMap@CDlgCAD@@KGPBUAFX_MSGMAP@@XZ 00578a30 f   DlgCAD.obj
 0002:00036a70       ?Initialize@CDlgCAD@@QAEXNPAV?$CStringT@DV?$StrTraitMFC_DLL@DV?$ChTraitsCRT@D@ATL@@@@@ATL@@000HHHHHHHHHHHHHHHHHHHHHPAV?$CArray@VCPolyLine@@ABV1@@@PAHPAVCPartList@@PAVCNetList@@PAVCTextList@@PAVCDisplayList@@PAVMerge@@PAVCDlgLog@@@Z 00578a70 f   DlgCAD.obj
 0002:00036df0       ?OnBnClickedGo@CDlgCAD@@QAEXXZ 00578df0 f   DlgCAD.obj
 0002:00039b70       ?GetFields@CDlgCAD@@QAEXXZ 0057bb70 f   DlgCAD.obj
 0002:0003ac60       ?SetFields@CDlgCAD@@QAEXXZ 0057cc60 f   DlgCAD.obj
 0002:0003b180       ?OnCbnSelchangeComboCadUnits@CDlgCAD@@QAEXXZ 0057d180 f   DlgCAD.obj
 0002:0003b220       ?OnBnClickedCheckCadPilot@CDlgCAD@@QAEXXZ 0057d220 f   DlgCAD.obj
 0002:0003b2b0       ?OnBnClickedCancel@CDlgCAD@@QAEXXZ 0057d2b0 f   DlgCAD.obj
 0002:0003b320       ?OnBnClickedButtonDef@CDlgCAD@@QAEXXZ 0057d320 f   DlgCAD.obj
 0002:0003ba90       ?OnBnClickedButtonFolder@CDlgCAD@@QAEXXZ 0057da90 f   DlgCAD.obj
 0002:0003bd10       ?OnBnClickedThermalPins@CDlgCAD@@QAEXXZ 0057dd10 f   DlgCAD.obj
 0002:0003bdb0       ?OnBnClickedThermalVias@CDlgCAD@@QAEXXZ 0057ddb0 f   DlgCAD.obj
 0002:0003be00       ?OnBnClickedRenderAllGerbers@CDlgCAD@@QAEXXZ 0057de00 f   DlgCAD.obj
 0002:0003be70       ?OnBnClickedButtonDone@CDlgCAD@@QAEXXZ 0057de70 f   DlgCAD.obj
 0002:0003bee0       ?SetPinAnnularRing@CPartList@@QAEXH@Z 0057dee0 f i DlgCAD.obj
 0002:0003bf30       ?SetViaAnnularRing@CNetList@@QAEXH@Z 0057df30 f i DlgCAD.obj
 0002:0003bf80       ?_GetBaseClass@CDlgCentroid@@KGPAUCRuntimeClass@@XZ 0057df80 f   DlgCentroid.obj
 0002:0003bfd0       ?GetThisClass@CDlgCentroid@@SGPAUCRuntimeClass@@XZ 0057dfd0 f   DlgCentroid.obj
 0002:0003c010       ?GetRuntimeClass@CDlgCentroid@@UBEPAUCRuntimeClass@@XZ 0057e010 f   DlgCentroid.obj
 0002:0003c050       ??0CDlgCentroid@@QAE@PAVCWnd@@@Z 0057e050 f   DlgCentroid.obj
 0002:0003c190       ??_GCDlgCentroid@@UAEPAXI@Z 0057e190 f i DlgCentroid.obj
 0002:0003c190       ??_ECDlgCentroid@@UAEPAXI@Z 0057e190 f i DlgCentroid.obj
 0002:0003c200       ??1CDlgCentroid@@UAE@XZ    0057e200 f   DlgCentroid.obj
 0002:0003c330       ?DoDataExchange@CDlgCentroid@@MAEXPAVCDataExchange@@@Z 0057e330 f   DlgCentroid.obj
 0002:0003c500       ?GetMessageMap@CDlgCentroid@@MBEPBUAFX_MSGMAP@@XZ 0057e500 f   DlgCentroid.obj
 0002:0003c550       ?GetThisMessageMap@CDlgCentroid@@KGPBUAFX_MSGMAP@@XZ 0057e550 f   DlgCentroid.obj
 0002:0003c590       ?Initialize@CDlgCentroid@@QAEXW4CENTROID_TYPE@@HHHH@Z 0057e590 f   DlgCentroid.obj
 0002:0003c620       ?SetFields@CDlgCentroid@@QAEXXZ 0057e620 f   DlgCentroid.obj
 0002:0003c910       ?GetFields@CDlgCentroid@@QAEXXZ 0057e910 f   DlgCentroid.obj
 0002:0003caf0       ?OnBnClickedDefault@CDlgCentroid@@QAEXXZ 0057eaf0 f   DlgCentroid.obj
 0002:0003cb60       ?OnBnClickedSet@CDlgCentroid@@QAEXXZ 0057eb60 f   DlgCentroid.obj
 0002:0003cbd0       ?OnCbnSelChangeCombo1@CDlgCentroid@@QAEXXZ 0057ebd0 f   DlgCentroid.obj
 0002:0003cc70       ?_GetBaseClass@CDlgChangeLayer@@KGPAUCRuntimeClass@@XZ 0057ec70 f   DlgChangeLayer.obj
 0002:0003ccc0       ?GetThisClass@CDlgChangeLayer@@SGPAUCRuntimeClass@@XZ 0057ecc0 f   DlgChangeLayer.obj
 0002:0003cd00       ?GetRuntimeClass@CDlgChangeLayer@@UBEPAUCRuntimeClass@@XZ 0057ed00 f   DlgChangeLayer.obj
 0002:0003cd40       ??0CDlgChangeLayer@@QAE@PAVCWnd@@@Z 0057ed40 f   DlgChangeLayer.obj
 0002:0003ce50       ??_ECDlgChangeLayer@@UAEPAXI@Z 0057ee50 f i DlgChangeLayer.obj
 0002:0003ce50       ??_GCDlgChangeLayer@@UAEPAXI@Z 0057ee50 f i DlgChangeLayer.obj
 0002:0003cec0       ??1CDlgChangeLayer@@UAE@XZ 0057eec0 f   DlgChangeLayer.obj
 0002:0003cfc0       ?DoDataExchange@CDlgChangeLayer@@MAEXPAVCDataExchange@@@Z 0057efc0 f   DlgChangeLayer.obj
 0002:0003d280       ?GetMessageMap@CDlgChangeLayer@@MBEPBUAFX_MSGMAP@@XZ 0057f280 f   DlgChangeLayer.obj
 0002:0003d2d0       ?GetThisMessageMap@CDlgChangeLayer@@KGPBUAFX_MSGMAP@@XZ 0057f2d0 f   DlgChangeLayer.obj
 0002:0003d310       ?Initialize@CDlgChangeLayer@@QAEXHHH@Z 0057f310 f   DlgChangeLayer.obj
 0002:0003d380       ?_GetBaseClass@CDlgChooseNetName@@KGPAUCRuntimeClass@@XZ 0057f380 f   DlgChooseNetName.obj
 0002:0003d3d0       ?GetThisClass@CDlgChooseNetName@@SGPAUCRuntimeClass@@XZ 0057f3d0 f   DlgChooseNetName.obj
 0002:0003d410       ?GetRuntimeClass@CDlgChooseNetName@@UBEPAUCRuntimeClass@@XZ 0057f410 f   DlgChooseNetName.obj
 0002:0003d450       ??0CDlgChooseNetName@@QAE@PAVCWnd@@@Z 0057f450 f   DlgChooseNetName.obj
 0002:0003d540       ??_GCDlgChooseNetName@@UAEPAXI@Z 0057f540 f i DlgChooseNetName.obj
 0002:0003d540       ??_ECDlgChooseNetName@@UAEPAXI@Z 0057f540 f i DlgChooseNetName.obj
 0002:0003d5b0       ??1CDlgChooseNetName@@UAE@XZ 0057f5b0 f   DlgChooseNetName.obj
 0002:0003d680       ?DoDataExchange@CDlgChooseNetName@@MAEXPAVCDataExchange@@@Z 0057f680 f   DlgChooseNetName.obj
 0002:0003d860       ?Initialize@CDlgChooseNetName@@QAEXPAV?$CArray@V?$CStringT@DV?$StrTraitMFC_DLL@DV?$ChTraitsCRT@D@ATL@@@@@ATL@@ABV12@@@@Z 0057f860 f   DlgChooseNetName.obj
 0002:0003d8b0       ?GetMessageMap@CDlgChooseNetName@@MBEPBUAFX_MSGMAP@@XZ 0057f8b0 f   DlgChooseNetName.obj
 0002:0003d900       ?GetThisMessageMap@CDlgChooseNetName@@KGPBUAFX_MSGMAP@@XZ 0057f900 f   DlgChooseNetName.obj
 0002:0003d940       ?_GetBaseClass@DlgDRC@@KGPAUCRuntimeClass@@XZ 0057f940 f   DlgDRC.obj
 0002:0003d990       ?GetThisClass@DlgDRC@@SGPAUCRuntimeClass@@XZ 0057f990 f   DlgDRC.obj
 0002:0003d9d0       ?GetRuntimeClass@DlgDRC@@UBEPAUCRuntimeClass@@XZ 0057f9d0 f   DlgDRC.obj
 0002:0003da10       ??0DlgDRC@@QAE@PAVCWnd@@@Z 0057fa10 f   DlgDRC.obj
 0002:0003dc10       ??_GDlgDRC@@UAEPAXI@Z      0057fc10 f i DlgDRC.obj
 0002:0003dc10       ??_EDlgDRC@@UAEPAXI@Z      0057fc10 f i DlgDRC.obj
 0002:0003dc80       ??1DlgDRC@@UAE@XZ          0057fc80 f   DlgDRC.obj
 0002:0003de60       ?DoDataExchange@DlgDRC@@MAEXPAVCDataExchange@@@Z 0057fe60 f   DlgDRC.obj
 0002:0003e0b0       ?GetMessageMap@DlgDRC@@MBEPBUAFX_MSGMAP@@XZ 005800b0 f   DlgDRC.obj
 0002:0003e100       ?GetThisMessageMap@DlgDRC@@KGPBUAFX_MSGMAP@@XZ 00580100 f   DlgDRC.obj
 0002:0003e140       ?Initialize@DlgDRC@@QAEXHPAUDesignRules@@PAVCPartList@@PAVCNetList@@PAVCTextList@@PAVDRErrorList@@HPAV?$CArray@VCPolyLine@@ABV1@@@HHPAVCDlgLog@@V?$CStringT@DV?$StrTraitMFC_DLL@DV?$ChTraitsCRT@D@ATL@@@@@ATL@@@Z 00580140 f   DlgDRC.obj
 0002:0003e2e0       ?GetFields@DlgDRC@@QAEXXZ  005802e0 f   DlgDRC.obj
 0002:0003ec20       ?SetFields@DlgDRC@@QAEXXZ  00580c20 f   DlgDRC.obj
 0002:0003f460       ?OnCbnChangeUnits@DlgDRC@@QAEXXZ 00581460 f   DlgDRC.obj
 0002:0003f5c0       ?CheckDesign@DlgDRC@@QAEXXZ 005815c0 f   DlgDRC.obj
 0002:0003f9e0       ?OnBnClickedCancel@DlgDRC@@QAEXXZ 005819e0 f   DlgDRC.obj
 0002:0003fa50       ?OnBnClickedOk@DlgDRC@@QAEXXZ 00581a50 f   DlgDRC.obj
 0002:0003fae0       ?OnBnClickedCheck@DlgDRC@@QAEXXZ 00581ae0 f   DlgDRC.obj
 0002:0003fb30       ?_GetBaseClass@CDlgDupFootprintName@@KGPAUCRuntimeClass@@XZ 00581b30 f   DlgDupFootprintName.obj
 0002:0003fb80       ?GetThisClass@CDlgDupFootprintName@@SGPAUCRuntimeClass@@XZ 00581b80 f   DlgDupFootprintName.obj
 0002:0003fbc0       ?GetRuntimeClass@CDlgDupFootprintName@@UBEPAUCRuntimeClass@@XZ 00581bc0 f   DlgDupFootprintName.obj
 0002:0003fc00       ??0CDlgDupFootprintName@@QAE@PAVCWnd@@@Z 00581c00 f   DlgDupFootprintName.obj
 0002:0003fd30       ??_ECDlgDupFootprintName@@UAEPAXI@Z 00581d30 f i DlgDupFootprintName.obj
 0002:0003fd30       ??_GCDlgDupFootprintName@@UAEPAXI@Z 00581d30 f i DlgDupFootprintName.obj
 0002:0003fda0       ??1CDlgDupFootprintName@@UAE@XZ 00581da0 f   DlgDupFootprintName.obj
 0002:0003fec0       ?DoDataExchange@CDlgDupFootprintName@@MAEXPAVCDataExchange@@@Z 00581ec0 f   DlgDupFootprintName.obj
 0002:00040110       ?GetMessageMap@CDlgDupFootprintName@@MBEPBUAFX_MSGMAP@@XZ 00582110 f   DlgDupFootprintName.obj
 0002:00040160       ?GetThisMessageMap@CDlgDupFootprintName@@KGPBUAFX_MSGMAP@@XZ 00582160 f   DlgDupFootprintName.obj
 0002:000401a0       ?Initialize@CDlgDupFootprintName@@QAEXPAV?$CStringT@DV?$StrTraitMFC_DLL@DV?$ChTraitsCRT@D@ATL@@@@@ATL@@PAVCMapStringToPtr@@@Z 005821a0 f   DlgDupFootprintName.obj
 0002:00040200       ?OnBnClickedRadioReplaceAll@CDlgDupFootprintName@@QAEXXZ 00582200 f   DlgDupFootprintName.obj
 0002:00040260       ?OnBnClickedRadioReplaceThis@CDlgDupFootprintName@@QAEXXZ 00582260 f   DlgDupFootprintName.obj
 0002:000402c0       ?OnBnClickedOk@CDlgDupFootprintName@@QAEXXZ 005822c0 f   DlgDupFootprintName.obj
 0002:00040340       ?_GetBaseClass@DlgEditBoardCorner@@KGPAUCRuntimeClass@@XZ 00582340 f   DlgEditBoardCorner.obj
 0002:00040390       ?GetThisClass@DlgEditBoardCorner@@SGPAUCRuntimeClass@@XZ 00582390 f   DlgEditBoardCorner.obj
 0002:000403d0       ?GetRuntimeClass@DlgEditBoardCorner@@UBEPAUCRuntimeClass@@XZ 005823d0 f   DlgEditBoardCorner.obj
 0002:00040410       ??0DlgEditBoardCorner@@QAE@PAVCWnd@@@Z 00582410 f   DlgEditBoardCorner.obj
 0002:00040550       ??_EDlgEditBoardCorner@@UAEPAXI@Z 00582550 f i DlgEditBoardCorner.obj
 0002:00040550       ??_GDlgEditBoardCorner@@UAEPAXI@Z 00582550 f i DlgEditBoardCorner.obj
 0002:000405c0       ??1DlgEditBoardCorner@@UAE@XZ 005825c0 f   DlgEditBoardCorner.obj
 0002:000406a0       ?DoDataExchange@DlgEditBoardCorner@@MAEXPAVCDataExchange@@@Z 005826a0 f   DlgEditBoardCorner.obj
 0002:00040820       ?Init@DlgEditBoardCorner@@QAEXPAV?$CStringT@DV?$StrTraitMFC_DLL@DV?$ChTraitsCRT@D@ATL@@@@@ATL@@HHH@Z 00582820 f   DlgEditBoardCorner.obj
 0002:000408a0       ?GetMessageMap@DlgEditBoardCorner@@MBEPBUAFX_MSGMAP@@XZ 005828a0 f   DlgEditBoardCorner.obj
 0002:000408f0       ?GetThisMessageMap@DlgEditBoardCorner@@KGPBUAFX_MSGMAP@@XZ 005828f0 f   DlgEditBoardCorner.obj
 0002:00040930       ?OnCbnSelchangeComboCornerUnits@DlgEditBoardCorner@@QAEXXZ 00582930 f   DlgEditBoardCorner.obj
 0002:000409d0       ?GetFields@DlgEditBoardCorner@@AAEXXZ 005829d0 f   DlgEditBoardCorner.obj
 0002:00040bf0       ?SetFields@DlgEditBoardCorner@@AAEXXZ 00582bf0 f   DlgEditBoardCorner.obj
 0002:00040e50       ?_GetBaseClass@CDlgEditNet@@KGPAUCRuntimeClass@@XZ 00582e50 f   DlgEditNet.obj
 0002:00040ea0       ?GetThisClass@CDlgEditNet@@SGPAUCRuntimeClass@@XZ 00582ea0 f   DlgEditNet.obj
 0002:00040ee0       ?GetRuntimeClass@CDlgEditNet@@UBEPAUCRuntimeClass@@XZ 00582ee0 f   DlgEditNet.obj
 0002:00040f20       ??0CDlgEditNet@@QAE@PAVCWnd@@@Z 00582f20 f   DlgEditNet.obj
 0002:00041150       ??_ECDlgEditNet@@UAEPAXI@Z 00583150 f i DlgEditNet.obj
 0002:00041150       ??_GCDlgEditNet@@UAEPAXI@Z 00583150 f i DlgEditNet.obj
 0002:000411c0       ??1CDlgEditNet@@UAE@XZ     005831c0 f   DlgEditNet.obj
 0002:000413b0       ?DoDataExchange@CDlgEditNet@@MAEXPAVCDataExchange@@@Z 005833b0 f   DlgEditNet.obj
 0002:000422b0       ?Initialize@CDlgEditNet@@QAEXPAV?$CArray@Unet_info@@ABU1@@@HPAVCPartList@@HHHHPAV?$CArray@HABH@@22PAV?$CStringT@DV?$StrTraitMFC_DLL@DV?$ChTraitsCRT@D@ATL@@@@@ATL@@@Z 005842b0 f   DlgEditNet.obj
 0002:000424d0       ?GetMessageMap@CDlgEditNet@@MBEPBUAFX_MSGMAP@@XZ 005844d0 f   DlgEditNet.obj
 0002:00042520       ?GetThisMessageMap@CDlgEditNet@@KGPBUAFX_MSGMAP@@XZ 00584520 f   DlgEditNet.obj
 0002:00042560       ?OnBnClickedRadioDefWidth@CDlgEditNet@@IAEXXZ 00584560 f   DlgEditNet.obj
 0002:000426c0       ?OnBnClickedRadioSetWidth@CDlgEditNet@@IAEXXZ 005846c0 f   DlgEditNet.obj
 0002:00042730       ?OnBnClickedButtonDelete@CDlgEditNet@@IAEXXZ 00584730 f   DlgEditNet.obj
 0002:00042b40       ?OnBnClickedButtonAdd@CDlgEditNet@@IAEXXZ 00584b40 f   DlgEditNet.obj
 0002:000436c0       ?OnInitDialog@CDlgEditNet@@MAEHXZ 005856c0 f   DlgEditNet.obj
 0002:00043c60       ?OnCbnSelchangeComboWidth@CDlgEditNet@@IAEXXZ 00585c60 f   DlgEditNet.obj
 0002:00043dc0       ?OnCbnEditchangeComboWidth@CDlgEditNet@@IAEXXZ 00585dc0 f   DlgEditNet.obj
 0002:00043f00       ?ChangeTraceWidth@CDlgEditNet@@IAEXV?$CStringT@DV?$StrTraitMFC_DLL@DV?$ChTraitsCRT@D@ATL@@@@@ATL@@@Z 00585f00 f   DlgEditNet.obj
 0002:00044500       ?SetFields@CDlgEditNet@@QAEXXZ 00586500 f   DlgEditNet.obj
 0002:00044540       ?GetFields@CDlgEditNet@@QAEXXZ 00586540 f   DlgEditNet.obj
 0002:00044580       ?OnEnUpdateEditAddPin@CDlgEditNet@@QAEXXZ 00586580 f   DlgEditNet.obj
 0002:00044600       ?OnBnClickedOk@CDlgEditNet@@QAEXXZ 00586600 f   DlgEditNet.obj
 0002:00044770       ?RemoveAt@?$CArray@V?$CStringT@DV?$StrTraitMFC_DLL@DV?$ChTraitsCRT@D@ATL@@@@@ATL@@ABV12@@@QAEXHH@Z 00586770 f i DlgEditNet.obj
 0002:00044940       ?GetSize@?$CArray@HABH@@QBEHXZ 00586940 f i DlgEditNet.obj
 0002:00044980       ?GetSize@?$CArray@Unet_info@@ABU1@@@QBEHXZ 00586980 f i DlgEditNet.obj
 0002:000449c0       ?SetSize@?$CArray@Unet_info@@ABU1@@@QAEXHH@Z 005869c0 f i DlgEditNet.obj
 0002:000450c0       ??A?$CArray@Unet_info@@ABU1@@@QAEAAUnet_info@@H@Z 005870c0 f i DlgEditNet.obj
 0002:00045120       ??0?$CArray@HH@@QAE@XZ     00587120 f i DlgEditNet.obj
 0002:000451b0       ?SetSize@?$CArray@HH@@QAEXHH@Z 005871b0 f i DlgEditNet.obj
 0002:00045740       ?GetData@?$CArray@HH@@QAEPAHXZ 00587740 f i DlgEditNet.obj
 0002:00045780       ??A?$CArray@HH@@QAEAAHH@Z  00587780 f i DlgEditNet.obj
 0002:000457e0       ??1?$CArray@HH@@UAE@XZ     005877e0 f i DlgEditNet.obj
 0002:000458f0       ?Serialize@?$CArray@HH@@UAEXAAVCArchive@@@Z 005878f0 f i DlgEditNet.obj
 0002:000459c0       ?Dump@?$CArray@HH@@UBEXAAVCDumpContext@@@Z 005879c0 f i DlgEditNet.obj
 0002:00045aa0       ?AssertValid@?$CArray@HH@@UBEXXZ 00587aa0 f i DlgEditNet.obj
 0002:00045c00       ??_Gnet_info@@QAEPAXI@Z    00587c00 f i DlgEditNet.obj
 0002:00045c70       ??0net_info@@QAE@XZ        00587c70 f i DlgEditNet.obj
 0002:00045d40       ??_E?$CArray@HH@@UAEPAXI@Z 00587d40 f i DlgEditNet.obj
 0002:00045d40       ??_G?$CArray@HH@@UAEPAXI@Z 00587d40 f i DlgEditNet.obj
 0002:00045db0       ??1net_info@@QAE@XZ        00587db0 f i DlgEditNet.obj
 0002:00045e80       ?ElementAt@?$CArray@Unet_info@@ABU1@@@QAEAAUnet_info@@H@Z 00587e80 f i DlgEditNet.obj
 0002:00045f30       ?ElementAt@?$CArray@HH@@QAEAAHH@Z 00587f30 f i DlgEditNet.obj
 0002:00045fe0       ??A?$CArray@HABH@@QAEAAHH@Z 00587fe0 f i DlgEditNet.obj
 0002:00046040       ?ElementAt@?$CArray@HABH@@QAEAAHH@Z 00588040 f i DlgEditNet.obj
 0002:000460f0       ??$SerializeElements@H@@YGXAAVCArchive@@PAHH@Z 005880f0 f i DlgEditNet.obj
 0002:000462e0       ??$DumpElements@H@@YGXAAVCDumpContext@@PBHH@Z 005882e0 f i DlgEditNet.obj
 0002:000463d0       ?_GetBaseClass@CDlgExportDsn@@KGPAUCRuntimeClass@@XZ 005883d0 f   DlgExportDsn.obj
 0002:00046420       ?GetThisClass@CDlgExportDsn@@SGPAUCRuntimeClass@@XZ 00588420 f   DlgExportDsn.obj
 0002:00046460       ?GetRuntimeClass@CDlgExportDsn@@UBEPAUCRuntimeClass@@XZ 00588460 f   DlgExportDsn.obj
 0002:000464a0       ??0CDlgExportDsn@@QAE@PAVCWnd@@@Z 005884a0 f   DlgExportDsn.obj
 0002:00046650       ??_GCDlgExportDsn@@UAEPAXI@Z 00588650 f i DlgExportDsn.obj
 0002:00046650       ??_ECDlgExportDsn@@UAEPAXI@Z 00588650 f i DlgExportDsn.obj
 0002:000466c0       ??1CDlgExportDsn@@UAE@XZ   005886c0 f   DlgExportDsn.obj
 0002:00046840       ?DoDataExchange@CDlgExportDsn@@MAEXPAVCDataExchange@@@Z 00588840 f   DlgExportDsn.obj
 0002:00046df0       ?GetMessageMap@CDlgExportDsn@@MBEPBUAFX_MSGMAP@@XZ 00588df0 f   DlgExportDsn.obj
 0002:00046e40       ?GetThisMessageMap@CDlgExportDsn@@KGPBUAFX_MSGMAP@@XZ 00588e40 f   DlgExportDsn.obj
 0002:00046e80       ?Initialize@CDlgExportDsn@@QAEXPAV?$CStringT@DV?$StrTraitMFC_DLL@DV?$ChTraitsCRT@D@ATL@@@@@ATL@@HHHH@Z 00588e80 f   DlgExportDsn.obj
 0002:00046f30       ?OnBnClickedOk@CDlgExportDsn@@QAEXXZ 00588f30 f   DlgExportDsn.obj
 0002:00046fa0       ?OnBnClickedCheckFromTo@CDlgExportDsn@@QAEXXZ 00588fa0 f   DlgExportDsn.obj
 0002:00047090       ?OnBnClickedRadioAll@CDlgExportDsn@@QAEXXZ 00589090 f   DlgExportDsn.obj
 0002:000470d0       ?OnBnClickedRadioLocked@CDlgExportDsn@@QAEXXZ 005890d0 f   DlgExportDsn.obj
 0002:00047110       ?OnBnClickedRadioNetLocked@CDlgExportDsn@@QAEXXZ 00589110 f   DlgExportDsn.obj
 0002:00047150       ?_GetBaseClass@CDlgFindPart@@KGPAUCRuntimeClass@@XZ 00589150 f   DlgFindPart.obj
 0002:000471a0       ?GetThisClass@CDlgFindPart@@SGPAUCRuntimeClass@@XZ 005891a0 f   DlgFindPart.obj
 0002:000471e0       ?GetRuntimeClass@CDlgFindPart@@UBEPAUCRuntimeClass@@XZ 005891e0 f   DlgFindPart.obj
 0002:00047220       ??0CDlgFindPart@@QAE@PAVCWnd@@@Z 00589220 f   DlgFindPart.obj
 0002:00047310       ??_ECDlgFindPart@@UAEPAXI@Z 00589310 f i DlgFindPart.obj
 0002:00047310       ??_GCDlgFindPart@@UAEPAXI@Z 00589310 f i DlgFindPart.obj
 0002:00047380       ??1CDlgFindPart@@UAE@XZ    00589380 f   DlgFindPart.obj
 0002:00047450       ?DoDataExchange@CDlgFindPart@@MAEXPAVCDataExchange@@@Z 00589450 f   DlgFindPart.obj
 0002:00047560       ?GetMessageMap@CDlgFindPart@@MBEPBUAFX_MSGMAP@@XZ 00589560 f   DlgFindPart.obj
 0002:000475b0       ?GetThisMessageMap@CDlgFindPart@@KGPBUAFX_MSGMAP@@XZ 005895b0 f   DlgFindPart.obj
 0002:000475f0       ?Initialize@CDlgFindPart@@QAEXPAVCPartList@@@Z 005895f0 f   DlgFindPart.obj
 0002:00047640       ?_GetBaseClass@CDlgFpRefText@@KGPAUCRuntimeClass@@XZ 00589640 f   DlgFpRefText.obj
 0002:00047690       ?GetThisClass@CDlgFpRefText@@SGPAUCRuntimeClass@@XZ 00589690 f   DlgFpRefText.obj
 0002:000476d0       ?GetRuntimeClass@CDlgFpRefText@@UBEPAUCRuntimeClass@@XZ 005896d0 f   DlgFpRefText.obj
 0002:00047710       ??0CDlgFpRefText@@QAE@PAVCWnd@@@Z 00589710 f   DlgFpRefText.obj
 0002:00047850       ??_GCDlgFpRefText@@UAEPAXI@Z 00589850 f i DlgFpRefText.obj
 0002:00047850       ??_ECDlgFpRefText@@UAEPAXI@Z 00589850 f i DlgFpRefText.obj
 0002:000478c0       ??1CDlgFpRefText@@UAE@XZ   005898c0 f   DlgFpRefText.obj
 0002:000479f0       ?Initialize@CDlgFpRefText@@QAEXHHH@Z 005899f0 f   DlgFpRefText.obj
 0002:00047a60       ?DoDataExchange@CDlgFpRefText@@MAEXPAVCDataExchange@@@Z 00589a60 f   DlgFpRefText.obj
 0002:00047c60       ?GetMessageMap@CDlgFpRefText@@MBEPBUAFX_MSGMAP@@XZ 00589c60 f   DlgFpRefText.obj
 0002:00047cb0       ?GetThisMessageMap@CDlgFpRefText@@KGPBUAFX_MSGMAP@@XZ 00589cb0 f   DlgFpRefText.obj
 0002:00047cf0       ?OnBnClickedRadioSet@CDlgFpRefText@@AAEXXZ 00589cf0 f   DlgFpRefText.obj
 0002:00047d50       ?OnBnClickedRadioDef@CDlgFpRefText@@AAEXXZ 00589d50 f   DlgFpRefText.obj
 0002:00047db0       ?OnCbnSelchangeComboRefTextUnits@CDlgFpRefText@@AAEXXZ 00589db0 f   DlgFpRefText.obj
 0002:00047e50       ?OnEnChangeEditCharHeight@CDlgFpRefText@@AAEXXZ 00589e50 f   DlgFpRefText.obj
 0002:00048100       ?GetFields@CDlgFpRefText@@AAEXXZ 0058a100 f   DlgFpRefText.obj
 0002:000483a0       ?SetFields@CDlgFpRefText@@AAEXXZ 0058a3a0 f   DlgFpRefText.obj
 0002:00048710       ?_GetBaseClass@CDlgFpText@@KGPAUCRuntimeClass@@XZ 0058a710 f   DlgFpText.obj
 0002:00048760       ?GetThisClass@CDlgFpText@@SGPAUCRuntimeClass@@XZ 0058a760 f   DlgFpText.obj
 0002:000487a0       ?GetRuntimeClass@CDlgFpText@@UBEPAUCRuntimeClass@@XZ 0058a7a0 f   DlgFpText.obj
 0002:000487e0       ??0CDlgFpText@@QAE@PAVCWnd@@@Z 0058a7e0 f   DlgFpText.obj
 0002:000489d0       ??_GCDlgFpText@@UAEPAXI@Z  0058a9d0 f i DlgFpText.obj
 0002:000489d0       ??_ECDlgFpText@@UAEPAXI@Z  0058a9d0 f i DlgFpText.obj
 0002:00048a40       ??1CDlgFpText@@UAE@XZ      0058aa40 f   DlgFpText.obj
 0002:00048c00       ?DoDataExchange@CDlgFpText@@MAEXPAVCDataExchange@@@Z 0058ac00 f   DlgFpText.obj
 0002:00048f90       ?GetMessageMap@CDlgFpText@@MBEPBUAFX_MSGMAP@@XZ 0058af90 f   DlgFpText.obj
 0002:00048fe0       ?GetThisMessageMap@CDlgFpText@@KGPBUAFX_MSGMAP@@XZ 0058afe0 f   DlgFpText.obj
 0002:00049020       ?Initialize@CDlgFpText@@QAEXHHPAV?$CStringT@DV?$StrTraitMFC_DLL@DV?$ChTraitsCRT@D@ATL@@@@@ATL@@HHHHHH@Z 0058b020 f   DlgFpText.obj
 0002:00049180       ?OnInitDialog@CDlgFpText@@UAEHXZ 0058b180 f   DlgFpText.obj
 0002:00049650       ?OnBnClickedSetWidth@CDlgFpText@@QAEXXZ 0058b650 f   DlgFpText.obj
 0002:000496d0       ?OnBnClickedDefWidth@CDlgFpText@@QAEXXZ 0058b6d0 f   DlgFpText.obj
 0002:00049760       ?OnEnChangeEditHeight@CDlgFpText@@QAEXXZ 0058b760 f   DlgFpText.obj
 0002:00049a00       ?OnBnClickedOk@CDlgFpText@@QAEXXZ 0058ba00 f   DlgFpText.obj
 0002:00049a70       ?OnBnClickedSetPosition@CDlgFpText@@QAEXXZ 0058ba70 f   DlgFpText.obj
 0002:00049b10       ?OnBnClickedDrag@CDlgFpText@@QAEXXZ 0058bb10 f   DlgFpText.obj
 0002:00049bb0       ?OnCbnSelchangeComboAddTextUnits@CDlgFpText@@QAEXXZ 0058bbb0 f   DlgFpText.obj
 0002:00049c70       ?GetFields@CDlgFpText@@QAEXXZ 0058bc70 f   DlgFpText.obj
 0002:00049ef0       ?SetFields@CDlgFpText@@QAEXXZ 0058bef0 f   DlgFpText.obj
 0002:0004a140       ?_GetBaseClass@CDlgGlue@@KGPAUCRuntimeClass@@XZ 0058c140 f   DlgGlue.obj
 0002:0004a190       ?GetThisClass@CDlgGlue@@SGPAUCRuntimeClass@@XZ 0058c190 f   DlgGlue.obj
 0002:0004a1d0       ?GetRuntimeClass@CDlgGlue@@UBEPAUCRuntimeClass@@XZ 0058c1d0 f   DlgGlue.obj
 0002:0004a210       ??0CDlgGlue@@QAE@PAVCWnd@@@Z 0058c210 f   DlgGlue.obj
 0002:0004a390       ??_ECDlgGlue@@UAEPAXI@Z    0058c390 f i DlgGlue.obj
 0002:0004a390       ??_GCDlgGlue@@UAEPAXI@Z    0058c390 f i DlgGlue.obj
 0002:0004a400       ??1CDlgGlue@@UAE@XZ        0058c400 f   DlgGlue.obj
 0002:0004a570       ?DoDataExchange@CDlgGlue@@MAEXPAVCDataExchange@@@Z 0058c570 f   DlgGlue.obj
 0002:0004a760       ?GetMessageMap@CDlgGlue@@MBEPBUAFX_MSGMAP@@XZ 0058c760 f   DlgGlue.obj
 0002:0004a7b0       ?GetThisMessageMap@CDlgGlue@@KGPBUAFX_MSGMAP@@XZ 0058c7b0 f   DlgGlue.obj
 0002:0004a7f0       ?Initialize@CDlgGlue@@QAEXW4GLUE_POS_TYPE@@HHHH@Z 0058c7f0 f   DlgGlue.obj
 0002:0004a8a0       ?SetFields@CDlgGlue@@QAEXXZ 0058c8a0 f   DlgGlue.obj
 0002:0004abc0       ?GetFields@CDlgGlue@@QAEXXZ 0058cbc0 f   DlgGlue.obj
 0002:0004ae40       ?OnBnClickedDefault@CDlgGlue@@QAEXXZ 0058ce40 f   DlgGlue.obj
 0002:0004aea0       ?OnBnClickedSet@CDlgGlue@@QAEXXZ 0058cea0 f   DlgGlue.obj
 0002:0004af00       ?OnCbnSelChangeCombo1@CDlgGlue@@QAEXXZ 0058cf00 f   DlgGlue.obj
 0002:0004afa0       ?OnBnClickedDrag@CDlgGlue@@QAEXXZ 0058cfa0 f   DlgGlue.obj
 0002:0004b000       ?OnBnClickedDefaultSize@CDlgGlue@@QAEXXZ 0058d000 f   DlgGlue.obj
 0002:0004b060       ?OnBnClickedRadioSetSize@CDlgGlue@@QAEXXZ 0058d060 f   DlgGlue.obj
 0002:0004b0c0       ?ListCompare@@YGHJJJ@Z     0058d0c0 f   DlgGroupPaste.obj
 0002:0004b440       ?_GetBaseClass@CDlgGroupPaste@@KGPAUCRuntimeClass@@XZ 0058d440 f   DlgGroupPaste.obj
 0002:0004b490       ?GetThisClass@CDlgGroupPaste@@SGPAUCRuntimeClass@@XZ 0058d490 f   DlgGroupPaste.obj
 0002:0004b4d0       ?GetRuntimeClass@CDlgGroupPaste@@UBEPAUCRuntimeClass@@XZ 0058d4d0 f   DlgGroupPaste.obj
 0002:0004b510       ??0CDlgGroupPaste@@QAE@PAVCWnd@@@Z 0058d510 f   DlgGroupPaste.obj
 0002:0004b770       ??_GCDlgGroupPaste@@UAEPAXI@Z 0058d770 f i DlgGroupPaste.obj
 0002:0004b770       ??_ECDlgGroupPaste@@UAEPAXI@Z 0058d770 f i DlgGroupPaste.obj
 0002:0004b7e0       ??1CDlgGroupPaste@@UAE@XZ  0058d7e0 f   DlgGroupPaste.obj
 0002:0004ba30       ?DoDataExchange@CDlgGroupPaste@@MAEXPAVCDataExchange@@@Z 0058da30 f   DlgGroupPaste.obj
 0002:0004c6d0       ?GetMessageMap@CDlgGroupPaste@@MBEPBUAFX_MSGMAP@@XZ 0058e6d0 f   DlgGroupPaste.obj
 0002:0004c720       ?GetThisMessageMap@CDlgGroupPaste@@KGPBUAFX_MSGMAP@@XZ 0058e720 f   DlgGroupPaste.obj
 0002:0004c760       ?Initialize@CDlgGroupPaste@@QAEXPAVCNetList@@@Z 0058e760 f   DlgGroupPaste.obj
 0002:0004c830       ?SetFields@CDlgGroupPaste@@QAEXXZ 0058e830 f   DlgGroupPaste.obj
 0002:0004cc00       ?OnBnClickedRadioUseGroupRef@CDlgGroupPaste@@QAEXXZ 0058ec00 f   DlgGroupPaste.obj
 0002:0004cc50       ?OnBnClickedRadioUseNextRef@CDlgGroupPaste@@QAEXXZ 0058ec50 f   DlgGroupPaste.obj
 0002:0004cca0       ?OnBnClickedRadioAddRefOffset@CDlgGroupPaste@@QAEXXZ 0058eca0 f   DlgGroupPaste.obj
 0002:0004ccf0       ?OnBnClickedRadioUseGroupNets@CDlgGroupPaste@@QAEXXZ 0058ecf0 f   DlgGroupPaste.obj
 0002:0004cd40       ?OnBnClickedRadioUseSelectedNets@CDlgGroupPaste@@QAEXXZ 0058ed40 f   DlgGroupPaste.obj
 0002:0004cd90       ?OnBnClickedRadioUseSuffix@CDlgGroupPaste@@QAEXXZ 0058ed90 f   DlgGroupPaste.obj
 0002:0004cde0       ?OnBnClickedRadioMakeNewNames@CDlgGroupPaste@@QAEXXZ 0058ede0 f   DlgGroupPaste.obj
 0002:0004ce30       ?OnBnClickedRadioDrag@CDlgGroupPaste@@QAEXXZ 0058ee30 f   DlgGroupPaste.obj
 0002:0004ce80       ?OnBnClickedRadioOffset@CDlgGroupPaste@@QAEXXZ 0058ee80 f   DlgGroupPaste.obj
 0002:0004ced0       ?OnCbnSelchangeComboGroupUnits@CDlgGroupPaste@@QAEXXZ 0058eed0 f   DlgGroupPaste.obj
 0002:0004cf10       ?OnBnClickedRadioRetainAll@CDlgGroupPaste@@QAEXXZ 0058ef10 f   DlgGroupPaste.obj
 0002:0004cf50       ?OnBnClickedRadioRetainTraces@CDlgGroupPaste@@QAEXXZ 0058ef50 f   DlgGroupPaste.obj
 0002:0004cf90       ?OnLvnColumnClickListSelectGroupNets@CDlgGroupPaste@@QAEXPAUtagNMHDR@@PAJ@Z 0058ef90 f   DlgGroupPaste.obj
 0002:0004d1e0       ??0?$CArray@Unet_info@@ABU1@@@QAE@XZ 0058f1e0 f i DlgGroupPaste.obj
 0002:0004d270       ?Serialize@?$CArray@Unet_info@@ABU1@@@UAEXAAVCArchive@@@Z 0058f270 f i DlgGroupPaste.obj
 0002:0004d340       ?Dump@?$CArray@Unet_info@@ABU1@@@UBEXAAVCDumpContext@@@Z 0058f340 f i DlgGroupPaste.obj
 0002:0004d420       ?AssertValid@?$CArray@Unet_info@@ABU1@@@UBEXXZ 0058f420 f i DlgGroupPaste.obj
 0002:0004d580       ??_E?$CArray@Unet_info@@ABU1@@@UAEPAXI@Z 0058f580 f i DlgGroupPaste.obj
 0002:0004d580       ??_G?$CArray@Unet_info@@ABU1@@@UAEPAXI@Z 0058f580 f i DlgGroupPaste.obj
 0002:0004d5f0       ??1?$CArray@Unet_info@@ABU1@@@UAE@XZ 0058f5f0 f i DlgGroupPaste.obj
 0002:0004d720       ??$SerializeElements@Unet_info@@@@YGXAAVCArchive@@PAUnet_info@@H@Z 0058f720 f i DlgGroupPaste.obj
 0002:0004d910       ??$DumpElements@Unet_info@@@@YGXAAVCDumpContext@@PBUnet_info@@H@Z 0058f910 f i DlgGroupPaste.obj
 0002:0004da00       ?_GetBaseClass@CDlgHole@@KGPAUCRuntimeClass@@XZ 0058fa00 f   DlgHole.obj
 0002:0004da50       ?GetThisClass@CDlgHole@@SGPAUCRuntimeClass@@XZ 0058fa50 f   DlgHole.obj
 0002:0004da90       ?GetRuntimeClass@CDlgHole@@UBEPAUCRuntimeClass@@XZ 0058fa90 f   DlgHole.obj
 0002:0004dad0       ??0CDlgHole@@QAE@PAVCWnd@@@Z 0058fad0 f   DlgHole.obj
 0002:0004dc30       ??_ECDlgHole@@UAEPAXI@Z    0058fc30 f i DlgHole.obj
 0002:0004dc30       ??_GCDlgHole@@UAEPAXI@Z    0058fc30 f i DlgHole.obj
 0002:0004dca0       ??1CDlgHole@@UAE@XZ        0058fca0 f   DlgHole.obj
 0002:0004ddf0       ?DoDataExchange@CDlgHole@@MAEXPAVCDataExchange@@@Z 0058fdf0 f   DlgHole.obj
 0002:0004df90       ?GetMessageMap@CDlgHole@@MBEPBUAFX_MSGMAP@@XZ 0058ff90 f   DlgHole.obj
 0002:0004dfe0       ?GetThisMessageMap@CDlgHole@@KGPBUAFX_MSGMAP@@XZ 0058ffe0 f   DlgHole.obj
 0002:0004e020       ?Initialize@CDlgHole@@QAEXHHHHH@Z 00590020 f   DlgHole.obj
 0002:0004e0c0       ?SetFields@CDlgHole@@QAEXXZ 005900c0 f   DlgHole.obj
 0002:0004e3e0       ?GetFields@CDlgHole@@QAEXXZ 005903e0 f   DlgHole.obj
 0002:0004e5e0       ?OnCbnSelChangeCombo1@CDlgHole@@QAEXXZ 005905e0 f   DlgHole.obj
 0002:0004e680       ?OnBnClickedSet@CDlgHole@@QAEXXZ 00590680 f   DlgHole.obj
 0002:0004e6e0       ?OnBnClickedDrag@CDlgHole@@QAEXXZ 005906e0 f   DlgHole.obj
 0002:0004e740       ?OnBnClickedPlated@CDlgHole@@QAEXXZ 00590740 f   DlgHole.obj
 0002:0004e7a0       ?OnBnClickedUnplated@CDlgHole@@QAEXXZ 005907a0 f   DlgHole.obj
 0002:0004e800       ?_GetBaseClass@CDlgImportFootprint@@KGPAUCRuntimeClass@@XZ 00590800 f   DlgImportFootprint.obj
 0002:0004e850       ?GetThisClass@CDlgImportFootprint@@SGPAUCRuntimeClass@@XZ 00590850 f   DlgImportFootprint.obj
 0002:0004e890       ?GetRuntimeClass@CDlgImportFootprint@@UBEPAUCRuntimeClass@@XZ 00590890 f   DlgImportFootprint.obj
 0002:0004e8d0       ??0CDlgImportFootprint@@QAE@PAVCWnd@@@Z 005908d0 f   DlgImportFootprint.obj
 0002:0004eb40       ??_GCDlgImportFootprint@@UAEPAXI@Z 00590b40 f i DlgImportFootprint.obj
 0002:0004eb40       ??_ECDlgImportFootprint@@UAEPAXI@Z 00590b40 f i DlgImportFootprint.obj
 0002:0004ebb0       ??1CDlgImportFootprint@@UAE@XZ 00590bb0 f   DlgImportFootprint.obj
 0002:0004ed70       ?DoDataExchange@CDlgImportFootprint@@MAEXPAVCDataExchange@@@Z 00590d70 f   DlgImportFootprint.obj
 0002:0004ee90       ?GetMessageMap@CDlgImportFootprint@@MBEPBUAFX_MSGMAP@@XZ 00590e90 f   DlgImportFootprint.obj
 0002:0004eee0       ?GetThisMessageMap@CDlgImportFootprint@@KGPBUAFX_MSGMAP@@XZ 00590ee0 f   DlgImportFootprint.obj
 0002:0004ef20       ?InitInstance@CDlgImportFootprint@@QAEXPAVCMapStringToPtr@@PAVCFootLibFolderMap@@PAVCDlgLog@@@Z 00590f20 f   DlgImportFootprint.obj
 0002:0004efd0       ?OnInitDialog@CDlgImportFootprint@@EAEHXZ 00590fd0 f   DlgImportFootprint.obj
 0002:0004f030       ?OnBnClickedButtonBrowseLibFolder@CDlgImportFootprint@@QAEXXZ 00591030 f   DlgImportFootprint.obj
 0002:0004f300       ?OnTvnSelchangedPartLibTree@CDlgImportFootprint@@AAEXPAUtagNMHDR@@PAJ@Z 00591300 f   DlgImportFootprint.obj
 0002:0004fa40       ?InitPartLibTree@CDlgImportFootprint@@QAEXXZ 00591a40 f   DlgImportFootprint.obj
 0002:00050070       ?OnBnClickedOk@CDlgImportFootprint@@QAEXXZ 00592070 f   DlgImportFootprint.obj
 0002:00050280       ?OnBnClickedCancel@CDlgImportFootprint@@QAEXXZ 00592280 f   DlgImportFootprint.obj
 0002:00050440       ?GetExpanded@CFootLibFolder@@QAEHH@Z 00592440 f i DlgImportFootprint.obj
 0002:000504a0       ?_GetBaseClass@CDlgImportOptions@@KGPAUCRuntimeClass@@XZ 005924a0 f   DlgImportOptions.obj
 0002:000504f0       ?GetThisClass@CDlgImportOptions@@SGPAUCRuntimeClass@@XZ 005924f0 f   DlgImportOptions.obj
 0002:00050530       ?GetRuntimeClass@CDlgImportOptions@@UBEPAUCRuntimeClass@@XZ 00592530 f   DlgImportOptions.obj
 0002:00050570       ??0CDlgImportOptions@@QAE@PAVCWnd@@@Z 00592570 f   DlgImportOptions.obj
 0002:00050720       ??_GCDlgImportOptions@@UAEPAXI@Z 00592720 f i DlgImportOptions.obj
 0002:00050720       ??_ECDlgImportOptions@@UAEPAXI@Z 00592720 f i DlgImportOptions.obj
 0002:00050790       ??1CDlgImportOptions@@UAE@XZ 00592790 f   DlgImportOptions.obj
 0002:00050930       ?DoDataExchange@CDlgImportOptions@@MAEXPAVCDataExchange@@@Z 00592930 f   DlgImportOptions.obj
 0002:00050fb0       ?GetMessageMap@CDlgImportOptions@@MBEPBUAFX_MSGMAP@@XZ 00592fb0 f   DlgImportOptions.obj
 0002:00051000       ?GetThisMessageMap@CDlgImportOptions@@KGPBUAFX_MSGMAP@@XZ 00593000 f   DlgImportOptions.obj
 0002:00051040       ?Initialize@CDlgImportOptions@@QAEXH@Z 00593040 f   DlgImportOptions.obj
 0002:00051090       ?OnBnClickedSaveAndImport@CDlgImportOptions@@QAEXXZ 00593090 f   DlgImportOptions.obj
 0002:00051120       ?OnBnClickedOk@CDlgImportOptions@@QAEXXZ 00593120 f   DlgImportOptions.obj
 0002:000511b0       ?_GetBaseClass@CDlgImportSes@@KGPAUCRuntimeClass@@XZ 005931b0 f   DlgImportSes.obj
 0002:00051200       ?GetThisClass@CDlgImportSes@@SGPAUCRuntimeClass@@XZ 00593200 f   DlgImportSes.obj
 0002:00051240       ?GetRuntimeClass@CDlgImportSes@@UBEPAUCRuntimeClass@@XZ 00593240 f   DlgImportSes.obj
 0002:00051280       ??0CDlgImportSes@@QAE@PAVCWnd@@@Z 00593280 f   DlgImportSes.obj
 0002:000513d0       ??_GCDlgImportSes@@UAEPAXI@Z 005933d0 f i DlgImportSes.obj
 0002:000513d0       ??_ECDlgImportSes@@UAEPAXI@Z 005933d0 f i DlgImportSes.obj
 0002:00051440       ??1CDlgImportSes@@UAE@XZ   00593440 f   DlgImportSes.obj
 0002:00051570       ?DoDataExchange@CDlgImportSes@@MAEXPAVCDataExchange@@@Z 00593570 f   DlgImportSes.obj
 0002:00051870       ?GetMessageMap@CDlgImportSes@@MBEPBUAFX_MSGMAP@@XZ 00593870 f   DlgImportSes.obj
 0002:000518c0       ?GetThisMessageMap@CDlgImportSes@@KGPBUAFX_MSGMAP@@XZ 005938c0 f   DlgImportSes.obj
 0002:00051900       ?Initialize@CDlgImportSes@@QAEXPAV?$CStringT@DV?$StrTraitMFC_DLL@DV?$ChTraitsCRT@D@ATL@@@@@ATL@@0PAVCFreePcbDoc@@@Z 00593900 f   DlgImportSes.obj
 0002:000519b0       ?OnBnClickedButtonDef@CDlgImportSes@@QAEXXZ 005939b0 f   DlgImportSes.obj
 0002:00051a50       ?OnBnClickedButtonBrowse@CDlgImportSes@@QAEXXZ 00593a50 f   DlgImportSes.obj
 0002:00051bf0       ?_GetBaseClass@CDlgIndexing@@KGPAUCRuntimeClass@@XZ 00593bf0 f   DlgIndexing.obj
 0002:00051c40       ?GetThisClass@CDlgIndexing@@SGPAUCRuntimeClass@@XZ 00593c40 f   DlgIndexing.obj
 0002:00051c80       ?GetRuntimeClass@CDlgIndexing@@UBEPAUCRuntimeClass@@XZ 00593c80 f   DlgIndexing.obj
 0002:00051cc0       ??0CDlgIndexing@@QAE@PAVCWnd@@@Z 00593cc0 f   DlgIndexing.obj
 0002:00051d30       ??_ECDlgIndexing@@UAEPAXI@Z 00593d30 f i DlgIndexing.obj
 0002:00051d30       ??_GCDlgIndexing@@UAEPAXI@Z 00593d30 f i DlgIndexing.obj
 0002:00051da0       ??1CDlgIndexing@@UAE@XZ    00593da0 f   DlgIndexing.obj
 0002:00051e00       ?DoDataExchange@CDlgIndexing@@MAEXPAVCDataExchange@@@Z 00593e00 f   DlgIndexing.obj
 0002:00051e60       ?GetMessageMap@CDlgIndexing@@MBEPBUAFX_MSGMAP@@XZ 00593e60 f   DlgIndexing.obj
 0002:00051eb0       ?GetThisMessageMap@CDlgIndexing@@KGPBUAFX_MSGMAP@@XZ 00593eb0 f   DlgIndexing.obj
 0002:00051ef0       ??0CivexDlg@@QAE@PAVCWnd@@@Z 00593ef0 f   DlgIvex.obj
 0002:00052050       ??_GCivexDlg@@UAEPAXI@Z    00594050 f i DlgIvex.obj
 0002:00052050       ??_ECivexDlg@@UAEPAXI@Z    00594050 f i DlgIvex.obj
 0002:000520c0       ??1CivexDlg@@UAE@XZ        005940c0 f i DlgIvex.obj
 0002:000521e0       ?DoDataExchange@CivexDlg@@MAEXPAVCDataExchange@@@Z 005941e0 f   DlgIvex.obj
 0002:00052290       ?GetMessageMap@CivexDlg@@MBEPBUAFX_MSGMAP@@XZ 00594290 f   DlgIvex.obj
 0002:000522e0       ?GetThisMessageMap@CivexDlg@@KGPBUAFX_MSGMAP@@XZ 005942e0 f   DlgIvex.obj
 0002:00052320       ?OnInitDialog@CivexDlg@@MAEHXZ 00594320 f   DlgIvex.obj
 0002:00052380       ?OnSysCommand@CivexDlg@@IAEXIJ@Z 00594380 f   DlgIvex.obj
 0002:000523e0       ?OnPaint@CivexDlg@@IAEXXZ  005943e0 f   DlgIvex.obj
 0002:000525e0       ?OnQueryDragIcon@CivexDlg@@IAEPAUHICON__@@XZ 005945e0 f   DlgIvex.obj
 0002:00052620       ?OnBnClickedButtonInfile@CivexDlg@@QAEXXZ 00594620 f   DlgIvex.obj
 0002:00052950       ?OnBnClickedButtonOutfile@CivexDlg@@QAEXXZ 00594950 f   DlgIvex.obj
 0002:00052990       ?OnEnChangeEditInfile@CivexDlg@@QAEXXZ 00594990 f   DlgIvex.obj
 0002:000529d0       ?OnEnChangeEditOutfile@CivexDlg@@QAEXXZ 005949d0 f   DlgIvex.obj
 0002:00052a10       ?OnBnClickedConvert@CivexDlg@@QAEXXZ 00594a10 f   DlgIvex.obj
 0002:00053010       ?_GetBaseClass@CDlgLayers@@KGPAUCRuntimeClass@@XZ 00595010 f   DlgLayers.obj
 0002:00053060       ?GetThisClass@CDlgLayers@@SGPAUCRuntimeClass@@XZ 00595060 f   DlgLayers.obj
 0002:000530a0       ?GetRuntimeClass@CDlgLayers@@UBEPAUCRuntimeClass@@XZ 005950a0 f   DlgLayers.obj
 0002:000530e0       ??0CDlgLayers@@QAE@PAVCWnd@@@Z 005950e0 f   DlgLayers.obj
 0002:000531b0       ??_ECDlgLayers@@UAEPAXI@Z  005951b0 f i DlgLayers.obj
 0002:000531b0       ??_GCDlgLayers@@UAEPAXI@Z  005951b0 f i DlgLayers.obj
 0002:00053220       ??1CDlgLayers@@UAE@XZ      00595220 f   DlgLayers.obj
 0002:000532e0       ?DoDataExchange@CDlgLayers@@MAEXPAVCDataExchange@@@Z 005952e0 f   DlgLayers.obj
 0002:000534b0       ?GetMessageMap@CDlgLayers@@MBEPBUAFX_MSGMAP@@XZ 005954b0 f   DlgLayers.obj
 0002:00053500       ?GetThisMessageMap@CDlgLayers@@KGPBUAFX_MSGMAP@@XZ 00595500 f   DlgLayers.obj
 0002:00053540       ?Initialize@CDlgLayers@@QAEXHQAHQAY02HH@Z 00595540 f   DlgLayers.obj
 0002:00053660       ?OnCtlColor@CDlgLayers@@QAEPAUHBRUSH__@@PAVCDC@@PAVCWnd@@I@Z 00595660 f   DlgLayers.obj
 0002:00053810       ?OnBnClickedButtonLayer1@CDlgLayers@@QAEXXZ 00595810 f   DlgLayers.obj
 0002:00053870       ?OnBnClickedButtonLayer2@CDlgLayers@@QAEXXZ 00595870 f   DlgLayers.obj
 0002:000538d0       ?OnBnClickedButtonLayer3@CDlgLayers@@QAEXXZ 005958d0 f   DlgLayers.obj
 0002:00053930       ?OnBnClickedButtonLayer4@CDlgLayers@@QAEXXZ 00595930 f   DlgLayers.obj
 0002:00053990       ?OnBnClickedButtonLayer5@CDlgLayers@@QAEXXZ 00595990 f   DlgLayers.obj
 0002:000539f0       ?OnBnClickedButtonLayer6@CDlgLayers@@QAEXXZ 005959f0 f   DlgLayers.obj
 0002:00053a50       ?OnBnClickedButtonLayer7@CDlgLayers@@QAEXXZ 00595a50 f   DlgLayers.obj
 0002:00053ab0       ?OnBnClickedButtonLayer8@CDlgLayers@@QAEXXZ 00595ab0 f   DlgLayers.obj
 0002:00053b10       ?OnBnClickedButtonLayer9@CDlgLayers@@QAEXXZ 00595b10 f   DlgLayers.obj
 0002:00053b70       ?OnBnClickedButtonLayer10@CDlgLayers@@QAEXXZ 00595b70 f   DlgLayers.obj
 0002:00053bd0       ?OnBnClickedButtonLayer11@CDlgLayers@@QAEXXZ 00595bd0 f   DlgLayers.obj
 0002:00053c30       ?OnBnClickedButtonLayer12@CDlgLayers@@QAEXXZ 00595c30 f   DlgLayers.obj
 0002:00053c90       ?OnBnClickedButtonLayer13@CDlgLayers@@QAEXXZ 00595c90 f   DlgLayers.obj
 0002:00053cf0       ?OnBnClickedButtonLayer14@CDlgLayers@@QAEXXZ 00595cf0 f   DlgLayers.obj
 0002:00053d50       ?OnBnClickedButtonLayer15@CDlgLayers@@QAEXXZ 00595d50 f   DlgLayers.obj
 0002:00053db0       ?OnBnClickedButtonLayer16@CDlgLayers@@QAEXXZ 00595db0 f   DlgLayers.obj
 0002:00053e10       ?OnBnClickedButtonLayer17@CDlgLayers@@QAEXXZ 00595e10 f   DlgLayers.obj
 0002:00053e70       ?OnBnClickedButtonLayer18@CDlgLayers@@QAEXXZ 00595e70 f   DlgLayers.obj
 0002:00053ed0       ?OnBnClickedButtonLayer19@CDlgLayers@@QAEXXZ 00595ed0 f   DlgLayers.obj
 0002:00053f30       ?OnBnClickedButtonLayer20@CDlgLayers@@QAEXXZ 00595f30 f   DlgLayers.obj
 0002:00053f90       ?OnBnClickedButtonLayer21@CDlgLayers@@QAEXXZ 00595f90 f   DlgLayers.obj
 0002:00053ff0       ?OnBnClickedButtonLayer22@CDlgLayers@@QAEXXZ 00595ff0 f   DlgLayers.obj
 0002:00054050       ?OnBnClickedButtonLayer23@CDlgLayers@@QAEXXZ 00596050 f   DlgLayers.obj
 0002:000540b0       ?OnBnClickedButtonLayer24@CDlgLayers@@QAEXXZ 005960b0 f   DlgLayers.obj
 0002:00054110       ?OnBnClickedButtonLayer25@CDlgLayers@@QAEXXZ 00596110 f   DlgLayers.obj
 0002:00054170       ?OnBnClickedButtonLayer26@CDlgLayers@@QAEXXZ 00596170 f   DlgLayers.obj
 0002:000541d0       ?OnBnClickedButtonLayer27@CDlgLayers@@QAEXXZ 005961d0 f   DlgLayers.obj
 0002:00054230       ?OnBnClickedButtonLayer28@CDlgLayers@@QAEXXZ 00596230 f   DlgLayers.obj
 0002:00054290       ?OnBnClickedButtonLayer29@CDlgLayers@@QAEXXZ 00596290 f   DlgLayers.obj
 0002:000542f0       ?OnBnClickedButtonLayer30@CDlgLayers@@QAEXXZ 005962f0 f   DlgLayers.obj
 0002:00054350       ?OnBnClickedButtonLayer31@CDlgLayers@@QAEXXZ 00596350 f   DlgLayers.obj
 0002:000543b0       ?EditColor@CDlgLayers@@QAEXH@Z 005963b0 f   DlgLayers.obj
 0002:000545a0       ??1CColorDialog@@UAE@XZ    005965a0 f i DlgLayers.obj
 0002:000545f0       ??1CCommonDialog@@UAE@XZ   005965f0 f i DlgLayers.obj
 0002:00054650       ??_GCCommonDialog@@UAEPAXI@Z 00596650 f i DlgLayers.obj
 0002:00054650       ??_ECCommonDialog@@UAEPAXI@Z 00596650 f i DlgLayers.obj
 0002:000546c0       _cpdf_getCurrentTextX      005966c0 f   DlgLibraryManager.obj
 0002:00054720       _cpdf_getCurrentTextY      00596720 f   DlgLibraryManager.obj
 0002:00054780       ?_GetBaseClass@CDlgLibraryManager@@KGPAUCRuntimeClass@@XZ 00596780 f   DlgLibraryManager.obj
 0002:000547d0       ?GetThisClass@CDlgLibraryManager@@SGPAUCRuntimeClass@@XZ 005967d0 f   DlgLibraryManager.obj
 0002:00054810       ?GetRuntimeClass@CDlgLibraryManager@@UBEPAUCRuntimeClass@@XZ 00596810 f   DlgLibraryManager.obj
 0002:00054850       ??0CDlgLibraryManager@@QAE@PAVCWnd@@@Z 00596850 f   DlgLibraryManager.obj
 0002:00054960       ??_GCDlgLibraryManager@@UAEPAXI@Z 00596960 f i DlgLibraryManager.obj
 0002:00054960       ??_ECDlgLibraryManager@@UAEPAXI@Z 00596960 f i DlgLibraryManager.obj
 0002:000549d0       ??1CDlgLibraryManager@@UAE@XZ 005969d0 f   DlgLibraryManager.obj
 0002:00054ad0       ?DoDataExchange@CDlgLibraryManager@@MAEXPAVCDataExchange@@@Z 00596ad0 f   DlgLibraryManager.obj
 0002:00054e60       ?GetMessageMap@CDlgLibraryManager@@MBEPBUAFX_MSGMAP@@XZ 00596e60 f   DlgLibraryManager.obj
 0002:00054eb0       ?GetThisMessageMap@CDlgLibraryManager@@KGPBUAFX_MSGMAP@@XZ 00596eb0 f   DlgLibraryManager.obj
 0002:00054ef0       ?OnBnClickedButtonMakePdf@CDlgLibraryManager@@QAEXXZ 00596ef0 f   DlgLibraryManager.obj
 0002:0005dd90       ?abs@@YANN@Z               0059fd90 f i DlgLibraryManager.obj
 0002:0005ddf0       ?Initialize@CDlgLibraryManager@@QAEXPAVCFootLibFolderMap@@PAVCDlgLog@@@Z 0059fdf0 f   DlgLibraryManager.obj
 0002:0005de50       ?OnBnClickedButtonMgrBrowse@CDlgLibraryManager@@QAEXXZ 0059fe50 f   DlgLibraryManager.obj
 0002:0005e1a0       ?RemoveAt@?$CArray@HABH@@QAEXHH@Z 005a01a0 f i DlgLibraryManager.obj
 0002:0005e350       ??A?$CArray@PAVCText@@ABQAV1@@@QAEAAPAVCText@@H@Z 005a0350 f i DlgLibraryManager.obj
 0002:0005e3b0       ??A?$CArray@VCPolyLine@@ABV1@@@QAEAAVCPolyLine@@H@Z 005a03b0 f i DlgLibraryManager.obj
 0002:0005e410       ?ElementAt@?$CArray@PAVCText@@ABQAV1@@@QAEAAPAVCText@@H@Z 005a0410 f i DlgLibraryManager.obj
 0002:0005e4c0       ?ElementAt@?$CArray@VCPolyLine@@ABV1@@@QAEAAVCPolyLine@@H@Z 005a04c0 f i DlgLibraryManager.obj
 0002:0005e570       ??0?$CArray@HABH@@QAE@XZ   005a0570 f i DlgLibraryManager.obj
 0002:0005e600       ?Add@?$CArray@HABH@@QAEHABH@Z 005a0600 f i DlgLibraryManager.obj
 0002:0005e670       ??1?$CArray@HABH@@UAE@XZ   005a0670 f i DlgLibraryManager.obj
 0002:0005e780       ?Serialize@?$CArray@HABH@@UAEXAAVCArchive@@@Z 005a0780 f i DlgLibraryManager.obj
 0002:0005e850       ?SetSize@?$CArray@HABH@@QAEXHH@Z 005a0850 f i DlgLibraryManager.obj
 0002:0005ede0       ?Dump@?$CArray@HABH@@UBEXAAVCDumpContext@@@Z 005a0de0 f i DlgLibraryManager.obj
 0002:0005eec0       ?AssertValid@?$CArray@HABH@@UBEXXZ 005a0ec0 f i DlgLibraryManager.obj
 0002:0005f020       ?GetSize@?$CArray@PAVCText@@ABQAV1@@@QBEHXZ 005a1020 f i DlgLibraryManager.obj
 0002:0005f060       ??_G?$CArray@HABH@@UAEPAXI@Z 005a1060 f i DlgLibraryManager.obj
 0002:0005f060       ??_E?$CArray@HABH@@UAEPAXI@Z 005a1060 f i DlgLibraryManager.obj
 0002:0005f0d0       ?SetAtGrow@?$CArray@HABH@@QAEXHABH@Z 005a10d0 f i DlgLibraryManager.obj
 0002:0005f1a0       ?_GetBaseClass@CDlgLog@@KGPAUCRuntimeClass@@XZ 005a11a0 f   DlgLog.obj
 0002:0005f1f0       ?GetThisClass@CDlgLog@@SGPAUCRuntimeClass@@XZ 005a11f0 f   DlgLog.obj
 0002:0005f230       ?GetRuntimeClass@CDlgLog@@UBEPAUCRuntimeClass@@XZ 005a1230 f   DlgLog.obj
 0002:0005f270       ??0CDlgLog@@QAE@PAVCWnd@@@Z 005a1270 f   DlgLog.obj
 0002:0005f350       ??_ECDlgLog@@UAEPAXI@Z     005a1350 f i DlgLog.obj
 0002:0005f350       ??_GCDlgLog@@UAEPAXI@Z     005a1350 f i DlgLog.obj
 0002:0005f3c0       ??1CDlgLog@@UAE@XZ         005a13c0 f   DlgLog.obj
 0002:0005f480       ?DoDataExchange@CDlgLog@@MAEXPAVCDataExchange@@@Z 005a1480 f   DlgLog.obj
 0002:0005f520       ?GetMessageMap@CDlgLog@@MBEPBUAFX_MSGMAP@@XZ 005a1520 f   DlgLog.obj
 0002:0005f570       ?GetThisMessageMap@CDlgLog@@KGPBUAFX_MSGMAP@@XZ 005a1570 f   DlgLog.obj
 0002:0005f5b0       ?Move@CDlgLog@@QAEXHH@Z    005a15b0 f   DlgLog.obj
 0002:0005f690       ?Clear@CDlgLog@@QAEXXZ     005a1690 f   DlgLog.obj
 0002:0005f710       ?AddLine@CDlgLog@@QAEXPBD@Z 005a1710 f   DlgLog.obj
 0002:0005f770       ?OnBnClickedOk@CDlgLog@@QAEXXZ 005a1770 f   DlgLog.obj
 0002:0005f800       ?OnSetCursor@CDlgLog@@QAEHPAVCWnd@@II@Z 005a1800 f   DlgLog.obj
 0002:0005f890       ?OnBnClickedHideMe@CDlgLog@@QAEXXZ 005a1890 f   DlgLog.obj
 0002:0005f8f0       ?_GetBaseClass@CDlgMoveOrigin@@KGPAUCRuntimeClass@@XZ 005a18f0 f   DlgMoveOrigin.obj
 0002:0005f940       ?GetThisClass@CDlgMoveOrigin@@SGPAUCRuntimeClass@@XZ 005a1940 f   DlgMoveOrigin.obj
 0002:0005f980       ?GetRuntimeClass@CDlgMoveOrigin@@UBEPAUCRuntimeClass@@XZ 005a1980 f   DlgMoveOrigin.obj
 0002:0005f9c0       ??0CDlgMoveOrigin@@QAE@PAVCWnd@@@Z 005a19c0 f   DlgMoveOrigin.obj
 0002:0005fae0       ??_ECDlgMoveOrigin@@UAEPAXI@Z 005a1ae0 f i DlgMoveOrigin.obj
 0002:0005fae0       ??_GCDlgMoveOrigin@@UAEPAXI@Z 005a1ae0 f i DlgMoveOrigin.obj
 0002:0005fb50       ??1CDlgMoveOrigin@@UAE@XZ  005a1b50 f   DlgMoveOrigin.obj
 0002:0005fc60       ?DoDataExchange@CDlgMoveOrigin@@MAEXPAVCDataExchange@@@Z 005a1c60 f   DlgMoveOrigin.obj
 0002:0005fdc0       ?GetMessageMap@CDlgMoveOrigin@@MBEPBUAFX_MSGMAP@@XZ 005a1dc0 f   DlgMoveOrigin.obj
 0002:0005fe10       ?GetThisMessageMap@CDlgMoveOrigin@@KGPBUAFX_MSGMAP@@XZ 005a1e10 f   DlgMoveOrigin.obj
 0002:0005fe50       ?Initialize@CDlgMoveOrigin@@QAEXH@Z 005a1e50 f   DlgMoveOrigin.obj
 0002:0005fec0       ?GetFields@CDlgMoveOrigin@@QAEXXZ 005a1ec0 f   DlgMoveOrigin.obj
 0002:000600b0       ?SetFields@CDlgMoveOrigin@@QAEXXZ 005a20b0 f   DlgMoveOrigin.obj
 0002:00060390       ?OnCbnSelchangeUnits@CDlgMoveOrigin@@QAEXXZ 005a2390 f   DlgMoveOrigin.obj
 0002:000603f0       ?OnBnClickedDrag@CDlgMoveOrigin@@QAEXXZ 005a23f0 f   DlgMoveOrigin.obj
 0002:00060450       ?OnBnClickedSet@CDlgMoveOrigin@@QAEXXZ 005a2450 f   DlgMoveOrigin.obj
 0002:000604b0       ?_GetBaseClass@CDlgMyMessageBox@@KGPAUCRuntimeClass@@XZ 005a24b0 f   DlgMyMessageBox.obj
 0002:00060500       ?GetThisClass@CDlgMyMessageBox@@SGPAUCRuntimeClass@@XZ 005a2500 f   DlgMyMessageBox.obj
 0002:00060540       ?GetRuntimeClass@CDlgMyMessageBox@@UBEPAUCRuntimeClass@@XZ 005a2540 f   DlgMyMessageBox.obj
 0002:00060580       ??0CDlgMyMessageBox@@QAE@PAVCWnd@@@Z 005a2580 f   DlgMyMessageBox.obj
 0002:00060680       ??_ECDlgMyMessageBox@@UAEPAXI@Z 005a2680 f i DlgMyMessageBox.obj
 0002:00060680       ??_GCDlgMyMessageBox@@UAEPAXI@Z 005a2680 f i DlgMyMessageBox.obj
[...]
 0005:000022e0       __imp_?EndModalState@CWnd@@UAEXXZ 009592e0     mfc100d:mfc100d.dll
 0005:000022e4       __imp_?BeginModalState@CWnd@@UAEXXZ 009592e4     mfc100d:mfc100d.dll
 0005:000022e8       __imp_?GetSuperWndProcAddr@CWnd@@MAEPAP6GJPAUHWND__@@IIJ@ZXZ 009592e8     mfc100d:mfc100d.dll
 0005:000022ec       __imp_?OnNotify@CWnd@@MAEHIJPAJ@Z 009592ec     mfc100d:mfc100d.dll
 0005:000022f0       __imp_?OnCommand@CWnd@@MAEHIJ@Z 009592f0     mfc100d:mfc100d.dll
 0005:000022f4       __imp_?CreateAccessibleProxy@CWnd@@UAEJIJPAJ@Z 009592f4     mfc100d:mfc100d.dll
 0005:000022f8       __imp_?SetProxy@CWnd@@UAEJPAUIAccessibleProxy@@@Z 009592f8     mfc100d:mfc100d.dll
 0005:000022fc       __imp_?put_accValue@CWnd@@UAEJUtagVARIANT@@PA_W@Z 009592fc     mfc100d:mfc100d.dll
 0005:00002300       __imp_?put_accName@CWnd@@UAEJUtagVARIANT@@PA_W@Z 00959300     mfc100d:mfc100d.dll
 0005:00002304       __imp_?accDoDefaultAction@CWnd@@UAEJUtagVARIANT@@@Z 00959304     mfc100d:mfc100d.dll
 0005:00002308       __imp_?accHitTest@CWnd@@UAEJJJPAUtagVARIANT@@@Z 00959308     mfc100d:mfc100d.dll
 0005:0000230c       __imp_?accNavigate@CWnd@@UAEJJUtagVARIANT@@PAU2@@Z 0095930c     mfc100d:mfc100d.dll
 0005:00002310       __imp_?accLocation@CWnd@@UAEJPAJ000UtagVARIANT@@@Z 00959310     mfc100d:mfc100d.dll
 0005:00002314       __imp_?accSelect@CWnd@@UAEJJUtagVARIANT@@@Z 00959314     mfc100d:mfc100d.dll
 0005:00002318       __imp_?get_accDefaultAction@CWnd@@UAEJUtagVARIANT@@PAPA_W@Z 00959318     mfc100d:mfc100d.dll
 0005:0000231c       __imp_?get_accSelection@CWnd@@UAEJPAUtagVARIANT@@@Z 0095931c     mfc100d:mfc100d.dll
 0005:00002320       __imp_?get_accFocus@CWnd@@UAEJPAUtagVARIANT@@@Z 00959320     mfc100d:mfc100d.dll
 0005:00002324       __imp_?get_accKeyboardShortcut@CWnd@@UAEJUtagVARIANT@@PAPA_W@Z 00959324     mfc100d:mfc100d.dll
 0005:00002328       __imp_?get_accHelpTopic@CWnd@@UAEJPAPA_WUtagVARIANT@@PAJ@Z 00959328     mfc100d:mfc100d.dll
 0005:0000232c       __imp_?get_accHelp@CWnd@@UAEJUtagVARIANT@@PAPA_W@Z 0095932c     mfc100d:mfc100d.dll
 0005:00002330       __imp_?get_accState@CWnd@@UAEJUtagVARIANT@@PAU2@@Z 00959330     mfc100d:mfc100d.dll
 0005:00002334       __imp_?get_accRole@CWnd@@UAEJUtagVARIANT@@PAU2@@Z 00959334     mfc100d:mfc100d.dll
 0005:00002338       __imp_?get_accDescription@CWnd@@UAEJUtagVARIANT@@PAPA_W@Z 00959338     mfc100d:mfc100d.dll
 0005:0000233c       __imp_?get_accValue@CWnd@@UAEJUtagVARIANT@@PAPA_W@Z 0095933c     mfc100d:mfc100d.dll
 0005:00002340       __imp_?get_accName@CWnd@@UAEJUtagVARIANT@@PAPA_W@Z 00959340     mfc100d:mfc100d.dll
 0005:00002344       __imp_?get_accChild@CWnd@@UAEJUtagVARIANT@@PAPAUIDispatch@@@Z 00959344     mfc100d:mfc100d.dll
 0005:00002348       __imp_?get_accChildCount@CWnd@@UAEJPAJ@Z 00959348     mfc100d:mfc100d.dll
 0005:0000234c       __imp_?get_accParent@CWnd@@UAEJPAPAUIDispatch@@@Z 0095934c     mfc100d:mfc100d.dll
 0005:00002350       __imp_?EnsureStdObj@CWnd@@UAEJXZ 00959350     mfc100d:mfc100d.dll
 0005:00002354       __imp_?OnDrawIconicThumbnailOrLivePreview@CWnd@@UAEXAAVCDC@@VCRect@@VCSize@@HAAH@Z 00959354     mfc100d:mfc100d.dll
 0005:00002358       __imp_?EndModalLoop@CWnd@@UAEXH@Z 00959358     mfc100d:mfc100d.dll
 0005:0000235c       __imp_?ContinueModal@CWnd@@UAEHXZ 0095935c     mfc100d:mfc100d.dll
 0005:00002360       __imp_?WinHelpInternal@CWnd@@UAEXKI@Z 00959360     mfc100d:mfc100d.dll
 0005:00002364       __imp_?HtmlHelpA@CWnd@@UAEXKI@Z 00959364     mfc100d:mfc100d.dll
 0005:00002368       __imp_?WinHelpA@CWnd@@UAEXKI@Z 00959368     mfc100d:mfc100d.dll
 0005:0000236c       __imp_?GetScrollBarCtrl@CWnd@@UBEPAVCScrollBar@@H@Z 0095936c     mfc100d:mfc100d.dll
 0005:00002370       __imp_?OnToolHitTest@CWnd@@UBEHVCPoint@@PAUtagTOOLINFOA@@@Z 00959370     mfc100d:mfc100d.dll
 0005:00002374       __imp_?SetMenu@CWnd@@UAEHPAVCMenu@@@Z 00959374     mfc100d:mfc100d.dll
 0005:00002378       __imp_?GetMenu@CWnd@@UBEPAVCMenu@@XZ 00959378     mfc100d:mfc100d.dll
 0005:0000237c       __imp_?CalcWindowRect@CWnd@@UAEXPAUtagRECT@@I@Z 0095937c     mfc100d:mfc100d.dll
 0005:00002380       __imp_?PreCreateWindow@CWnd@@UAEHAAUtagCREATESTRUCTA@@@Z 00959380     mfc100d:mfc100d.dll
 0005:00002384       __imp_?DestroyWindow@CWnd@@UAEHXZ 00959384     mfc100d:mfc100d.dll
 0005:00002388       __imp_?CreateEx@CWnd@@UAEHKPBD0KHHHHPAUHWND__@@PAUHMENU__@@PAX@Z 00959388     mfc100d:mfc100d.dll
 0005:0000238c       __imp_?CreateEx@CWnd@@UAEHKPBD0KABUtagRECT@@PAV1@IPAX@Z 0095938c     mfc100d:mfc100d.dll
 0005:00002390       __imp_?Create@CWnd@@UAEHPBD0KABUtagRECT@@PAV1@IPAUCCreateContext@@@Z 00959390     mfc100d:mfc100d.dll
 0005:00002394       __imp_?PreSubclassWindow@CWnd@@UAEXXZ 00959394     mfc100d:mfc100d.dll
 0005:00002398       __imp_?GetConnectionHook@CCmdTarget@@MAEPAUIConnectionPoint@@ABU_GUID@@@Z 00959398     mfc100d:mfc100d.dll
 0005:0000239c       __imp_?GetExtraConnectionPoints@CCmdTarget@@MAEHPAVCPtrArray@@@Z 0095939c     mfc100d:mfc100d.dll
 0005:000023a0       __imp_?GetInterfaceHook@CCmdTarget@@UAEPAUIUnknown@@PBX@Z 009593a0     mfc100d:mfc100d.dll
 0005:000023a4       __imp_?OnCreateAggregates@CCmdTarget@@UAEHXZ 009593a4     mfc100d:mfc100d.dll
 0005:000023a8       __imp_?GetEventSinkMap@CCmdTarget@@MBEPBUAFX_EVENTSINKMAP@@XZ 009593a8     mfc100d:mfc100d.dll
 0005:000023ac       __imp_?GetInterfaceMap@CWnd@@MBEPBUAFX_INTERFACEMAP@@XZ 009593ac     mfc100d:mfc100d.dll
 0005:000023b0       __imp_?GetConnectionMap@CCmdTarget@@MBEPBUAFX_CONNECTIONMAP@@XZ 009593b0     mfc100d:mfc100d.dll
 0005:000023b4       __imp_?GetDispatchMap@CCmdTarget@@MBEPBUAFX_DISPMAP@@XZ 009593b4     mfc100d:mfc100d.dll
 0005:000023b8       __imp_?GetCommandMap@CCmdTarget@@MBEPBUAFX_OLECMDMAP@@XZ 009593b8     mfc100d:mfc100d.dll
 0005:000023bc       __imp_?GetTypeLib@CCmdTarget@@UAEJKPAPAUITypeLib@@@Z 009593bc     mfc100d:mfc100d.dll
 0005:000023c0       __imp_?GetTypeLibCache@CCmdTarget@@UAEPAVCTypeLibCache@@XZ 009593c0     mfc100d:mfc100d.dll
 0005:000023c4       __imp_?GetTypeInfoCount@CCmdTarget@@UAEIXZ 009593c4     mfc100d:mfc100d.dll
 0005:000023c8       __imp_?GetDispatchIID@CCmdTarget@@UAEHPAU_GUID@@@Z 009593c8     mfc100d:mfc100d.dll
 0005:000023cc       __imp_?IsInvokeAllowed@CCmdTarget@@UAEHJ@Z 009593cc     mfc100d:mfc100d.dll
 0005:000023d0       __imp_?OnFinalRelease@CWnd@@UAEXXZ 009593d0     mfc100d:mfc100d.dll
 0005:000023d4       __imp_?OnCmdMsg@CDialog@@UAEHIHPAXPAUAFX_CMDHANDLERINFO@@@Z 009593d4     mfc100d:mfc100d.dll
 0005:000023d8       __imp_?Dump@CDialog@@UBEXAAVCDumpContext@@@Z 009593d8     mfc100d:mfc100d.dll
 0005:000023dc       __imp_?AssertValid@CDialog@@UBEXXZ 009593dc     mfc100d:mfc100d.dll
 0005:000023e0       __imp_??0CDialog@@QAE@IPAVCWnd@@@Z 009593e0     mfc100d:mfc100d.dll
 0005:000023e4       __imp_??0CComboBox@@QAE@XZ 009593e4     mfc100d:mfc100d.dll
 0005:000023e8       __imp_??0CEdit@@QAE@XZ     009593e8     mfc100d:mfc100d.dll
 0005:000023ec       __imp_??0CListBox@@QAE@XZ  009593ec     mfc100d:mfc100d.dll
 0005:000023f0       __imp_??0CButton@@QAE@XZ   009593f0     mfc100d:mfc100d.dll
 0005:000023f4       __imp_??1CDialog@@UAE@XZ   009593f4     mfc100d:mfc100d.dll
 0005:000023f8       __imp_??1CComboBox@@UAE@XZ 009593f8     mfc100d:mfc100d.dll
 0005:000023fc       __imp_??1CEdit@@UAE@XZ     009593fc     mfc100d:mfc100d.dll
 0005:00002400       __imp_??1CListBox@@UAE@XZ  00959400     mfc100d:mfc100d.dll
 0005:00002404       __imp_??1CButton@@UAE@XZ   00959404     mfc100d:mfc100d.dll
 0005:00002408       __imp_?GetThisClass@CDialog@@SGPAUCRuntimeClass@@XZ 00959408     mfc100d:mfc100d.dll
 0005:0000240c       __imp_?GetThisMessageMap@CDialog@@KGPBUAFX_MSGMAP@@XZ 0095940c     mfc100d:mfc100d.dll
 0005:00002410       __imp_?Write@CArchive@@QAEXPBXI@Z 00959410     mfc100d:mfc100d.dll
 0005:00002414       __imp_?EnsureRead@CArchive@@QAEXPAXI@Z 00959414     mfc100d:mfc100d.dll
 0005:00002418       __imp_?AfxThrowMemoryException@@YGXXZ 00959418     mfc100d:mfc100d.dll
 0005:0000241c       __imp_??_U@YAPAXIPBDH@Z    0095941c     mfc100d:mfc100d.dll
 0005:00002420       __imp_??_U@YAPAXI@Z        00959420     mfc100d:mfc100d.dll
 0005:00002424       __imp_??3CObject@@SGXPAX@Z 00959424     mfc100d:mfc100d.dll
 0005:00002428       __imp_?AssertValid@CObject@@UBEXXZ 00959428     mfc100d:mfc100d.dll
 0005:0000242c       __imp_?AfxIsValidAddress@@YGHPBXIH@Z 0095942c     mfc100d:mfc100d.dll
 0005:00002430       __imp_?Dump@CObject@@UBEXAAVCDumpContext@@@Z 00959430     mfc100d:mfc100d.dll
 0005:00002434       __imp_??6CDumpContext@@QAEAAV0@PBD@Z 00959434     mfc100d:mfc100d.dll
 0005:00002438       __imp_??6CDumpContext@@QAEAAV0@H@Z 00959438     mfc100d:mfc100d.dll
 0005:0000243c       __imp_?GetDepth@CDumpContext@@QBEHXZ 0095943c     mfc100d:mfc100d.dll
 0005:00002440       __imp_?Serialize@CObject@@UAEXAAVCArchive@@@Z 00959440     mfc100d:mfc100d.dll
 0005:00002444       __imp_?IsStoring@CArchive@@QBEHXZ 00959444     mfc100d:mfc100d.dll
 0005:00002448       __imp_?WriteCount@CArchive@@QAEXK@Z 00959448     mfc100d:mfc100d.dll
 0005:0000244c       __imp_?ReadCount@CArchive@@QAEKXZ 0095944c     mfc100d:mfc100d.dll
 0005:00002450       __imp_?AfxAssertValidObject@@YGXPBVCObject@@PBDH@Z 00959450     mfc100d:mfc100d.dll
 0005:00002454       __imp_??_V@YAXPAX@Z        00959454     mfc100d:mfc100d.dll
 0005:00002458       __imp_??1CObject@@UAE@XZ   00959458     mfc100d:mfc100d.dll
 0005:0000245c       __imp_?GetRuntimeClass@CObject@@UBEPAUCRuntimeClass@@XZ 0095945c     mfc100d:mfc100d.dll
 0005:00002460       __imp_??0CObject@@IAE@XZ   00959460     mfc100d:mfc100d.dll
 0005:00002464       __imp_?SetWindowOrg@CDC@@QAE?AVCPoint@@HH@Z 00959464     mfc100d:mfc100d.dll
 0005:00002468       __imp_?GetROP2@CDC@@QBEHXZ 00959468     mfc100d:mfc100d.dll
 0005:0000246c       __imp_??0CBrush@@QAE@K@Z   0095946c     mfc100d:mfc100d.dll
 0005:00002470       __imp_??0CPen@@QAE@HHK@Z   00959470     mfc100d:mfc100d.dll
 0005:00002474       __imp_?SelectObject@CDC@@QAEPAVCPen@@PAV2@@Z 00959474     mfc100d:mfc100d.dll
 0005:00002478       __imp_?SelectObject@CDC@@QAEPAVCBrush@@PAV2@@Z 00959478     mfc100d:mfc100d.dll
 0005:0000247c       __imp_?GetBkMode@CDC@@QBEHXZ 0095947c     mfc100d:mfc100d.dll
 0005:00002480       __imp_?Rectangle@CDC@@QAEHPBUtagRECT@@@Z 00959480     mfc100d:mfc100d.dll
 0005:00002484       __imp_?InsertColumn@CListCtrl@@QAEHHPBDHHH@Z 00959484     mfc100d:mfc100d.dll
 0005:00002488       __imp_?InsertItem@CListCtrl@@QAEHHPBD@Z 00959488     mfc100d:mfc100d.dll
 0005:0000248c       __imp_?SetItemData@CListCtrl@@QAEHHK@Z 0095948c     mfc100d:mfc100d.dll
 0005:00002490       __imp_?SetItem@CListCtrl@@QAEHHHIPBDHIIJ@Z 00959490     mfc100d:mfc100d.dll
 0005:00002494       __imp_?GetWindowRect@CWnd@@QBEXPAUtagRECT@@@Z 00959494     mfc100d:mfc100d.dll
 0005:00002498       __imp_?MoveWindow@CWnd@@QAEXHHHHH@Z 00959498     mfc100d:mfc100d.dll
 0005:0000249c       __imp_?GetItemCount@CListCtrl@@QBEHXZ 0095949c     mfc100d:mfc100d.dll
 0005:000024a0       __imp_?GetItemData@CListCtrl@@QBEKH@Z 009594a0     mfc100d:mfc100d.dll
 0005:000024a4       __imp_??0CListCtrl@@QAE@XZ 009594a4     mfc100d:mfc100d.dll
 0005:000024a8       __imp_??1CListCtrl@@UAE@XZ 009594a8     mfc100d:mfc100d.dll
 0005:000024ac       __imp_?DDX_CBIndex@@YGXPAVCDataExchange@@HAAH@Z 009594ac     mfc100d:mfc100d.dll
 0005:000024b0       __imp_?GetFocus@CWnd@@SGPAV1@XZ 009594b0     mfc100d:mfc100d.dll
 0005:000024b4       __imp_?GetLBText@CComboBox@@QBEXHAAV?$CStringT@DV?$StrTraitMFC_DLL@DV?$ChTraitsCRT@D@ATL@@@@@ATL@@@Z 009594b4     mfc100d:mfc100d.dll
 0005:000024b8       __imp_?FindString@CListBox@@QBEHHPBD@Z 009594b8     mfc100d:mfc100d.dll
 0005:000024bc       __imp_?SetSel@CListBox@@QAEHHH@Z 009594bc     mfc100d:mfc100d.dll
 0005:000024c0       __imp_?FindStringExact@CListBox@@QBEHHPBD@Z 009594c0     mfc100d:mfc100d.dll
 0005:000024c4       __imp_?AddString@CListBox@@QAEHPBD@Z 009594c4     mfc100d:mfc100d.dll
 0005:000024c8       __imp_?SetButtonStyle@CButton@@QAEXIH@Z 009594c8     mfc100d:mfc100d.dll
 0005:000024cc       __imp_?GetSelCount@CListBox@@QBEHXZ 009594cc     mfc100d:mfc100d.dll
 0005:000024d0       __imp_?GetSelItems@CListBox@@QBEHHPAH@Z 009594d0     mfc100d:mfc100d.dll
 0005:000024d4       __imp_?DeleteString@CListBox@@QAEHI@Z 009594d4     mfc100d:mfc100d.dll
 0005:000024d8       __imp_?GetState@CButton@@QBEIXZ 009594d8     mfc100d:mfc100d.dll
 0005:000024dc       __imp_?GetText@CListBox@@QBEXHAAV?$CStringT@DV?$StrTraitMFC_DLL@DV?$ChTraitsCRT@D@ATL@@@@@ATL@@@Z 009594dc     mfc100d:mfc100d.dll
 0005:000024e0       __imp_?ReverseFind@?$CStringT@DV?$StrTraitMFC_DLL@DV?$ChTraitsCRT@D@ATL@@@@@ATL@@QBEHD@Z 009594e0     mfc100d:mfc100d.dll
 0005:000024e4       __imp_??0CStdioFile@@QAE@XZ 009594e4     mfc100d:mfc100d.dll
 0005:000024e8       __imp_?Open@CStdioFile@@UAEHPBDIPAVCFileException@@@Z 009594e8     mfc100d:mfc100d.dll
 0005:000024ec       __imp_?Close@CStdioFile@@UAEXXZ 009594ec     mfc100d:mfc100d.dll
 0005:000024f0       __imp_??1CStdioFile@@UAE@XZ 009594f0     mfc100d:mfc100d.dll
 0005:000024f4       __imp_?WriteString@CStdioFile@@UAEXPBD@Z 009594f4     mfc100d:mfc100d.dll
 0005:000024f8       __imp_?MakeLower@?$CStringT@DV?$StrTraitMFC_DLL@DV?$ChTraitsCRT@D@ATL@@@@@ATL@@QAEAAV12@XZ 009594f8     mfc100d:mfc100d.dll
 0005:000024fc       __imp_?DDX_Text@@YGXPAVCDataExchange@@HAAH@Z 009594fc     mfc100d:mfc100d.dll
 0005:00002500       __imp_?DDV_MinMaxUInt@@YGXPAVCDataExchange@@III@Z 00959500     mfc100d:mfc100d.dll
 0005:00002504       __imp_?StringLength@?$CSimpleStringT@D$00@ATL@@SAHPBD@Z 00959504     mfc100d:mfc100d.dll
 0005:00002508       __imp_?DDX_CBString@@YGXPAVCDataExchange@@HAAV?$CStringT@DV?$StrTraitMFC_DLL@DV?$ChTraitsCRT@D@ATL@@@@@ATL@@@Z 00959508     mfc100d:mfc100d.dll
 0005:0000250c       __imp_?DDV_MaxChars@@YGXPAVCDataExchange@@ABV?$CStringT@DV?$StrTraitMFC_DLL@DV?$ChTraitsCRT@D@ATL@@@@@ATL@@H@Z 0095950c     mfc100d:mfc100d.dll
 0005:00002510       __imp_?MoveTo@CDC@@QAE?AVCPoint@@UtagPOINT@@@Z 00959510     mfc100d:mfc100d.dll
 0005:00002514       __imp_?LineTo@CDC@@QAEHUtagPOINT@@@Z 00959514     mfc100d:mfc100d.dll
 0005:00002518       __imp_??1CPen@@UAE@XZ      00959518     mfc100d:mfc100d.dll
 0005:0000251c       __imp_?BitBlt@CDC@@QAEHHHHHPAV1@HHK@Z 0095951c     mfc100d:mfc100d.dll
 0005:00002520       __imp_?SetROP2@CDC@@QAEHH@Z 00959520     mfc100d:mfc100d.dll
 0005:00002524       __imp_?SetFocus@CWnd@@QAEPAV1@XZ 00959524     mfc100d:mfc100d.dll
 0005:00002528       __imp_?PrepareCtrl@CDataExchange@@QAEPAUHWND__@@H@Z 00959528     mfc100d:mfc100d.dll
 0005:0000252c       __imp_?DDX_Text@@YGXPAVCDataExchange@@HAAV?$CStringT@DV?$StrTraitMFC_DLL@DV?$ChTraitsCRT@D@ATL@@@@@ATL@@@Z 0095952c     mfc100d:mfc100d.dll
 0005:00002530       __imp_?Find@?$CStringT@DV?$StrTraitMFC_DLL@DV?$ChTraitsCRT@D@ATL@@@@@ATL@@QBEHDH@Z 00959530     mfc100d:mfc100d.dll
 0005:00002534       __imp_??$SerializeElements@V?$CStringT@DV?$StrTraitMFC_DLL@DV?$ChTraitsCRT@D@ATL@@@@@ATL@@@@YGXAAVCArchive@@PAV?$CStringT@DV?$StrTraitMFC_DLL@DV?$ChTraitsCRT@D@ATL@@@@@ATL@@H@Z 00959534     mfc100d:mfc100d.dll
 0005:00002538       __imp_?FindString@CComboBox@@QBEHHPBD@Z 00959538     mfc100d:mfc100d.dll
 0005:0000253c       __imp_?GetCount@CListBox@@QBEHXZ 0095953c     mfc100d:mfc100d.dll
 0005:00002540       __imp_?GetSel@CListBox@@QBEHH@Z 00959540     mfc100d:mfc100d.dll
 0005:00002544       __imp_??BCGdiObject@@QBEPAXXZ 00959544     mfc100d:mfc100d.dll
 0005:00002548       __imp_?SelectObject@CDC@@QAEPAXPAX@Z 00959548     mfc100d:mfc100d.dll
 0005:0000254c       __imp_?Ellipse@CDC@@QAEHHHHH@Z 0095954c     mfc100d:mfc100d.dll
 0005:00002550       __imp_?MoveTo@CDC@@QAE?AVCPoint@@HH@Z 00959550     mfc100d:mfc100d.dll
 0005:00002554       __imp_?LineTo@CDC@@QAEHHH@Z 00959554     mfc100d:mfc100d.dll
 0005:00002558       __imp_?Polyline@CDC@@QAEHPBUtagPOINT@@H@Z 00959558     mfc100d:mfc100d.dll
 0005:0000255c       __imp_?Rectangle@CDC@@QAEHHHHH@Z 0095955c     mfc100d:mfc100d.dll
 0005:00002560       __imp_?RoundRect@CDC@@QAEHHHHHHH@Z 00959560     mfc100d:mfc100d.dll
 0005:00002564       __imp_?Polygon@CDC@@QAEHPBUtagPOINT@@H@Z 00959564     mfc100d:mfc100d.dll
 0005:00002568       __imp_??1CBrush@@UAE@XZ    00959568     mfc100d:mfc100d.dll
 0005:0000256c       __imp_?SetPixel@CDC@@QAEKHHK@Z 0095956c     mfc100d:mfc100d.dll
 0005:00002570       __imp_??0CPen@@QAE@XZ      00959570     mfc100d:mfc100d.dll
 0005:00002574       __imp_?CreatePen@CPen@@QAEHHHK@Z 00959574     mfc100d:mfc100d.dll
 0005:00002578       __imp_?Ellipse@CDC@@QAEHPBUtagRECT@@@Z 00959578     mfc100d:mfc100d.dll
 0005:0000257c       __imp_?AfxThrowInvalidArgException@@YGXXZ 0095957c     mfc100d:mfc100d.dll
 0005:00002580       __imp_?GetHeadPosition@CPtrList@@QBEPAU__POSITION@@XZ 00959580     mfc100d:mfc100d.dll
 0005:00002584       __imp_?GetNext@CPtrList@@QAEAAPAXAAPAU__POSITION@@@Z 00959584     mfc100d:mfc100d.dll
 0005:00002588       __imp_??B?$CSimpleStringT@D$00@ATL@@QBEPBDXZ 00959588     mfc100d:mfc100d.dll
 0005:0000258c       __imp_??2@YAPAXIPBDH@Z     0095958c     mfc100d:mfc100d.dll
 0005:00002590       __imp_??4?$CStringT@DV?$StrTraitMFC_DLL@DV?$ChTraitsCRT@D@ATL@@@@@ATL@@QAEAAV01@ABV01@@Z 00959590     mfc100d:mfc100d.dll
 0005:00002594       __imp_?AddTail@CPtrList@@QAEPAU__POSITION@@PAX@Z 00959594     mfc100d:mfc100d.dll
 0005:00002598       __imp_??3@YAXPAXPBDH@Z     00959598     mfc100d:mfc100d.dll
 0005:0000259c       __imp_?Find@CPtrList@@QBEPAU__POSITION@@PAXPAU2@@Z 0095959c     mfc100d:mfc100d.dll
 0005:000025a0       __imp_?RemoveAt@CPtrList@@QAEXPAU__POSITION@@@Z 009595a0     mfc100d:mfc100d.dll
 0005:000025a4       __imp_?IsEmpty@CPtrList@@QBEHXZ 009595a4     mfc100d:mfc100d.dll
 0005:000025a8       __imp_?GetHead@CPtrList@@QAEAAPAXXZ 009595a8     mfc100d:mfc100d.dll
 0005:000025ac       __imp_?RemoveHead@CPtrList@@QAEPAXXZ 009595ac     mfc100d:mfc100d.dll
 0005:000025b0       __imp_??1CPtrList@@UAE@XZ  009595b0     mfc100d:mfc100d.dll
 0005:000025b4       __imp_??0CPtrList@@QAE@H@Z 009595b4     mfc100d:mfc100d.dll
 0005:000025b8       __imp_?GetAt@?$CSimpleStringT@D$00@ATL@@QBEDH@Z 009595b8     mfc100d:mfc100d.dll
 0005:000025bc       __imp_?GetManager@?$CStringT@DV?$StrTraitMFC_DLL@DV?$ChTraitsCRT@D@ATL@@@@@ATL@@QBEPAUIAtlStringMgr@2@XZ 009595bc     mfc100d:mfc100d.dll
 0005:000025c0       __imp_??0?$CStringT@DV?$StrTraitMFC_DLL@DV?$ChTraitsCRT@D@ATL@@@@@ATL@@QAE@PAUIAtlStringMgr@1@@Z 009595c0     mfc100d:mfc100d.dll
 0005:000025c4       __imp_?Concatenate@?$CSimpleStringT@D$00@ATL@@KAXAAV12@PBDH1H@Z 009595c4     mfc100d:mfc100d.dll
 0005:000025c8       __imp_??1CWnd@@UAE@XZ      009595c8     mfc100d:mfc100d.dll
 0005:000025cc       __imp_?ShowWindow@CWnd@@QAEHH@Z 009595cc     mfc100d:mfc100d.dll
 0005:000025d0       __imp_?UpdateWindow@CWnd@@QAEXXZ 009595d0     mfc100d:mfc100d.dll
 0005:000025d4       __imp_?BringWindowToTop@CWnd@@QAEXXZ 009595d4     mfc100d:mfc100d.dll
 0005:000025d8       __imp_?GetNextItem@CTreeCtrl@@QBEPAU_TREEITEM@@PAU2@I@Z 009595d8     mfc100d:mfc100d.dll
 0005:000025dc       __imp_?ExitHelpMode@CFrameWnd@@UAEXXZ 009595dc     mfc100d:mfc100d.dll
 0005:000025e0       __imp_?GetItemState@CTreeCtrl@@QBEIPAU_TREEITEM@@I@Z 009595e0     mfc100d:mfc100d.dll
 0005:000025e4       __imp_??0?$CStringT@DV?$StrTraitMFC_DLL@DV?$ChTraitsCRT@D@ATL@@@@@ATL@@QAE@XZ 009595e4     mfc100d:mfc100d.dll
 0005:000025e8       __imp_??1?$CStringT@DV?$StrTraitMFC_DLL@DV?$ChTraitsCRT@D@ATL@@@@@ATL@@QAE@XZ 009595e8     mfc100d:mfc100d.dll
 0005:000025ec       __imp_??3@YAXPAX@Z         009595ec     mfc100d:mfc100d.dll
 0005:000025f0       __imp_?EnableShellOpen@CWinApp@@IAEXXZ 009595f0     mfc100d:mfc100d.dll
 0005:000025f4       __imp_?AfxWinMain@@YGHPAUHINSTANCE__@@0PADH@Z 009595f4     mfc100d:mfc100d.dll
 0005:000025f8       __imp_?AfxGetModuleState@@YGPAVAFX_MODULE_STATE@@XZ 009595f8     mfc100d:mfc100d.dll
 0005:000025fc       \177mfc100d_NULL_THUNK_DATA 009595fc     mfc100d:mfc100d.dll

 entry point at        0002:0000533e

